ESP-ROM:esp32s3-20210327
Build:Mar 27 2021
rst:0x1 (POWERON),boot:0x2b (SPI_FAST_FLASH_BOOT)
SPIWP:0xee
mode:DIO, clock div:1
load:0x3fce2810,len:0x178c
load:0x403c8700,len:0x4
load:0x403c8704,len:0xcb8
load:0x403cb700,len:0x2db0
entry 0x403c8914
[0;32mI (27) boot: ESP-IDF v5.3 2nd stage bootloader[0m
[0;32mI (27) boot: compile time Mar 30 2026 12:24:05[0m
[0;32mI (27) boot: Multicore bootloader[0m
[0;32mI (30) boot: chip revision: v0.2[0m
[0;32mI (34) boot.esp32s3: Boot SPI Speed : 80MHz[0m
[0;32mI (38) boot.esp32s3: SPI Mode       : DIO[0m
[0;32mI (43) boot.esp32s3: SPI Flash Size : 16MB[0m
[0;32mI (48) boot: Enabling RNG early entropy source...[0m
[0;32mI (53) boot: Partition Table:[0m
[0;32mI (57) boot: ## Label            Usage          Type ST Offset   Length[0m
[0;32mI (64) boot:  0 nvs              WiFi data        01 02 00009000 00006000[0m
[0;32mI (72) boot:  1 otadata          OTA data         01 00 0000f000 00002000[0m
[0;32mI (79) boot:  2 phy_init         RF data          01 01 00011000 00001000[0m
[0;32mI (87) boot:  3 ota_0            OTA app          00 10 00020000 00400000[0m
[0;32mI (94) boot:  4 ota_1            OTA app          00 11 00420000 00400000[0m
[0;32mI (102) boot:  5 assets           Unknown data     01 82 00820000 007e0000[0m
[0;32mI (109) boot: End of partition table[0m
[0;32mI (113) esp_image: segment 0: paddr=00020020 vaddr=3c0b0020 size=26068h (155752) map[0m
[0;32mI (150) esp_image: segment 1: paddr=00046090 vaddr=3fc9ab00 size=04dcch ( 19916) load[0m
[0;32mI (154) esp_image: segment 2: paddr=0004ae64 vaddr=40374000 size=051b4h ( 20916) load[0m
[0;32mI (160) esp_image: segment 3: paddr=00050020 vaddr=42000020 size=a02c0h (656064) map[0m
[0;32mI (282) esp_image: segment 4: paddr=000f02e8 vaddr=403791b4 size=1185ch ( 71772) load[0m
[0;32mI (307) boot: Loaded app from partition at offset 0x20000[0m
[0;32mI (307) boot: Disabling RNG early entropy source...[0m
[0;32mI (319) cpu_start: Multicore app[0m
[0;32mI (328) cpu_start: Pro cpu start user code[0m
[0;32mI (328) cpu_start: cpu freq: 160000000 Hz[0m
[0;32mI (328) app_init: Application information:[0m
[0;32mI (331) app_init: Project name:     idfzk[0m
[0;32mI (336) app_init: App version:      1[0m
[0;32mI (340) app_init: Compile time:     Mar 30 2026 12:23:50[0m
[0;32mI (346) app_init: ELF file SHA256:  498cef516...[0m
[0;32mI (352) app_init: ESP-IDF:          v5.3[0m
[0;32mI (356) efuse_init: Min chip rev:     v0.0[0m
[0;32mI (361) efuse_init: Max chip rev:     v0.99 [0m
[0;32mI (366) efuse_init: Chip rev:         v0.2[0m
[0;32mI (371) heap_init: Initializing. RAM available for dynamic allocation:[0m
[0;32mI (378) heap_init: At 3FCA3B68 len 00045BA8 (278 KiB): RAM[0m
[0;32mI (384) heap_init: At 3FCE9710 len 00005724 (21 KiB): RAM[0m
[0;32mI (390) heap_init: At 3FCF0000 len 00008000 (32 KiB): DRAM[0m
[0;32mI (396) heap_init: At 600FE100 len 00001EE8 (7 KiB): RTCRAM[0m
[0;32mI (404) spi_flash: detected chip: generic[0m
[0;32mI (407) spi_flash: flash io: dio[0m
[0;32mI (412) sleep: Configure to isolate all GPIO pins in sleep state[0m
[0;32mI (418) sleep: Enable automatic switching of GPIO sleep configuration[0m
[0;32mI (426) main_task: Started on CPU0[0m
[0;32mI (456) main_task: Calling app_main()[0m
[0;32mI (456) idfzk: Initializing ESP32-S3 OLED display module[0m
[0;32mI (456) idfzk: Initializing SPIFFS...[0m
[0;32mI (916) idfzk: SPIFFS initialized successfully[0m
[0;32mI (916) idfzk: Partition size: total: 7582961, used: 4361376[0m
[0;32mI (916) idfzk: Loading font file: /spiffs/GT32L24M0140.bin[0m
[0;32mI (916) idfzk: Font file size: 4194304 bytes[0m
[0;32mI (926) idfzk: Font file loaded successfully[0m
[0;32mI (926) idfzk: Loading uni2gbk mapping file: /spiffs/uni2gbk.bin[0m
[0;32mI (1066) idfzk: Uni2gbk file size: 131072 bytes[0m
[0;32mI (1066) idfzk: Uni2gbk file loaded successfully[0m
[0;32mI (1066) idfzk: Testing font file first 16 bytes:[0m
FF FF FF FF FF FF FF FF 
FF FF FF FF FF FF FF FF 
[0;32mI (1066) idfzk: 
========== Testing uni2gbk conversion ==========[0m
[0;32mI (1076) idfzk: 江: hardcoded=0xBDAD, file=0xBDAD, PASS[0m
[0;32mI (1276) idfzk: 西: hardcoded=0xCEF7, file=0xCEF7, PASS[0m
[0;32mI (1466) idfzk: 省: hardcoded=0xCAA1, file=0xCAA1, PASS[0m
[0;32mI (1666) idfzk: 萍: hardcoded=0xC6BC, file=0xC6BC, PASS[0m
[0;32mI (1856) idfzk: 乡: hardcoded=0xCFE7, file=0xCFE7, PASS[0m
[0;32mI (2046) idfzk: 市: hardcoded=0xCAD0, file=0xCAD0, PASS[0m
[0;32mI (2246) idfzk: 胖: hardcoded=0xC5D6, file=0xC5D6, PASS[0m
[0;32mI (2436) idfzk: 达: hardcoded=0xB4EF, file=0xB4EF, PASS[0m
[0;32mI (2626) idfzk: 科: hardcoded=0xBFC6, file=0xBFC6, PASS[0m
[0;32mI (2816) idfzk: 技: hardcoded=0xBCBC, file=0xBCBC, PASS[0m
[0;32mI (3016) idfzk: 路: hardcoded=0xC2B7, file=0xC2B7, PASS[0m
[0;32mI (3206) idfzk: 明: hardcoded=0xC3F7, file=0xC3F7, PASS[0m
[0;32mI (3396) idfzk: 电: hardcoded=0xB5E7, file=0xB5E7, PASS[0m
[0;32mI (3596) idfzk: 脑: hardcoded=0xC4D4, file=0xC4D4, PASS[0m
[0;32mI (3786) idfzk: 中: hardcoded=0xD6D0, file=0xD6D0, PASS[0m
[0;32mI (3976) idfzk: 国: hardcoded=0xB9FA, file=0xB9FA, PASS[0m
[0;32mI (4166) idfzk: 人: hardcoded=0xC8CB, file=0xC8CB, PASS[0m
[0;32mI (4366) idfzk: 民: hardcoded=0xC3F1, file=0xC3F1, PASS[0m
[0;32mI (4556) idfzk: 这: hardcoded=0xD5E2, file=0xD5E2, PASS[0m
[0;32mI (4746) idfzk: 是: hardcoded=0xCAC7, file=0xCAC7, PASS[0m
[0;32mI (4946) idfzk: 第: hardcoded=0xB5DA, file=0xB5DA, PASS[0m
[0;32mI (5136) idfzk: 一: hardcoded=0xD2BB, file=0xD2BB, PASS[0m
[0;32mI (5136) idfzk: 个: hardcoded=0xB8F6, file=0xB8F6, PASS[0m
[0;32mI (5326) idfzk: 测: hardcoded=0xB2E2, file=0xB2E2, PASS[0m
[0;31mE (5456) task_wdt: Task watchdog got triggered. The following tasks/users did not reset the watchdog in time:[0m
[0;31mE (5456) task_wdt:  - IDLE0 (CPU 0)[0m
[0;31mE (5456) task_wdt: Tasks currently running:[0m
[0;31mE (5456) task_wdt: CPU 0: main[0m
[0;31mE (5456) task_wdt: CPU 1: IDLE1[0m
[0;31mE (5456) task_wdt: Print CPU 0 (current core) backtrace[0m


Backtrace: 0x420157CB:0x3FC9D230 0x42015BE8:0x3FC9D250 0x40377641:0x3FC9D280 0x400559DD:0x3FCA72D0 0x4037E143:0x3FCA72E0 0x4037683B:0x3FCA7300 0x40377EBF:0x3FCA7320 0x40378B7F:0x3FCA7340 0x40378B8A:0x3FCA7360 0x4037B415:0x3FCA7380 0x4037863F:0x3FCA73A0 0x4201473A:0x3FCA73E0 0x4200DD77:0x3FCA7410 0x4201186B:0x3FCA7440 0x4200F54D:0x3FCA7470 0x4200F983:0x3FCA74C0 0x4200E830:0x3FCA7510 0x4200DB99:0x3FCA7540 0x42009ADB:0x3FCA7560 0x42084FB5:0x3FCA7580 0x420853F5:0x3FCA75A0 0x4208483E:0x3FCA7630 0x4200ADAD:0x3FCA7650 0x4200AE2E:0x3FCA7680 0x4200B7C8:0x3FCA77D0 0x4209F3C7:0x3FCA7870 0x4037DD9D:0x3FCA78A0

[0;32mI (5596) idfzk: 试: hardcoded=0xCAF5, file=0xCAD4, FAIL[0m
[0;32mI (5786) idfzk: 我: hardcoded=0xCED2, file=0xCED2, PASS[0m
[0;32mI (5986) idfzk: 爱: hardcoded=0xB0AE, file=0xB0AE, PASS[0m
[0;32mI (6176) idfzk: 李: hardcoded=0xC0EE, file=0xC0EE, PASS[0m
[0;32mI (6366) idfzk: 美: hardcoded=0xC3C0, file=0xC3C0, PASS[0m
[0;32mI (6556) idfzk: 春: hardcoded=0xB4BA, file=0xB4BA, PASS[0m
[0;32mI (6756) idfzk: 西: hardcoded=0xCEF7, file=0xCEF7, PASS[0m
[0;32mI (6946) idfzk: 班: hardcoded=0xB0E0, file=0xB0E0, PASS[0m
[0;32mI (7136) idfzk: 牙: hardcoded=0xD1C0, file=0xD1C0, PASS[0m
[0;32mI (7336) idfzk: 王: hardcoded=0xCDF5, file=0xCDF5, PASS[0m
[0;32mI (7526) idfzk: 国: hardcoded=0xB9FA, file=0xB9FA, PASS[0m
[0;32mI (7526) idfzk: 
Test Summary: 34/35 passed[0m
[0;31mE (7526) idfzk: Some tests failed. Please check the uni2gbk.bin file or conversion logic.[0m
[0;32mI (7536) idfzk: Initializing SSD1306...[0m
[0;32mI (7536) gpio: GPIO[1]| InputEn: 0| OutputEn: 0| OpenDrain: 0| Pullup: 1| Pulldown: 0| Intr:0 [0m
[0;32mI (7546) gpio: GPIO[6]| InputEn: 0| OutputEn: 0| OpenDrain: 0| Pullup: 1| Pulldown: 0| Intr:0 [0m
[0;32mI (7556) gpio: GPIO[2]| InputEn: 0| OutputEn: 0| OpenDrain: 0| Pullup: 1| Pulldown: 0| Intr:0 [0m
[0;32mI (7666) SSD1306: SPI HOST_ID=1[0m
[0;32mI (7666) SSD1306: spi_bus_initialize=0[0m
[0;32mI (7666) SSD1306: spi_bus_add_device=0[0m
[0;32mI (7696) idfzk: SSD1306 initialized successfully[0m
[0;32mI (7736) idfzk: ========== WiFi Initialization ==========[0m
[0;32mI (7736) idfzk: Initializing WiFi...[0m
[0;32mI (7746) pp: pp rom version: e7ae62f[0m
[0;32mI (7756) net80211: net80211 rom version: e7ae62f[0m
[0;32mI (7766) wifi:wifi driver task: 3fcaf1f4, prio:23, stack:6656, core=0[0m
[0;32mI (7776) wifi:wifi firmware version: 0caa81945[0m
[0;32mI (7776) wifi:wifi certification version: v7.0[0m
[0;32mI (7776) wifi:config NVS flash: enabled[0m
[0;32mI (7776) wifi:config nano formating: disabled[0m
[0;32mI (7776) wifi:Init data frame dynamic rx buffer num: 32[0m
[0;32mI (7786) wifi:Init static rx mgmt buffer num: 5[0m
[0;32mI (7786) wifi:Init management short buffer num: 32[0m
[0;32mI (7786) wifi:Init dynamic tx buffer num: 32[0m
[0;32mI (7796) wifi:Init static tx FG buffer num: 2[0m
[0;32mI (7796) wifi:Init static rx buffer size: 1600[0m
[0;32mI (7806) wifi:Init static rx buffer num: 10[0m
[0;32mI (7806) wifi:Init dynamic rx buffer num: 32[0m
[0;32mI (7816) wifi_init: rx ba win: 6[0m
[0;32mI (7816) wifi_init: accept mbox: 6[0m
[0;32mI (7816) wifi_init: tcpip mbox: 32[0m
[0;32mI (7826) wifi_init: udp mbox: 6[0m
[0;32mI (7826) wifi_init: tcp mbox: 6[0m
[0;32mI (7826) wifi_init: tcp tx win: 5760[0m
[0;32mI (7836) wifi_init: tcp rx win: 5760[0m
[0;32mI (7836) wifi_init: tcp mss: 1440[0m
[0;32mI (7846) wifi_init: WiFi IRAM OP enabled[0m
[0;32mI (7846) wifi_init: WiFi RX IRAM OP enabled[0m
[0;32mI (7856) phy_init: phy_version 680,a6008b2,Jun  4 2024,16:41:10[0m
[0;32mI (7896) wifi:mode : sta (24:58:7c:da:36:64)[0m
[0;32mI (7896) wifi:enable tsf[0m
[0;32mI (7896) idfzk: WiFi initialized successfully[0m
[0;32mI (7896) idfzk: WiFi station started[0m
[0;32mI (8116) idfzk: gt(c1=0xCE, c2=0xB4) = 3877, offset=0x0001E4A0, base=0x00114FDE, total=0x0013347E[0m
[0;32mI (8116) idfzk: Reading character at address: 0x0013347E, size: 32 bytes[0m
[0;32mI (8246) idfzk: Original vs Converted data:[0m
01 00 01 00 01 00 3F F8  -> 80 80 88 88 88 88 88 FF 
01 00 01 00 01 00 FF FE  -> 88 88 88 88 88 80 80 00 
03 80 05 40 09 20 11 10  -> 20 20 10 08 04 02 01 FF 
21 08 C1 06 01 00 01 00  -> 01 02 04 08 10 20 20 00 
[0;32mI (8256) idfzk: Hardcoded font_pang data:[0m
00 FE 22 22 FE 44 48 50 
40 FF 40 50 48 44 00 00 
80 7F 02 82 FF 04 04 04 
04 FF 04 04 04 06 04 00 
[0;32mI (8266) idfzk: Converted character data (first 16 bytes):[0m
80 80 88 88 88 88 88 FF 
88 88 88 88 88 80 80 00 
[0;32mI (8276) idfzk: Character data (first 16 bytes):[0m
80 80 88 88 88 88 88 FF 
88 88 88 88 88 80 80 00 
... (total 32 bytes)
[0;32mI (8366) idfzk: gt(c1=0xC1, c2=0xAC) = 2647, offset=0x00014AE0, base=0x00114FDE, total=0x00129ABE[0m
[0;32mI (8366) idfzk: Reading character at address: 0x00129ABE, size: 32 bytes[0m
[0;32mI (8496) idfzk: Original vs Converted data:[0m
00 40 20 40 17 FE 10 80  -> 40 40 42 CC 00 04 44 64 
00 A0 01 20 F3 FC 10 20  -> 5C 47 F4 44 44 44 04 00 
10 20 10 20 17 FE 10 20  -> 00 40 20 1F 20 44 44 44 
10 20 28 20 47 FE 00 00  -> 44 44 7F 44 44 44 44 00 
[0;32mI (8506) idfzk: Hardcoded font_pang data:[0m
00 FE 22 22 FE 44 48 50 
40 FF 40 50 48 44 00 00 
80 7F 02 82 FF 04 04 04 
04 FF 04 04 04 06 04 00 
[0;32mI (8526) idfzk: Converted character data (first 16 bytes):[0m
40 40 42 CC 00 04 44 64 
5C 47 F4 44 44 44 04 00 
[0;32mI (8536) idfzk: Character data (first 16 bytes):[0m
40 40 42 CC 00 04 44 64 
5C 47 F4 44 44 44 04 00 
... (total 32 bytes)
[0;32mI (8626) idfzk: gt(c1=0xBD, c2=0xD3) = 2310, offset=0x000120C0, base=0x00114FDE, total=0x0012709E[0m
[0;32mI (8626) idfzk: Reading character at address: 0x0012709E, size: 32 bytes[0m
[0;32mI (8746) idfzk: Original vs Converted data:[0m
10 80 10 40 13 FC 10 00  -> 10 10 10 FF 10 50 44 54 
FD 08 10 90 17 FE 10 40  -> 65 C6 44 64 54 44 40 00 
18 40 37 FE D0 88 11 08  -> 04 44 82 7F 01 82 82 4A 
10 90 10 60 51 98 26 04  -> 56 23 22 52 4E 82 02 00 
[0;32mI (8756) idfzk: Hardcoded font_pang data:[0m
00 FE 22 22 FE 44 48 50 
40 FF 40 50 48 44 00 00 
80 7F 02 82 FF 04 04 04 
04 FF 04 04 04 06 04 00 
[0;32mI (8776) idfzk: Converted character data (first 16 bytes):[0m
10 10 10 FF 10 50 44 54 
65 C6 44 64 54 44 40 00 
[0;32mI (8786) idfzk: Character data (first 16 bytes):[0m
10 10 10 FF 10 50 44 54 
65 C6 44 64 54 44 40 00 
... (total 32 bytes)
[0;32mI (8876) idfzk: gt(c1=0xC7, c2=0xEB) = 3274, offset=0x00019940, base=0x00114FDE, total=0x0012E91E[0m
[0;32mI (8876) idfzk: Reading character at address: 0x0012E91E, size: 32 bytes[0m
[0;32mI (8996) idfzk: Original vs Converted data:[0m
00 40 40 40 27 FC 20 40  -> 40 42 CC 00 00 44 54 54 
03 F8 00 40 E7 FE 20 00  -> 54 7F 54 54 54 44 40 00 
23 F8 22 08 23 F8 22 08  -> 00 00 7F 20 10 00 FF 15 
2B F8 32 08 22 28 02 10  -> 15 15 55 95 7F 00 00 00 
[0;32mI (9016) idfzk: Hardcoded font_pang data:[0m
00 FE 22 22 FE 44 48 50 
40 FF 40 50 48 44 00 00 
80 7F 02 82 FF 04 04 04 
04 FF 04 04 04 06 04 00 
[0;32mI (9026) idfzk: Converted character data (first 16 bytes):[0m
40 42 CC 00 00 44 54 54 
54 7F 54 54 54 44 40 00 
[0;32mI (9036) idfzk: Character data (first 16 bytes):[0m
40 42 CC 00 00 44 54 54 
54 7F 54 54 54 44 40 00 
... (total 32 bytes)
[0;32mI (9126) idfzk: gt(c1=0xCA, c2=0xB9) = 3506, offset=0x0001B640, base=0x00114FDE, total=0x0013061E[0m
[0;32mI (9126) idfzk: Reading character at address: 0x0013061E, size: 32 bytes[0m
[0;32mI (9256) idfzk: Original vs Converted data:[0m
10 40 10 40 1F FE 20 40  -> 80 60 F8 07 04 E4 24 24 
20 40 67 FC 64 44 A4 44  -> 24 FF 24 24 24 E4 04 00 
27 FC 20 40 22 40 21 40  -> 00 00 FF 00 80 81 45 29 
20 80 21 40 22 30 2C 0E  -> 11 2F 41 41 81 81 80 00 
[0;32mI (9266) idfzk: Hardcoded font_pang data:[0m
00 FE 22 22 FE 44 48 50 
40 FF 40 50 48 44 00 00 
80 7F 02 82 FF 04 04 04 
04 FF 04 04 04 06 04 00 
[0;32mI (9276) idfzk: Converted character data (first 16 bytes):[0m
80 60 F8 07 04 E4 24 24 
24 FF 24 24 24 E4 04 00 
[0;32mI (9286) idfzk: Character data (first 16 bytes):[0m
80 60 F8 07 04 E4 24 24 
24 FF 24 24 24 E4 04 00 
... (total 32 bytes)
[0;32mI (9376) idfzk: gt(c1=0xD3, c2=0xC3) = 4362, offset=0x00022140, base=0x00114FDE, total=0x0013711E[0m
[0;32mI (9376) idfzk: Reading character at address: 0x0013711E, size: 32 bytes[0m
[0;32mI (9506) idfzk: Original vs Converted data:[0m
00 00 3F F8 21 08 21 08  -> 00 00 FE 22 22 22 22 FE 
21 08 3F F8 21 08 21 08  -> 22 22 22 22 FE 00 00 00 
21 08 3F F8 21 08 21 08  -> 80 60 1F 02 02 02 02 7F 
21 08 41 08 41 28 80 10  -> 02 02 42 82 7F 00 00 00 
[0;32mI (9516) idfzk: Hardcoded font_pang data:[0m
00 FE 22 22 FE 44 48 50 
40 FF 40 50 48 44 00 00 
80 7F 02 82 FF 04 04 04 
04 FF 04 04 04 06 04 00 
[0;32mI (9536) idfzk: Converted character data (first 16 bytes):[0m
00 00 FE 22 22 22 22 FE 
22 22 22 22 FE 00 00 00 
[0;32mI (9546) idfzk: Character data (first 16 bytes):[0m
00 00 FE 22 22 22 22 FE 
22 22 22 22 FE 00 00 00 
... (total 32 bytes)
[0;32mI (9656) idfzk: WiFi config loaded: SSID=YourWiFiName[0m
[0;32mI (9656) idfzk: Found WiFi config, attempting to connect...[0m
[0;32mI (9656) idfzk: Connecting to WiFi SSID: YourWiFiName[0m
[0;32mI (10966) idfzk: gt(c1=0xC1, c2=0xAC) = 2647, offset=0x00014AE0, base=0x00114FDE, total=0x00129ABE[0m
[0;32mI (10966) idfzk: Reading character at address: 0x00129ABE, size: 32 bytes[0m
[0;32mI (11096) idfzk: Original vs Converted data:[0m
00 40 20 40 17 FE 10 80  -> 40 40 42 CC 00 04 44 64 
00 A0 01 20 F3 FC 10 20  -> 5C 47 F4 44 44 44 04 00 
10 20 10 20 17 FE 10 20  -> 00 40 20 1F 20 44 44 44 
10 20 28 20 47 FE 00 00  -> 44 44 7F 44 44 44 44 00 
[0;32mI (11106) idfzk: Hardcoded font_pang data:[0m
00 FE 22 22 FE 44 48 50 
40 FF 40 50 48 44 00 00 
80 7F 02 82 FF 04 04 04 
04 FF 04 04 04 06 04 00 
[0;32mI (11126) idfzk: Converted character data (first 16 bytes):[0m
40 40 42 CC 00 04 44 64 
5C 47 F4 44 44 44 04 00 
[0;32mI (11136) idfzk: Character data (first 16 bytes):[0m
40 40 42 CC 00 04 44 64 
5C 47 F4 44 44 44 04 00 
... (total 32 bytes)
[0;32mI (11226) idfzk: gt(c1=0xBD, c2=0xD3) = 2310, offset=0x000120C0, base=0x00114FDE, total=0x0012709E[0m
[0;32mI (11226) idfzk: Reading character at address: 0x0012709E, size: 32 bytes[0m
[0;32mI (11346) idfzk: Original vs Converted data:[0m
10 80 10 40 13 FC 10 00  -> 10 10 10 FF 10 50 44 54 
FD 08 10 90 17 FE 10 40  -> 65 C6 44 64 54 44 40 00 
18 40 37 FE D0 88 11 08  -> 04 44 82 7F 01 82 82 4A 
10 90 10 60 51 98 26 04  -> 56 23 22 52 4E 82 02 00 
[0;32mI (11366) idfzk: Hardcoded font_pang data:[0m
00 FE 22 22 FE 44 48 50 
40 FF 40 50 48 44 00 00 
80 7F 02 82 FF 04 04 04 
04 FF 04 04 04 06 04 00 
[0;32mI (11376) idfzk: Converted character data (first 16 bytes):[0m
10 10 10 FF 10 50 44 54 
65 C6 44 64 54 44 40 00 
[0;32mI (11386) idfzk: Character data (first 16 bytes):[0m
10 10 10 FF 10 50 44 54 
65 C6 44 64 54 44 40 00 
... (total 32 bytes)
[0;32mI (11476) idfzk: gt(c1=0xD6, c2=0xD0) = 4657, offset=0x00024620, base=0x00114FDE, total=0x001395FE[0m
[0;32mI (11476) idfzk: Reading character at address: 0x001395FE, size: 32 bytes[0m
[0;32mI (11606) idfzk: Original vs Converted data:[0m
01 00 01 00 01 00 01 00  -> 00 00 F0 10 10 10 10 FF 
3F F8 21 08 21 08 21 08  -> 10 10 10 10 F0 00 00 00 
21 08 21 08 3F F8 21 08  -> 00 00 0F 04 04 04 04 FF 
01 00 01 00 01 00 01 00  -> 04 04 04 04 0F 00 00 00 
[0;32mI (11616) idfzk: Hardcoded font_pang data:[0m
00 FE 22 22 FE 44 48 50 
40 FF 40 50 48 44 00 00 
80 7F 02 82 FF 04 04 04 
04 FF 04 04 04 06 04 00 
[0;32mI (11636) idfzk: Converted character data (first 16 bytes):[0m
00 00 F0 10 10 10 10 FF 
10 10 10 10 F0 00 00 00 
[0;32mI (11646) idfzk: Character data (first 16 bytes):[0m
00 00 F0 10 10 10 10 FF 
10 10 10 10 F0 00 00 00 
... (total 32 bytes)
[0;32mI (11666) idfzk: Waiting for WiFi connection...[0m
[0;33mW (12166) idfzk: WiFi disconnected[0m
[0;32mI (12166) idfzk: Attempting to reconnect...[0m
[0;32mI (12766) idfzk: gt(c1=0xCE, c2=0xB4) = 3877, offset=0x0001E4A0, base=0x00114FDE, total=0x0013347E[0m
[0;32mI (12766) idfzk: Reading character at address: 0x0013347E, size: 32 bytes[0m
[0;32mI (12896) idfzk: Original vs Converted data:[0m
01 00 01 00 01 00 3F F8  -> 80 80 88 88 88 88 88 FF 
01 00 01 00 01 00 FF FE  -> 88 88 88 88 88 80 80 00 
03 80 05 40 09 20 11 10  -> 20 20 10 08 04 02 01 FF 
21 08 C1 06 01 00 01 00  -> 01 02 04 08 10 20 20 00 
[0;32mI (12906) idfzk: Hardcoded font_pang data:[0m
00 FE 22 22 FE 44 48 50 
40 FF 40 50 48 44 00 00 
80 7F 02 82 FF 04 04 04 
04 FF 04 04 04 06 04 00 
[0;32mI (12916) idfzk: Converted character data (first 16 bytes):[0m
80 80 88 88 88 88 88 FF 
88 88 88 88 88 80 80 00 
[0;32mI (12926) idfzk: Character data (first 16 bytes):[0m
80 80 88 88 88 88 88 FF 
88 88 88 88 88 80 80 00 
... (total 32 bytes)
[0;32mI (13026) idfzk: gt(c1=0xC1, c2=0xAC) = 2647, offset=0x00014AE0, base=0x00114FDE, total=0x00129ABE[0m
[0;32mI (13026) idfzk: Reading character at address: 0x00129ABE, size: 32 bytes[0m
[0;32mI (13146) idfzk: Original vs Converted data:[0m
00 40 20 40 17 FE 10 80  -> 40 40 42 CC 00 04 44 64 
00 A0 01 20 F3 FC 10 20  -> 5C 47 F4 44 44 44 04 00 
10 20 10 20 17 FE 10 20  -> 00 40 20 1F 20 44 44 44 
10 20 28 20 47 FE 00 00  -> 44 44 7F 44 44 44 44 00 
[0;32mI (13166) idfzk: Hardcoded font_pang data:[0m
00 FE 22 22 FE 44 48 50 
40 FF 40 50 48 44 00 00 
80 7F 02 82 FF 04 04 04 
04 FF 04 04 04 06 04 00 
[0;32mI (13176) idfzk: Converted character data (first 16 bytes):[0m
40 40 42 CC 00 04 44 64 
5C 47 F4 44 44 44 04 00 
[0;32mI (13186) idfzk: Character data (first 16 bytes):[0m
40 40 42 CC 00 04 44 64 
5C 47 F4 44 44 44 04 00 
... (total 32 bytes)
[0;32mI (13276) idfzk: gt(c1=0xBD, c2=0xD3) = 2310, offset=0x000120C0, base=0x00114FDE, total=0x0012709E[0m
[0;32mI (13276) idfzk: Reading character at address: 0x0012709E, size: 32 bytes[0m
[0;32mI (13406) idfzk: Original vs Converted data:[0m
10 80 10 40 13 FC 10 00  -> 10 10 10 FF 10 50 44 54 
FD 08 10 90 17 FE 10 40  -> 65 C6 44 64 54 44 40 00 
18 40 37 FE D0 88 11 08  -> 04 44 82 7F 01 82 82 4A 
10 90 10 60 51 98 26 04  -> 56 23 22 52 4E 82 02 00 
[0;32mI (13416) idfzk: Hardcoded font_pang data:[0m
00 FE 22 22 FE 44 48 50 
40 FF 40 50 48 44 00 00 
80 7F 02 82 FF 04 04 04 
04 FF 04 04 04 06 04 00 
[0;32mI (13436) idfzk: Converted character data (first 16 bytes):[0m
10 10 10 FF 10 50 44 54 
65 C6 44 64 54 44 40 00 
[0;32mI (13446) idfzk: Character data (first 16 bytes):[0m
10 10 10 FF 10 50 44 54 
65 C6 44 64 54 44 40 00 
... (total 32 bytes)
[0;32mI (13536) idfzk: gt(c1=0xC7, c2=0xEB) = 3274, offset=0x00019940, base=0x00114FDE, total=0x0012E91E[0m
[0;32mI (13536) idfzk: Reading character at address: 0x0012E91E, size: 32 bytes[0m
[0;32mI (13666) idfzk: Original vs Converted data:[0m
00 40 40 40 27 FC 20 40  -> 40 42 CC 00 00 44 54 54 
03 F8 00 40 E7 FE 20 00  -> 54 7F 54 54 54 44 40 00 
23 F8 22 08 23 F8 22 08  -> 00 00 7F 20 10 00 FF 15 
2B F8 32 08 22 28 02 10  -> 15 15 55 95 7F 00 00 00 
[0;32mI (13676) idfzk: Hardcoded font_pang data:[0m
00 FE 22 22 FE 44 48 50 
40 FF 40 50 48 44 00 00 
80 7F 02 82 FF 04 04 04 
04 FF 04 04 04 06 04 00 
[0;32mI (13686) idfzk: Converted character data (first 16 bytes):[0m
40 42 CC 00 00 44 54 54 
54 7F 54 54 54 44 40 00 
[0;32mI (13696) idfzk: Character data (first 16 bytes):[0m
40 42 CC 00 00 44 54 54 
54 7F 54 54 54 44 40 00 
... (total 32 bytes)
[0;32mI (13786) idfzk: gt(c1=0xCA, c2=0xB9) = 3506, offset=0x0001B640, base=0x00114FDE, total=0x0013061E[0m
[0;32mI (13786) idfzk: Reading character at address: 0x0013061E, size: 32 bytes[0m
[0;32mI (13916) idfzk: Original vs Converted data:[0m
10 40 10 40 1F FE 20 40  -> 80 60 F8 07 04 E4 24 24 
20 40 67 FC 64 44 A4 44  -> 24 FF 24 24 24 E4 04 00 
27 FC 20 40 22 40 21 40  -> 00 00 FF 00 80 81 45 29 
20 80 21 40 22 30 2C 0E  -> 11 2F 41 41 81 81 80 00 
[0;32mI (13926) idfzk: Hardcoded font_pang data:[0m
00 FE 22 22 FE 44 48 50 
40 FF 40 50 48 44 00 00 
80 7F 02 82 FF 04 04 04 
04 FF 04 04 04 06 04 00 
[0;32mI (13946) idfzk: Converted character data (first 16 bytes):[0m
80 60 F8 07 04 E4 24 24 
24 FF 24 24 24 E4 04 00 
[0;32mI (13956) idfzk: Character data (first 16 bytes):[0m
80 60 F8 07 04 E4 24 24 
24 FF 24 24 24 E4 04 00 
... (total 32 bytes)
[0;32mI (14046) idfzk: gt(c1=0xD3, c2=0xC3) = 4362, offset=0x00022140, base=0x00114FDE, total=0x0013711E[0m
[0;32mI (14046) idfzk: Reading character at address: 0x0013711E, size: 32 bytes[0m
[0;32mI (14176) idfzk: Original vs Converted data:[0m
00 00 3F F8 21 08 21 08  -> 00 00 FE 22 22 22 22 FE 
21 08 3F F8 21 08 21 08  -> 22 22 22 22 FE 00 00 00 
21 08 3F F8 21 08 21 08  -> 80 60 1F 02 02 02 02 7F 
21 08 41 08 41 28 80 10  -> 02 02 42 82 7F 00 00 00 
[0;32mI (14186) idfzk: Hardcoded font_pang data:[0m
00 FE 22 22 FE 44 48 50 
40 FF 40 50 48 44 00 00 
80 7F 02 82 FF 04 04 04 
04 FF 04 04 04 06 04 00 
[0;32mI (14196) idfzk: Converted character data (first 16 bytes):[0m
00 00 FE 22 22 22 22 FE 
22 22 22 22 FE 00 00 00 
[0;32mI (14206) idfzk: Character data (first 16 bytes):[0m
00 00 FE 22 22 22 22 FE 
22 22 22 22 FE 00 00 00 
... (total 32 bytes)
[0;32mI (14226) idfzk: Waiting for WiFi connection...[0m
[0;33mW (14586) idfzk: WiFi disconnected[0m
[0;32mI (14586) idfzk: Attempting to reconnect...[0m
[0;32mI (15336) idfzk: gt(c1=0xCE, c2=0xB4) = 3877, offset=0x0001E4A0, base=0x00114FDE, total=0x0013347E[0m
[0;32mI (15336) idfzk: Reading character at address: 0x0013347E, size: 32 bytes[0m
[0;32mI (15466) idfzk: Original vs Converted data:[0m
01 00 01 00 01 00 3F F8  -> 80 80 88 88 88 88 88 FF 
01 00 01 00 01 00 FF FE  -> 88 88 88 88 88 80 80 00 
03 80 05 40 09 20 11 10  -> 20 20 10 08 04 02 01 FF 
21 08 C1 06 01 00 01 00  -> 01 02 04 08 10 20 20 00 
[0;32mI (15476) idfzk: Hardcoded font_pang data:[0m
00 FE 22 22 FE 44 48 50 
40 FF 40 50 48 44 00 00 
80 7F 02 82 FF 04 04 04 
04 FF 04 04 04 06 04 00 
[0;32mI (15486) idfzk: Converted character data (first 16 bytes):[0m
80 80 88 88 88 88 88 FF 
88 88 88 88 88 80 80 00 
[0;32mI (15496) idfzk: Character data (first 16 bytes):[0m
80 80 88 88 88 88 88 FF 
88 88 88 88 88 80 80 00 
... (total 32 bytes)
[0;32mI (15596) idfzk: gt(c1=0xC1, c2=0xAC) = 2647, offset=0x00014AE0, base=0x00114FDE, total=0x00129ABE[0m
[0;32mI (15596) idfzk: Reading character at address: 0x00129ABE, size: 32 bytes[0m
[0;32mI (15716) idfzk: Original vs Converted data:[0m
00 40 20 40 17 FE 10 80  -> 40 40 42 CC 00 04 44 64 
00 A0 01 20 F3 FC 10 20  -> 5C 47 F4 44 44 44 04 00 
10 20 10 20 17 FE 10 20  -> 00 40 20 1F 20 44 44 44 
10 20 28 20 47 FE 00 00  -> 44 44 7F 44 44 44 44 00 
[0;32mI (15736) idfzk: Hardcoded font_pang data:[0m
00 FE 22 22 FE 44 48 50 
40 FF 40 50 48 44 00 00 
80 7F 02 82 FF 04 04 04 
04 FF 04 04 04 06 04 00 
[0;32mI (15746) idfzk: Converted character data (first 16 bytes):[0m
40 40 42 CC 00 04 44 64 
5C 47 F4 44 44 44 04 00 
[0;32mI (15756) idfzk: Character data (first 16 bytes):[0m
40 40 42 CC 00 04 44 64 
5C 47 F4 44 44 44 04 00 
... (total 32 bytes)
[0;32mI (15846) idfzk: gt(c1=0xBD, c2=0xD3) = 2310, offset=0x000120C0, base=0x00114FDE, total=0x0012709E[0m
[0;32mI (15846) idfzk: Reading character at address: 0x0012709E, size: 32 bytes[0m
[0;32mI (15976) idfzk: Original vs Converted data:[0m
10 80 10 40 13 FC 10 00  -> 10 10 10 FF 10 50 44 54 
FD 08 10 90 17 FE 10 40  -> 65 C6 44 64 54 44 40 00 
18 40 37 FE D0 88 11 08  -> 04 44 82 7F 01 82 82 4A 
10 90 10 60 51 98 26 04  -> 56 23 22 52 4E 82 02 00 
[0;32mI (15986) idfzk: Hardcoded font_pang data:[0m
00 FE 22 22 FE 44 48 50 
40 FF 40 50 48 44 00 00 
80 7F 02 82 FF 04 04 04 
04 FF 04 04 04 06 04 00 
[0;32mI (16006) idfzk: Converted character data (first 16 bytes):[0m
10 10 10 FF 10 50 44 54 
65 C6 44 64 54 44 40 00 
[0;32mI (16016) idfzk: Character data (first 16 bytes):[0m
10 10 10 FF 10 50 44 54 
65 C6 44 64 54 44 40 00 
... (total 32 bytes)
[0;32mI (16106) idfzk: gt(c1=0xC7, c2=0xEB) = 3274, offset=0x00019940, base=0x00114FDE, total=0x0012E91E[0m
[0;32mI (16106) idfzk: Reading character at address: 0x0012E91E, size: 32 bytes[0m
[0;32mI (16226) idfzk: Original vs Converted data:[0m
00 40 40 40 27 FC 20 40  -> 40 42 CC 00 00 44 54 54 
03 F8 00 40 E7 FE 20 00  -> 54 7F 54 54 54 44 40 00 
23 F8 22 08 23 F8 22 08  -> 00 00 7F 20 10 00 FF 15 
2B F8 32 08 22 28 02 10  -> 15 15 55 95 7F 00 00 00 
[0;32mI (16246) idfzk: Hardcoded font_pang data:[0m
00 FE 22 22 FE 44 48 50 
40 FF 40 50 48 44 00 00 
80 7F 02 82 FF 04 04 04 
04 FF 04 04 04 06 04 00 
[0;32mI (16256) idfzk: Converted character data (first 16 bytes):[0m
40 42 CC 00 00 44 54 54 
54 7F 54 54 54 44 40 00 
[0;32mI (16266) idfzk: Character data (first 16 bytes):[0m
40 42 CC 00 00 44 54 54 
54 7F 54 54 54 44 40 00 
... (total 32 bytes)
[0;32mI (16356) idfzk: gt(c1=0xCA, c2=0xB9) = 3506, offset=0x0001B640, base=0x00114FDE, total=0x0013061E[0m
[0;32mI (16356) idfzk: Reading character at address: 0x0013061E, size: 32 bytes[0m
[0;32mI (16486) idfzk: Original vs Converted data:[0m
10 40 10 40 1F FE 20 40  -> 80 60 F8 07 04 E4 24 24 
20 40 67 FC 64 44 A4 44  -> 24 FF 24 24 24 E4 04 00 
27 FC 20 40 22 40 21 40  -> 00 00 FF 00 80 81 45 29 
20 80 21 40 22 30 2C 0E  -> 11 2F 41 41 81 81 80 00 
[0;32mI (16496) idfzk: Hardcoded font_pang data:[0m
00 FE 22 22 FE 44 48 50 
40 FF 40 50 48 44 00 00 
80 7F 02 82 FF 04 04 04 
04 FF 04 04 04 06 04 00 
[0;32mI (16516) idfzk: Converted character data (first 16 bytes):[0m
80 60 F8 07 04 E4 24 24 
24 FF 24 24 24 E4 04 00 
[0;32mI (16526) idfzk: Character data (first 16 bytes):[0m
80 60 F8 07 04 E4 24 24 
24 FF 24 24 24 E4 04 00 
... (total 32 bytes)
[0;32mI (16616) idfzk: gt(c1=0xD3, c2=0xC3) = 4362, offset=0x00022140, base=0x00114FDE, total=0x0013711E[0m
[0;32mI (16616) idfzk: Reading character at address: 0x0013711E, size: 32 bytes[0m
[0;32mI (16736) idfzk: Original vs Converted data:[0m
00 00 3F F8 21 08 21 08  -> 00 00 FE 22 22 22 22 FE 
21 08 3F F8 21 08 21 08  -> 22 22 22 22 FE 00 00 00 
21 08 3F F8 21 08 21 08  -> 80 60 1F 02 02 02 02 7F 
21 08 41 08 41 28 80 10  -> 02 02 42 82 7F 00 00 00 
[0;32mI (16756) idfzk: Hardcoded font_pang data:[0m
00 FE 22 22 FE 44 48 50 
40 FF 40 50 48 44 00 00 
80 7F 02 82 FF 04 04 04 
04 FF 04 04 04 06 04 00 
[0;32mI (16766) idfzk: Converted character data (first 16 bytes):[0m
00 00 FE 22 22 22 22 FE 
22 22 22 22 FE 00 00 00 
[0;32mI (16776) idfzk: Character data (first 16 bytes):[0m
00 00 FE 22 22 22 22 FE 
22 22 22 22 FE 00 00 00 
... (total 32 bytes)
[0;32mI (16796) idfzk: Waiting for WiFi connection...[0m
[0;33mW (16996) idfzk: WiFi disconnected[0m
[0;32mI (16996) idfzk: Attempting to reconnect...[0m
[0;32mI (17896) idfzk: gt(c1=0xCE, c2=0xB4) = 3877, offset=0x0001E4A0, base=0x00114FDE, total=0x0013347E[0m
[0;32mI (17896) idfzk: Reading character at address: 0x0013347E, size: 32 bytes[0m
[0;32mI (18026) idfzk: Original vs Converted data:[0m
01 00 01 00 01 00 3F F8  -> 80 80 88 88 88 88 88 FF 
01 00 01 00 01 00 FF FE  -> 88 88 88 88 88 80 80 00 
03 80 05 40 09 20 11 10  -> 20 20 10 08 04 02 01 FF 
21 08 C1 06 01 00 01 00  -> 01 02 04 08 10 20 20 00 
[0;32mI (18036) idfzk: Hardcoded font_pang data:[0m
00 FE 22 22 FE 44 48 50 
40 FF 40 50 48 44 00 00 
80 7F 02 82 FF 04 04 04 
04 FF 04 04 04 06 04 00 
[0;32mI (18046) idfzk: Converted character data (first 16 bytes):[0m
80 80 88 88 88 88 88 FF 
88 88 88 88 88 80 80 00 
[0;32mI (18056) idfzk: Character data (first 16 bytes):[0m
80 80 88 88 88 88 88 FF 
88 88 88 88 88 80 80 00 
... (total 32 bytes)
[0;32mI (18156) idfzk: gt(c1=0xC1, c2=0xAC) = 2647, offset=0x00014AE0, base=0x00114FDE, total=0x00129ABE[0m
[0;32mI (18156) idfzk: Reading character at address: 0x00129ABE, size: 32 bytes[0m
[0;32mI (18276) idfzk: Original vs Converted data:[0m
00 40 20 40 17 FE 10 80  -> 40 40 42 CC 00 04 44 64 
00 A0 01 20 F3 FC 10 20  -> 5C 47 F4 44 44 44 04 00 
10 20 10 20 17 FE 10 20  -> 00 40 20 1F 20 44 44 44 
10 20 28 20 47 FE 00 00  -> 44 44 7F 44 44 44 44 00 
[0;32mI (18296) idfzk: Hardcoded font_pang data:[0m
00 FE 22 22 FE 44 48 50 
40 FF 40 50 48 44 00 00 
80 7F 02 82 FF 04 04 04 
04 FF 04 04 04 06 04 00 
[0;32mI (18306) idfzk: Converted character data (first 16 bytes):[0m
40 40 42 CC 00 04 44 64 
5C 47 F4 44 44 44 04 00 
[0;32mI (18316) idfzk: Character data (first 16 bytes):[0m
40 40 42 CC 00 04 44 64 
5C 47 F4 44 44 44 04 00 
... (total 32 bytes)
[0;32mI (18406) idfzk: gt(c1=0xBD, c2=0xD3) = 2310, offset=0x000120C0, base=0x00114FDE, total=0x0012709E[0m
[0;32mI (18406) idfzk: Reading character at address: 0x0012709E, size: 32 bytes[0m
[0;32mI (18536) idfzk: Original vs Converted data:[0m
10 80 10 40 13 FC 10 00  -> 10 10 10 FF 10 50 44 54 
FD 08 10 90 17 FE 10 40  -> 65 C6 44 64 54 44 40 00 
18 40 37 FE D0 88 11 08  -> 04 44 82 7F 01 82 82 4A 
10 90 10 60 51 98 26 04  -> 56 23 22 52 4E 82 02 00 
[0;32mI (18546) idfzk: Hardcoded font_pang data:[0m
00 FE 22 22 FE 44 48 50 
40 FF 40 50 48 44 00 00 
80 7F 02 82 FF 04 04 04 
04 FF 04 04 04 06 04 00 
[0;32mI (18556) idfzk: Converted character data (first 16 bytes):[0m
10 10 10 FF 10 50 44 54 
65 C6 44 64 54 44 40 00 
[0;32mI (18566) idfzk: Character data (first 16 bytes):[0m
10 10 10 FF 10 50 44 54 
65 C6 44 64 54 44 40 00 
... (total 32 bytes)
[0;32mI (18656) idfzk: gt(c1=0xC7, c2=0xEB) = 3274, offset=0x00019940, base=0x00114FDE, total=0x0012E91E[0m
[0;32mI (18666) idfzk: Reading character at address: 0x0012E91E, size: 32 bytes[0m
[0;32mI (18786) idfzk: Original vs Converted data:[0m
00 40 40 40 27 FC 20 40  -> 40 42 CC 00 00 44 54 54 
03 F8 00 40 E7 FE 20 00  -> 54 7F 54 54 54 44 40 00 
23 F8 22 08 23 F8 22 08  -> 00 00 7F 20 10 00 FF 15 
2B F8 32 08 22 28 02 10  -> 15 15 55 95 7F 00 00 00 
[0;32mI (18796) idfzk: Hardcoded font_pang data:[0m
00 FE 22 22 FE 44 48 50 
40 FF 40 50 48 44 00 00 
80 7F 02 82 FF 04 04 04 
04 FF 04 04 04 06 04 00 
[0;32mI (18816) idfzk: Converted character data (first 16 bytes):[0m
40 42 CC 00 00 44 54 54 
54 7F 54 54 54 44 40 00 
[0;32mI (18826) idfzk: Character data (first 16 bytes):[0m
40 42 CC 00 00 44 54 54 
54 7F 54 54 54 44 40 00 
... (total 32 bytes)
[0;32mI (18916) idfzk: gt(c1=0xCA, c2=0xB9) = 3506, offset=0x0001B640, base=0x00114FDE, total=0x0013061E[0m
[0;32mI (18916) idfzk: Reading character at address: 0x0013061E, size: 32 bytes[0m
[0;32mI (19046) idfzk: Original vs Converted data:[0m
10 40 10 40 1F FE 20 40  -> 80 60 F8 07 04 E4 24 24 
20 40 67 FC 64 44 A4 44  -> 24 FF 24 24 24 E4 04 00 
27 FC 20 40 22 40 21 40  -> 00 00 FF 00 80 81 45 29 
20 80 21 40 22 30 2C 0E  -> 11 2F 41 41 81 81 80 00 
[0;32mI (19056) idfzk: Hardcoded font_pang data:[0m
00 FE 22 22 FE 44 48 50 
40 FF 40 50 48 44 00 00 
80 7F 02 82 FF 04 04 04 
04 FF 04 04 04 06 04 00 
[0;32mI (19066) idfzk: Converted character data (first 16 bytes):[0m
80 60 F8 07 04 E4 24 24 
24 FF 24 24 24 E4 04 00 
[0;32mI (19076) idfzk: Character data (first 16 bytes):[0m
80 60 F8 07 04 E4 24 24 
24 FF 24 24 24 E4 04 00 
... (total 32 bytes)
[0;32mI (19166) idfzk: gt(c1=0xD3, c2=0xC3) = 4362, offset=0x00022140, base=0x00114FDE, total=0x0013711E[0m
[0;32mI (19166) idfzk: Reading character at address: 0x0013711E, size: 32 bytes[0m
[0;32mI (19296) idfzk: Original vs Converted data:[0m
00 00 3F F8 21 08 21 08  -> 00 00 FE 22 22 22 22 FE 
21 08 3F F8 21 08 21 08  -> 22 22 22 22 FE 00 00 00 
21 08 3F F8 21 08 21 08  -> 80 60 1F 02 02 02 02 7F 
21 08 41 08 41 28 80 10  -> 02 02 42 82 7F 00 00 00 
[0;32mI (19306) idfzk: Hardcoded font_pang data:[0m
00 FE 22 22 FE 44 48 50 
40 FF 40 50 48 44 00 00 
80 7F 02 82 FF 04 04 04 
04 FF 04 04 04 06 04 00 
[0;32mI (19326) idfzk: Converted character data (first 16 bytes):[0m
00 00 FE 22 22 22 22 FE 
22 22 22 22 FE 00 00 00 
[0;32mI (19336) idfzk: Character data (first 16 bytes):[0m
00 00 FE 22 22 22 22 FE 
22 22 22 22 FE 00 00 00 
... (total 32 bytes)
[0;32mI (19356) idfzk: Waiting for WiFi connection...[0m
[0;33mW (19406) idfzk: WiFi disconnected[0m
[0;32mI (19406) idfzk: Attempting to reconnect...[0m
[0;32mI (20456) idfzk: gt(c1=0xCE, c2=0xB4) = 3877, offset=0x0001E4A0, base=0x00114FDE, total=0x0013347E[0m
[0;32mI (20456) idfzk: Reading character at address: 0x0013347E, size: 32 bytes[0m
[0;32mI (20586) idfzk: Original vs Converted data:[0m
01 00 01 00 01 00 3F F8  -> 80 80 88 88 88 88 88 FF 
01 00 01 00 01 00 FF FE  -> 88 88 88 88 88 80 80 00 
03 80 05 40 09 20 11 10  -> 20 20 10 08 04 02 01 FF 
21 08 C1 06 01 00 01 00  -> 01 02 04 08 10 20 20 00 
[0;32mI (20596) idfzk: Hardcoded font_pang data:[0m
00 FE 22 22 FE 44 48 50 
40 FF 40 50 48 44 00 00 
80 7F 02 82 FF 04 04 04 
04 FF 04 04 04 06 04 00 
[0;32mI (20606) idfzk: Converted character data (first 16 bytes):[0m
80 80 88 88 88 88 88 FF 
88 88 88 88 88 80 80 00 
[0;32mI (20616) idfzk: Character data (first 16 bytes):[0m
80 80 88 88 88 88 88 FF 
88 88 88 88 88 80 80 00 
... (total 32 bytes)
[0;32mI (20706) idfzk: gt(c1=0xC1, c2=0xAC) = 2647, offset=0x00014AE0, base=0x00114FDE, total=0x00129ABE[0m
[0;32mI (20706) idfzk: Reading character at address: 0x00129ABE, size: 32 bytes[0m
[0;32mI (20836) idfzk: Original vs Converted data:[0m
00 40 20 40 17 FE 10 80  -> 40 40 42 CC 00 04 44 64 
00 A0 01 20 F3 FC 10 20  -> 5C 47 F4 44 44 44 04 00 
10 20 10 20 17 FE 10 20  -> 00 40 20 1F 20 44 44 44 
10 20 28 20 47 FE 00 00  -> 44 44 7F 44 44 44 44 00 
[0;32mI (20846) idfzk: Hardcoded font_pang data:[0m
00 FE 22 22 FE 44 48 50 
40 FF 40 50 48 44 00 00 
80 7F 02 82 FF 04 04 04 
04 FF 04 04 04 06 04 00 
[0;32mI (20866) idfzk: Converted character data (first 16 bytes):[0m
40 40 42 CC 00 04 44 64 
5C 47 F4 44 44 44 04 00 
[0;32mI (20876) idfzk: Character data (first 16 bytes):[0m
40 40 42 CC 00 04 44 64 
5C 47 F4 44 44 44 04 00 
... (total 32 bytes)
[0;32mI (20966) idfzk: gt(c1=0xBD, c2=0xD3) = 2310, offset=0x000120C0, base=0x00114FDE, total=0x0012709E[0m
[0;32mI (20966) idfzk: Reading character at address: 0x0012709E, size: 32 bytes[0m
[0;32mI (21086) idfzk: Original vs Converted data:[0m
10 80 10 40 13 FC 10 00  -> 10 10 10 FF 10 50 44 54 
FD 08 10 90 17 FE 10 40  -> 65 C6 44 64 54 44 40 00 
18 40 37 FE D0 88 11 08  -> 04 44 82 7F 01 82 82 4A 
10 90 10 60 51 98 26 04  -> 56 23 22 52 4E 82 02 00 
[0;32mI (21106) idfzk: Hardcoded font_pang data:[0m
00 FE 22 22 FE 44 48 50 
40 FF 40 50 48 44 00 00 
80 7F 02 82 FF 04 04 04 
04 FF 04 04 04 06 04 00 
[0;32mI (21116) idfzk: Converted character data (first 16 bytes):[0m
10 10 10 FF 10 50 44 54 
65 C6 44 64 54 44 40 00 
[0;32mI (21126) idfzk: Character data (first 16 bytes):[0m
10 10 10 FF 10 50 44 54 
65 C6 44 64 54 44 40 00 
... (total 32 bytes)
[0;32mI (21216) idfzk: gt(c1=0xC7, c2=0xEB) = 3274, offset=0x00019940, base=0x00114FDE, total=0x0012E91E[0m
[0;32mI (21216) idfzk: Reading character at address: 0x0012E91E, size: 32 bytes[0m
[0;32mI (21346) idfzk: Original vs Converted data:[0m
00 40 40 40 27 FC 20 40  -> 40 42 CC 00 00 44 54 54 
03 F8 00 40 E7 FE 20 00  -> 54 7F 54 54 54 44 40 00 
23 F8 22 08 23 F8 22 08  -> 00 00 7F 20 10 00 FF 15 
2B F8 32 08 22 28 02 10  -> 15 15 55 95 7F 00 00 00 
[0;32mI (21356) idfzk: Hardcoded font_pang data:[0m
00 FE 22 22 FE 44 48 50 
40 FF 40 50 48 44 00 00 
80 7F 02 82 FF 04 04 04 
04 FF 04 04 04 06 04 00 
[0;32mI (21376) idfzk: Converted character data (first 16 bytes):[0m
40 42 CC 00 00 44 54 54 
54 7F 54 54 54 44 40 00 
[0;32mI (21386) idfzk: Character data (first 16 bytes):[0m
40 42 CC 00 00 44 54 54 
54 7F 54 54 54 44 40 00 
... (total 32 bytes)
[0;32mI (21476) idfzk: gt(c1=0xCA, c2=0xB9) = 3506, offset=0x0001B640, base=0x00114FDE, total=0x0013061E[0m
[0;32mI (21476) idfzk: Reading character at address: 0x0013061E, size: 32 bytes[0m
[0;32mI (21596) idfzk: Original vs Converted data:[0m
10 40 10 40 1F FE 20 40  -> 80 60 F8 07 04 E4 24 24 
20 40 67 FC 64 44 A4 44  -> 24 FF 24 24 24 E4 04 00 
27 FC 20 40 22 40 21 40  -> 00 00 FF 00 80 81 45 29 
20 80 21 40 22 30 2C 0E  -> 11 2F 41 41 81 81 80 00 
[0;32mI (21616) idfzk: Hardcoded font_pang data:[0m
00 FE 22 22 FE 44 48 50 
40 FF 40 50 48 44 00 00 
80 7F 02 82 FF 04 04 04 
04 FF 04 04 04 06 04 00 
[0;32mI (21626) idfzk: Converted character data (first 16 bytes):[0m
80 60 F8 07 04 E4 24 24 
24 FF 24 24 24 E4 04 00 
[0;32mI (21636) idfzk: Character data (first 16 bytes):[0m
80 60 F8 07 04 E4 24 24 
24 FF 24 24 24 E4 04 00 
... (total 32 bytes)
[0;32mI (21726) idfzk: gt(c1=0xD3, c2=0xC3) = 4362, offset=0x00022140, base=0x00114FDE, total=0x0013711E[0m
[0;32mI (21726) idfzk: Reading character at address: 0x0013711E, size: 32 bytes[0m
[0;33mW (21816) idfzk: WiFi disconnected[0m
[0;32mI (21816) idfzk: Attempting to reconnect...[0m
[0;32mI (21856) idfzk: Original vs Converted data:[0m
00 00 3F F8 21 08 21 08  -> 00 00 FE 22 22 22 22 FE 
21 08 3F F8 21 08 21 08  -> 22 22 22 22 FE 00 00 00 
21 08 3F F8 21 08 21 08  -> 80 60 1F 02 02 02 02 7F 
21 08 41 08 41 28 80 10  -> 02 02 42 82 7F 00 00 00 
[0;32mI (21876) idfzk: Hardcoded font_pang data:[0m
00 FE 22 22 FE 44 48 50 
40 FF 40 50 48 44 00 00 
80 7F 02 82 FF 04 04 04 
04 FF 04 04 04 06 04 00 
[0;32mI (21886) idfzk: Converted character data (first 16 bytes):[0m
00 00 FE 22 22 22 22 FE 
22 22 22 22 FE 00 00 00 
[0;32mI (21896) idfzk: Character data (first 16 bytes):[0m
00 00 FE 22 22 22 22 FE 
22 22 22 22 FE 00 00 00 
... (total 32 bytes)
[0;32mI (21916) idfzk: Waiting for WiFi connection...[0m
[0;32mI (23016) idfzk: gt(c1=0xCE, c2=0xB4) = 3877, offset=0x0001E4A0, base=0x00114FDE, total=0x0013347E[0m
[0;32mI (23016) idfzk: Reading character at address: 0x0013347E, size: 32 bytes[0m
[0;32mI (23146) idfzk: Original vs Converted data:[0m
01 00 01 00 01 00 3F F8  -> 80 80 88 88 88 88 88 FF 
01 00 01 00 01 00 FF FE  -> 88 88 88 88 88 80 80 00 
03 80 05 40 09 20 11 10  -> 20 20 10 08 04 02 01 FF 
21 08 C1 06 01 00 01 00  -> 01 02 04 08 10 20 20 00 
[0;32mI (23156) idfzk: Hardcoded font_pang data:[0m
00 FE 22 22 FE 44 48 50 
40 FF 40 50 48 44 00 00 
80 7F 02 82 FF 04 04 04 
04 FF 04 04 04 06 04 00 
[0;32mI (23166) idfzk: Converted character data (first 16 bytes):[0m
80 80 88 88 88 88 88 FF 
88 88 88 88 88 80 80 00 
[0;32mI (23176) idfzk: Character data (first 16 bytes):[0m
80 80 88 88 88 88 88 FF 
88 88 88 88 88 80 80 00 
... (total 32 bytes)
[0;32mI (23266) idfzk: gt(c1=0xC1, c2=0xAC) = 2647, offset=0x00014AE0, base=0x00114FDE, total=0x00129ABE[0m
[0;32mI (23266) idfzk: Reading character at address: 0x00129ABE, size: 32 bytes[0m
[0;32mI (23396) idfzk: Original vs Converted data:[0m
00 40 20 40 17 FE 10 80  -> 40 40 42 CC 00 04 44 64 
00 A0 01 20 F3 FC 10 20  -> 5C 47 F4 44 44 44 04 00 
10 20 10 20 17 FE 10 20  -> 00 40 20 1F 20 44 44 44 
10 20 28 20 47 FE 00 00  -> 44 44 7F 44 44 44 44 00 
[0;32mI (23406) idfzk: Hardcoded font_pang data:[0m
00 FE 22 22 FE 44 48 50 
40 FF 40 50 48 44 00 00 
80 7F 02 82 FF 04 04 04 
04 FF 04 04 04 06 04 00 
[0;32mI (23426) idfzk: Converted character data (first 16 bytes):[0m
40 40 42 CC 00 04 44 64 
5C 47 F4 44 44 44 04 00 
[0;32mI (23436) idfzk: Character data (first 16 bytes):[0m
40 40 42 CC 00 04 44 64 
5C 47 F4 44 44 44 04 00 
... (total 32 bytes)
[0;32mI (23526) idfzk: gt(c1=0xBD, c2=0xD3) = 2310, offset=0x000120C0, base=0x00114FDE, total=0x0012709E[0m
[0;32mI (23526) idfzk: Reading character at address: 0x0012709E, size: 32 bytes[0m
[0;32mI (23646) idfzk: Original vs Converted data:[0m
10 80 10 40 13 FC 10 00  -> 10 10 10 FF 10 50 44 54 
FD 08 10 90 17 FE 10 40  -> 65 C6 44 64 54 44 40 00 
18 40 37 FE D0 88 11 08  -> 04 44 82 7F 01 82 82 4A 
10 90 10 60 51 98 26 04  -> 56 23 22 52 4E 82 02 00 
[0;32mI (23666) idfzk: Hardcoded font_pang data:[0m
00 FE 22 22 FE 44 48 50 
40 FF 40 50 48 44 00 00 
80 7F 02 82 FF 04 04 04 
04 FF 04 04 04 06 04 00 
[0;32mI (23676) idfzk: Converted character data (first 16 bytes):[0m
10 10 10 FF 10 50 44 54 
65 C6 44 64 54 44 40 00 
[0;32mI (23686) idfzk: Character data (first 16 bytes):[0m
10 10 10 FF 10 50 44 54 
65 C6 44 64 54 44 40 00 
... (total 32 bytes)
[0;32mI (23776) idfzk: gt(c1=0xC7, c2=0xEB) = 3274, offset=0x00019940, base=0x00114FDE, total=0x0012E91E[0m
[0;32mI (23776) idfzk: Reading character at address: 0x0012E91E, size: 32 bytes[0m
[0;32mI (23906) idfzk: Original vs Converted data:[0m
00 40 40 40 27 FC 20 40  -> 40 42 CC 00 00 44 54 54 
03 F8 00 40 E7 FE 20 00  -> 54 7F 54 54 54 44 40 00 
23 F8 22 08 23 F8 22 08  -> 00 00 7F 20 10 00 FF 15 
2B F8 32 08 22 28 02 10  -> 15 15 55 95 7F 00 00 00 
[0;32mI (23916) idfzk: Hardcoded font_pang data:[0m
00 FE 22 22 FE 44 48 50 
40 FF 40 50 48 44 00 00 
80 7F 02 82 FF 04 04 04 
04 FF 04 04 04 06 04 00 
[0;32mI (23936) idfzk: Converted character data (first 16 bytes):[0m
40 42 CC 00 00 44 54 54 
54 7F 54 54 54 44 40 00 
[0;32mI (23946) idfzk: Character data (first 16 bytes):[0m
40 42 CC 00 00 44 54 54 
54 7F 54 54 54 44 40 00 
... (total 32 bytes)
[0;32mI (24036) idfzk: gt(c1=0xCA, c2=0xB9) = 3506, offset=0x0001B640, base=0x00114FDE, total=0x0013061E[0m
[0;32mI (24036) idfzk: Reading character at address: 0x0013061E, size: 32 bytes[0m
[0;32mI (24156) idfzk: Original vs Converted data:[0m
10 40 10 40 1F FE 20 40  -> 80 60 F8 07 04 E4 24 24 
20 40 67 FC 64 44 A4 44  -> 24 FF 24 24 24 E4 04 00 
27 FC 20 40 22 40 21 40  -> 00 00 FF 00 80 81 45 29 
20 80 21 40 22 30 2C 0E  -> 11 2F 41 41 81 81 80 00 
[0;32mI (24166) idfzk: Hardcoded font_pang data:[0m
00 FE 22 22 FE 44 48 50 
40 FF 40 50 48 44 00 00 
80 7F 02 82 FF 04 04 04 
04 FF 04 04 04 06 04 00 
[0;32mI (24186) idfzk: Converted character data (first 16 bytes):[0m
80 60 F8 07 04 E4 24 24 
24 FF 24 24 24 E4 04 00 
[0;32mI (24196) idfzk: Character data (first 16 bytes):[0m
80 60 F8 07 04 E4 24 24 
24 FF 24 24 24 E4 04 00 
... (total 32 bytes)
[0;33mW (24236) idfzk: WiFi disconnected[0m
[0;32mI (24236) idfzk: Attempting to reconnect...[0m
[0;32mI (24286) idfzk: gt(c1=0xD3, c2=0xC3) = 4362, offset=0x00022140, base=0x00114FDE, total=0x0013711E[0m
[0;32mI (24286) idfzk: Reading character at address: 0x0013711E, size: 32 bytes[0m
[0;32mI (24416) idfzk: Original vs Converted data:[0m
00 00 3F F8 21 08 21 08  -> 00 00 FE 22 22 22 22 FE 
21 08 3F F8 21 08 21 08  -> 22 22 22 22 FE 00 00 00 
21 08 3F F8 21 08 21 08  -> 80 60 1F 02 02 02 02 7F 
21 08 41 08 41 28 80 10  -> 02 02 42 82 7F 00 00 00 
[0;32mI (24436) idfzk: Hardcoded font_pang data:[0m
00 FE 22 22 FE 44 48 50 
40 FF 40 50 48 44 00 00 
80 7F 02 82 FF 04 04 04 
04 FF 04 04 04 06 04 00 
[0;32mI (24446) idfzk: Converted character data (first 16 bytes):[0m
00 00 FE 22 22 22 22 FE 
22 22 22 22 FE 00 00 00 
[0;32mI (24456) idfzk: Character data (first 16 bytes):[0m
00 00 FE 22 22 22 22 FE 
22 22 22 22 FE 00 00 00 
... (total 32 bytes)
[0;32mI (24476) idfzk: Waiting for WiFi connection...[0m
[0;32mI (25576) idfzk: gt(c1=0xCE, c2=0xB4) = 3877, offset=0x0001E4A0, base=0x00114FDE, total=0x0013347E[0m
[0;32mI (25576) idfzk: Reading character at address: 0x0013347E, size: 32 bytes[0m
[0;32mI (25696) idfzk: Original vs Converted data:[0m
01 00 01 00 01 00 3F F8  -> 80 80 88 88 88 88 88 FF 
01 00 01 00 01 00 FF FE  -> 88 88 88 88 88 80 80 00 
03 80 05 40 09 20 11 10  -> 20 20 10 08 04 02 01 FF 
21 08 C1 06 01 00 01 00  -> 01 02 04 08 10 20 20 00 
[0;32mI (25716) idfzk: Hardcoded font_pang data:[0m
00 FE 22 22 FE 44 48 50 
40 FF 40 50 48 44 00 00 
80 7F 02 82 FF 04 04 04 
04 FF 04 04 04 06 04 00 
[0;32mI (25726) idfzk: Converted character data (first 16 bytes):[0m
80 80 88 88 88 88 88 FF 
88 88 88 88 88 80 80 00 
[0;32mI (25736) idfzk: Character data (first 16 bytes):[0m
80 80 88 88 88 88 88 FF 
88 88 88 88 88 80 80 00 
... (total 32 bytes)
[0;32mI (25826) idfzk: gt(c1=0xC1, c2=0xAC) = 2647, offset=0x00014AE0, base=0x00114FDE, total=0x00129ABE[0m
[0;32mI (25826) idfzk: Reading character at address: 0x00129ABE, size: 32 bytes[0m
[0;32mI (25956) idfzk: Original vs Converted data:[0m
00 40 20 40 17 FE 10 80  -> 40 40 42 CC 00 04 44 64 
00 A0 01 20 F3 FC 10 20  -> 5C 47 F4 44 44 44 04 00 
10 20 10 20 17 FE 10 20  -> 00 40 20 1F 20 44 44 44 
10 20 28 20 47 FE 00 00  -> 44 44 7F 44 44 44 44 00 
[0;32mI (25966) idfzk: Hardcoded font_pang data:[0m
00 FE 22 22 FE 44 48 50 
40 FF 40 50 48 44 00 00 
80 7F 02 82 FF 04 04 04 
04 FF 04 04 04 06 04 00 
[0;32mI (25986) idfzk: Converted character data (first 16 bytes):[0m
40 40 42 CC 00 04 44 64 
5C 47 F4 44 44 44 04 00 
[0;32mI (25996) idfzk: Character data (first 16 bytes):[0m
40 40 42 CC 00 04 44 64 
5C 47 F4 44 44 44 04 00 
... (total 32 bytes)
[0;32mI (26086) idfzk: gt(c1=0xBD, c2=0xD3) = 2310, offset=0x000120C0, base=0x00114FDE, total=0x0012709E[0m
[0;32mI (26086) idfzk: Reading character at address: 0x0012709E, size: 32 bytes[0m
[0;32mI (26206) idfzk: Original vs Converted data:[0m
10 80 10 40 13 FC 10 00  -> 10 10 10 FF 10 50 44 54 
FD 08 10 90 17 FE 10 40  -> 65 C6 44 64 54 44 40 00 
18 40 37 FE D0 88 11 08  -> 04 44 82 7F 01 82 82 4A 
10 90 10 60 51 98 26 04  -> 56 23 22 52 4E 82 02 00 
[0;32mI (26226) idfzk: Hardcoded font_pang data:[0m
00 FE 22 22 FE 44 48 50 
40 FF 40 50 48 44 00 00 
80 7F 02 82 FF 04 04 04 
04 FF 04 04 04 06 04 00 
[0;32mI (26236) idfzk: Converted character data (first 16 bytes):[0m
10 10 10 FF 10 50 44 54 
65 C6 44 64 54 44 40 00 
[0;32mI (26246) idfzk: Character data (first 16 bytes):[0m
10 10 10 FF 10 50 44 54 
65 C6 44 64 54 44 40 00 
... (total 32 bytes)
[0;32mI (26336) idfzk: gt(c1=0xC7, c2=0xEB) = 3274, offset=0x00019940, base=0x00114FDE, total=0x0012E91E[0m
[0;32mI (26336) idfzk: Reading character at address: 0x0012E91E, size: 32 bytes[0m
[0;32mI (26466) idfzk: Original vs Converted data:[0m
00 40 40 40 27 FC 20 40  -> 40 42 CC 00 00 44 54 54 
03 F8 00 40 E7 FE 20 00  -> 54 7F 54 54 54 44 40 00 
23 F8 22 08 23 F8 22 08  -> 00 00 7F 20 10 00 FF 15 
2B F8 32 08 22 28 02 10  -> 15 15 55 95 7F 00 00 00 
[0;32mI (26476) idfzk: Hardcoded font_pang data:[0m
00 FE 22 22 FE 44 48 50 
40 FF 40 50 48 44 00 00 
80 7F 02 82 FF 04 04 04 
04 FF 04 04 04 06 04 00 
[0;32mI (26486) idfzk: Converted character data (first 16 bytes):[0m
40 42 CC 00 00 44 54 54 
54 7F 54 54 54 44 40 00 
[0;32mI (26496) idfzk: Character data (first 16 bytes):[0m
40 42 CC 00 00 44 54 54 
54 7F 54 54 54 44 40 00 
... (total 32 bytes)
[0;32mI (26586) idfzk: gt(c1=0xCA, c2=0xB9) = 3506, offset=0x0001B640, base=0x00114FDE, total=0x0013061E[0m
[0;32mI (26586) idfzk: Reading character at address: 0x0013061E, size: 32 bytes[0m
[0;33mW (26646) idfzk: WiFi disconnected[0m
[0;32mI (26646) idfzk: Attempting to reconnect...[0m
[0;32mI (26716) idfzk: Original vs Converted data:[0m
10 40 10 40 1F FE 20 40  -> 80 60 F8 07 04 E4 24 24 
20 40 67 FC 64 44 A4 44  -> 24 FF 24 24 24 E4 04 00 
27 FC 20 40 22 40 21 40  -> 00 00 FF 00 80 81 45 29 
20 80 21 40 22 30 2C 0E  -> 11 2F 41 41 81 81 80 00 
[0;32mI (26736) idfzk: Hardcoded font_pang data:[0m
00 FE 22 22 FE 44 48 50 
40 FF 40 50 48 44 00 00 
80 7F 02 82 FF 04 04 04 
04 FF 04 04 04 06 04 00 
[0;32mI (26746) idfzk: Converted character data (first 16 bytes):[0m
80 60 F8 07 04 E4 24 24 
24 FF 24 24 24 E4 04 00 
[0;32mI (26756) idfzk: Character data (first 16 bytes):[0m
80 60 F8 07 04 E4 24 24 
24 FF 24 24 24 E4 04 00 
... (total 32 bytes)
[0;32mI (26846) idfzk: gt(c1=0xD3, c2=0xC3) = 4362, offset=0x00022140, base=0x00114FDE, total=0x0013711E[0m
[0;32mI (26846) idfzk: Reading character at address: 0x0013711E, size: 32 bytes[0m
[0;32mI (26976) idfzk: Original vs Converted data:[0m
00 00 3F F8 21 08 21 08  -> 00 00 FE 22 22 22 22 FE 
21 08 3F F8 21 08 21 08  -> 22 22 22 22 FE 00 00 00 
21 08 3F F8 21 08 21 08  -> 80 60 1F 02 02 02 02 7F 
21 08 41 08 41 28 80 10  -> 02 02 42 82 7F 00 00 00 
[0;32mI (26986) idfzk: Hardcoded font_pang data:[0m
00 FE 22 22 FE 44 48 50 
40 FF 40 50 48 44 00 00 
80 7F 02 82 FF 04 04 04 
04 FF 04 04 04 06 04 00 
[0;32mI (27006) idfzk: Converted character data (first 16 bytes):[0m
00 00 FE 22 22 22 22 FE 
22 22 22 22 FE 00 00 00 
[0;32mI (27016) idfzk: Character data (first 16 bytes):[0m
00 00 FE 22 22 22 22 FE 
22 22 22 22 FE 00 00 00 
... (total 32 bytes)
[0;32mI (27036) idfzk: Waiting for WiFi connection...[0m
[0;32mI (28136) idfzk: gt(c1=0xCE, c2=0xB4) = 3877, offset=0x0001E4A0, base=0x00114FDE, total=0x0013347E[0m
[0;32mI (28136) idfzk: Reading character at address: 0x0013347E, size: 32 bytes[0m
[0;32mI (28256) idfzk: Original vs Converted data:[0m
01 00 01 00 01 00 3F F8  -> 80 80 88 88 88 88 88 FF 
01 00 01 00 01 00 FF FE  -> 88 88 88 88 88 80 80 00 
03 80 05 40 09 20 11 10  -> 20 20 10 08 04 02 01 FF 
21 08 C1 06 01 00 01 00  -> 01 02 04 08 10 20 20 00 
[0;32mI (28276) idfzk: Hardcoded font_pang data:[0m
00 FE 22 22 FE 44 48 50 
40 FF 40 50 48 44 00 00 
80 7F 02 82 FF 04 04 04 
04 FF 04 04 04 06 04 00 
[0;32mI (28286) idfzk: Converted character data (first 16 bytes):[0m
80 80 88 88 88 88 88 FF 
88 88 88 88 88 80 80 00 
[0;32mI (28296) idfzk: Character data (first 16 bytes):[0m
80 80 88 88 88 88 88 FF 
88 88 88 88 88 80 80 00 
... (total 32 bytes)
[0;32mI (28386) idfzk: gt(c1=0xC1, c2=0xAC) = 2647, offset=0x00014AE0, base=0x00114FDE, total=0x00129ABE[0m
[0;32mI (28386) idfzk: Reading character at address: 0x00129ABE, size: 32 bytes[0m
[0;32mI (28516) idfzk: Original vs Converted data:[0m
00 40 20 40 17 FE 10 80  -> 40 40 42 CC 00 04 44 64 
00 A0 01 20 F3 FC 10 20  -> 5C 47 F4 44 44 44 04 00 
10 20 10 20 17 FE 10 20  -> 00 40 20 1F 20 44 44 44 
10 20 28 20 47 FE 00 00  -> 44 44 7F 44 44 44 44 00 
[0;32mI (28526) idfzk: Hardcoded font_pang data:[0m
00 FE 22 22 FE 44 48 50 
40 FF 40 50 48 44 00 00 
80 7F 02 82 FF 04 04 04 
04 FF 04 04 04 06 04 00 
[0;32mI (28536) idfzk: Converted character data (first 16 bytes):[0m
40 40 42 CC 00 04 44 64 
5C 47 F4 44 44 44 04 00 
[0;32mI (28546) idfzk: Character data (first 16 bytes):[0m
40 40 42 CC 00 04 44 64 
5C 47 F4 44 44 44 04 00 
... (total 32 bytes)
[0;32mI (28636) idfzk: gt(c1=0xBD, c2=0xD3) = 2310, offset=0x000120C0, base=0x00114FDE, total=0x0012709E[0m
[0;32mI (28636) idfzk: Reading character at address: 0x0012709E, size: 32 bytes[0m
[0;32mI (28766) idfzk: Original vs Converted data:[0m
10 80 10 40 13 FC 10 00  -> 10 10 10 FF 10 50 44 54 
FD 08 10 90 17 FE 10 40  -> 65 C6 44 64 54 44 40 00 
18 40 37 FE D0 88 11 08  -> 04 44 82 7F 01 82 82 4A 
10 90 10 60 51 98 26 04  -> 56 23 22 52 4E 82 02 00 
[0;32mI (28776) idfzk: Hardcoded font_pang data:[0m
00 FE 22 22 FE 44 48 50 
40 FF 40 50 48 44 00 00 
80 7F 02 82 FF 04 04 04 
04 FF 04 04 04 06 04 00 
[0;32mI (28796) idfzk: Converted character data (first 16 bytes):[0m
10 10 10 FF 10 50 44 54 
65 C6 44 64 54 44 40 00 
[0;32mI (28806) idfzk: Character data (first 16 bytes):[0m
10 10 10 FF 10 50 44 54 
65 C6 44 64 54 44 40 00 
... (total 32 bytes)
[0;32mI (28896) idfzk: gt(c1=0xC7, c2=0xEB) = 3274, offset=0x00019940, base=0x00114FDE, total=0x0012E91E[0m
[0;32mI (28896) idfzk: Reading character at address: 0x0012E91E, size: 32 bytes[0m
[0;32mI (29016) idfzk: Original vs Converted data:[0m
00 40 40 40 27 FC 20 40  -> 40 42 CC 00 00 44 54 54 
03 F8 00 40 E7 FE 20 00  -> 54 7F 54 54 54 44 40 00 
23 F8 22 08 23 F8 22 08  -> 00 00 7F 20 10 00 FF 15 
2B F8 32 08 22 28 02 10  -> 15 15 55 95 7F 00 00 00 
[0;32mI (29036) idfzk: Hardcoded font_pang data:[0m
00 FE 22 22 FE 44 48 50 
40 FF 40 50 48 44 00 00 
80 7F 02 82 FF 04 04 04 
04 FF 04 04 04 06 04 00 
[0;32mI (29046) idfzk: Converted character data (first 16 bytes):[0m
40 42 CC 00 00 44 54 54 
[0;33mW (29056) idfzk: WiFi disconnected[0m
[0;32mI (29056) idfzk: Attempting to reconnect...[0m
54 7F 54 54 54 44 40 00 
[0;32mI (29066) idfzk: Character data (first 16 bytes):[0m
40 42 CC 00 00 44 54 54 
54 7F 54 54 54 44 40 00 
... (total 32 bytes)
[0;32mI (29156) idfzk: gt(c1=0xCA, c2=0xB9) = 3506, offset=0x0001B640, base=0x00114FDE, total=0x0013061E[0m
[0;32mI (29156) idfzk: Reading character at address: 0x0013061E, size: 32 bytes[0m
[0;32mI (29286) idfzk: Original vs Converted data:[0m
10 40 10 40 1F FE 20 40  -> 80 60 F8 07 04 E4 24 24 
20 40 67 FC 64 44 A4 44  -> 24 FF 24 24 24 E4 04 00 
27 FC 20 40 22 40 21 40  -> 00 00 FF 00 80 81 45 29 
20 80 21 40 22 30 2C 0E  -> 11 2F 41 41 81 81 80 00 
[0;32mI (29296) idfzk: Hardcoded font_pang data:[0m
00 FE 22 22 FE 44 48 50 
40 FF 40 50 48 44 00 00 
80 7F 02 82 FF 04 04 04 
04 FF 04 04 04 06 04 00 
[0;32mI (29316) idfzk: Converted character data (first 16 bytes):[0m
80 60 F8 07 04 E4 24 24 
24 FF 24 24 24 E4 04 00 
[0;32mI (29326) idfzk: Character data (first 16 bytes):[0m
80 60 F8 07 04 E4 24 24 
24 FF 24 24 24 E4 04 00 
... (total 32 bytes)
[0;32mI (29416) idfzk: gt(c1=0xD3, c2=0xC3) = 4362, offset=0x00022140, base=0x00114FDE, total=0x0013711E[0m
[0;32mI (29416) idfzk: Reading character at address: 0x0013711E, size: 32 bytes[0m
[0;32mI (29546) idfzk: Original vs Converted data:[0m
00 00 3F F8 21 08 21 08  -> 00 00 FE 22 22 22 22 FE 
21 08 3F F8 21 08 21 08  -> 22 22 22 22 FE 00 00 00 
21 08 3F F8 21 08 21 08  -> 80 60 1F 02 02 02 02 7F 
21 08 41 08 41 28 80 10  -> 02 02 42 82 7F 00 00 00 
[0;32mI (29556) idfzk: Hardcoded font_pang data:[0m
00 FE 22 22 FE 44 48 50 
40 FF 40 50 48 44 00 00 
80 7F 02 82 FF 04 04 04 
04 FF 04 04 04 06 04 00 
[0;32mI (29566) idfzk: Converted character data (first 16 bytes):[0m
00 00 FE 22 22 22 22 FE 
22 22 22 22 FE 00 00 00 
[0;32mI (29576) idfzk: Character data (first 16 bytes):[0m
00 00 FE 22 22 22 22 FE 
22 22 22 22 FE 00 00 00 
... (total 32 bytes)
[0;32mI (29596) idfzk: Waiting for WiFi connection...[0m
[0;32mI (30706) idfzk: gt(c1=0xCE, c2=0xB4) = 3877, offset=0x0001E4A0, base=0x00114FDE, total=0x0013347E[0m
[0;32mI (30706) idfzk: Reading character at address: 0x0013347E, size: 32 bytes[0m
[0;32mI (30826) idfzk: Original vs Converted data:[0m
01 00 01 00 01 00 3F F8  -> 80 80 88 88 88 88 88 FF 
01 00 01 00 01 00 FF FE  -> 88 88 88 88 88 80 80 00 
03 80 05 40 09 20 11 10  -> 20 20 10 08 04 02 01 FF 
21 08 C1 06 01 00 01 00  -> 01 02 04 08 10 20 20 00 
[0;32mI (30846) idfzk: Hardcoded font_pang data:[0m
00 FE 22 22 FE 44 48 50 
40 FF 40 50 48 44 00 00 
80 7F 02 82 FF 04 04 04 
04 FF 04 04 04 06 04 00 
[0;32mI (30856) idfzk: Converted character data (first 16 bytes):[0m
80 80 88 88 88 88 88 FF 
88 88 88 88 88 80 80 00 
[0;32mI (30866) idfzk: Character data (first 16 bytes):[0m
80 80 88 88 88 88 88 FF 
88 88 88 88 88 80 80 00 
... (total 32 bytes)
[0;32mI (30956) idfzk: gt(c1=0xC1, c2=0xAC) = 2647, offset=0x00014AE0, base=0x00114FDE, total=0x00129ABE[0m
[0;32mI (30956) idfzk: Reading character at address: 0x00129ABE, size: 32 bytes[0m
[0;32mI (31086) idfzk: Original vs Converted data:[0m
00 40 20 40 17 FE 10 80  -> 40 40 42 CC 00 04 44 64 
00 A0 01 20 F3 FC 10 20  -> 5C 47 F4 44 44 44 04 00 
10 20 10 20 17 FE 10 20  -> 00 40 20 1F 20 44 44 44 
10 20 28 20 47 FE 00 00  -> 44 44 7F 44 44 44 44 00 
[0;32mI (31096) idfzk: Hardcoded font_pang data:[0m
00 FE 22 22 FE 44 48 50 
40 FF 40 50 48 44 00 00 
80 7F 02 82 FF 04 04 04 
04 FF 04 04 04 06 04 00 
[0;32mI (31106) idfzk: Converted character data (first 16 bytes):[0m
40 40 42 CC 00 04 44 64 
5C 47 F4 44 44 44 04 00 
[0;32mI (31116) idfzk: Character data (first 16 bytes):[0m
40 40 42 CC 00 04 44 64 
5C 47 F4 44 44 44 04 00 
... (total 32 bytes)
[0;32mI (31206) idfzk: gt(c1=0xBD, c2=0xD3) = 2310, offset=0x000120C0, base=0x00114FDE, total=0x0012709E[0m
[0;32mI (31216) idfzk: Reading character at address: 0x0012709E, size: 32 bytes[0m
[0;32mI (31336) idfzk: Original vs Converted data:[0m
10 80 10 40 13 FC 10 00  -> 10 10 10 FF 10 50 44 54 
FD 08 10 90 17 FE 10 40  -> 65 C6 44 64 54 44 40 00 
18 40 37 FE D0 88 11 08  -> 04 44 82 7F 01 82 82 4A 
10 90 10 60 51 98 26 04  -> 56 23 22 52 4E 82 02 00 
[0;32mI (31346) idfzk: Hardcoded font_pang data:[0m
00 FE 22 22 FE 44 48 50 
40 FF 40 50 48 44 00 00 
80 7F 02 82 FF 04 04 04 
04 FF 04 04 04 06 04 00 
[0;32mI (31366) idfzk: Converted character data (first 16 bytes):[0m
10 10 10 FF 10 50 44 54 
65 C6 44 64 54 44 40 00 
[0;32mI (31376) idfzk: Character data (first 16 bytes):[0m
10 10 10 FF 10 50 44 54 
65 C6 44 64 54 44 40 00 
... (total 32 bytes)
[0;32mI (31466) idfzk: gt(c1=0xC7, c2=0xEB) = 3274, offset=0x00019940, base=0x00114FDE, total=0x0012E91E[0m
[0;32mI (31466) idfzk: Reading character at address: 0x0012E91E, size: 32 bytes[0m
[0;33mW (31476) idfzk: WiFi disconnected[0m
[0;32mI (31476) idfzk: Attempting to reconnect...[0m
[0;32mI (31596) idfzk: Original vs Converted data:[0m
00 40 40 40 27 FC 20 40  -> 40 42 CC 00 00 44 54 54 
03 F8 00 40 E7 FE 20 00  -> 54 7F 54 54 54 44 40 00 
23 F8 22 08 23 F8 22 08  -> 00 00 7F 20 10 00 FF 15 
2B F8 32 08 22 28 02 10  -> 15 15 55 95 7F 00 00 00 
[0;32mI (31606) idfzk: Hardcoded font_pang data:[0m
00 FE 22 22 FE 44 48 50 
40 FF 40 50 48 44 00 00 
80 7F 02 82 FF 04 04 04 
04 FF 04 04 04 06 04 00 
[0;32mI (31626) idfzk: Converted character data (first 16 bytes):[0m
40 42 CC 00 00 44 54 54 
54 7F 54 54 54 44 40 00 
[0;32mI (31636) idfzk: Character data (first 16 bytes):[0m
40 42 CC 00 00 44 54 54 
54 7F 54 54 54 44 40 00 
... (total 32 bytes)
[0;32mI (31726) idfzk: gt(c1=0xCA, c2=0xB9) = 3506, offset=0x0001B640, base=0x00114FDE, total=0x0013061E[0m
[0;32mI (31726) idfzk: Reading character at address: 0x0013061E, size: 32 bytes[0m
[0;32mI (31856) idfzk: Original vs Converted data:[0m
10 40 10 40 1F FE 20 40  -> 80 60 F8 07 04 E4 24 24 
20 40 67 FC 64 44 A4 44  -> 24 FF 24 24 24 E4 04 00 
27 FC 20 40 22 40 21 40  -> 00 00 FF 00 80 81 45 29 
20 80 21 40 22 30 2C 0E  -> 11 2F 41 41 81 81 80 00 
[0;32mI (31866) idfzk: Hardcoded font_pang data:[0m
00 FE 22 22 FE 44 48 50 
40 FF 40 50 48 44 00 00 
80 7F 02 82 FF 04 04 04 
04 FF 04 04 04 06 04 00 
[0;32mI (31886) idfzk: Converted character data (first 16 bytes):[0m
80 60 F8 07 04 E4 24 24 
24 FF 24 24 24 E4 04 00 
[0;32mI (31896) idfzk: Character data (first 16 bytes):[0m
80 60 F8 07 04 E4 24 24 
24 FF 24 24 24 E4 04 00 
... (total 32 bytes)
[0;32mI (31986) idfzk: gt(c1=0xD3, c2=0xC3) = 4362, offset=0x00022140, base=0x00114FDE, total=0x0013711E[0m
[0;32mI (31986) idfzk: Reading character at address: 0x0013711E, size: 32 bytes[0m
[0;32mI (32116) idfzk: Original vs Converted data:[0m
00 00 3F F8 21 08 21 08  -> 00 00 FE 22 22 22 22 FE 
21 08 3F F8 21 08 21 08  -> 22 22 22 22 FE 00 00 00 
21 08 3F F8 21 08 21 08  -> 80 60 1F 02 02 02 02 7F 
21 08 41 08 41 28 80 10  -> 02 02 42 82 7F 00 00 00 
[0;32mI (32126) idfzk: Hardcoded font_pang data:[0m
00 FE 22 22 FE 44 48 50 
40 FF 40 50 48 44 00 00 
80 7F 02 82 FF 04 04 04 
04 FF 04 04 04 06 04 00 
[0;32mI (32136) idfzk: Converted character data (first 16 bytes):[0m
00 00 FE 22 22 22 22 FE 
22 22 22 22 FE 00 00 00 
[0;32mI (32146) idfzk: Character data (first 16 bytes):[0m
00 00 FE 22 22 22 22 FE 
22 22 22 22 FE 00 00 00 
... (total 32 bytes)
[0;32mI (32176) idfzk: Waiting for WiFi connection...[0m
[0;32mI (33276) idfzk: gt(c1=0xCE, c2=0xB4) = 3877, offset=0x0001E4A0, base=0x00114FDE, total=0x0013347E[0m
[0;32mI (33276) idfzk: Reading character at address: 0x0013347E, size: 32 bytes[0m
[0;32mI (33396) idfzk: Original vs Converted data:[0m
01 00 01 00 01 00 3F F8  -> 80 80 88 88 88 88 88 FF 
01 00 01 00 01 00 FF FE  -> 88 88 88 88 88 80 80 00 
03 80 05 40 09 20 11 10  -> 20 20 10 08 04 02 01 FF 
21 08 C1 06 01 00 01 00  -> 01 02 04 08 10 20 20 00 
[0;32mI (33416) idfzk: Hardcoded font_pang data:[0m
00 FE 22 22 FE 44 48 50 
40 FF 40 50 48 44 00 00 
80 7F 02 82 FF 04 04 04 
04 FF 04 04 04 06 04 00 
[0;32mI (33426) idfzk: Converted character data (first 16 bytes):[0m
80 80 88 88 88 88 88 FF 
88 88 88 88 88 80 80 00 
[0;32mI (33436) idfzk: Character data (first 16 bytes):[0m
80 80 88 88 88 88 88 FF 
88 88 88 88 88 80 80 00 
... (total 32 bytes)
[0;32mI (33526) idfzk: gt(c1=0xC1, c2=0xAC) = 2647, offset=0x00014AE0, base=0x00114FDE, total=0x00129ABE[0m
[0;32mI (33526) idfzk: Reading character at address: 0x00129ABE, size: 32 bytes[0m
[0;32mI (33656) idfzk: Original vs Converted data:[0m
00 40 20 40 17 FE 10 80  -> 40 40 42 CC 00 04 44 64 
00 A0 01 20 F3 FC 10 20  -> 5C 47 F4 44 44 44 04 00 
10 20 10 20 17 FE 10 20  -> 00 40 20 1F 20 44 44 44 
10 20 28 20 47 FE 00 00  -> 44 44 7F 44 44 44 44 00 
[0;32mI (33666) idfzk: Hardcoded font_pang data:[0m
00 FE 22 22 FE 44 48 50 
40 FF 40 50 48 44 00 00 
80 7F 02 82 FF 04 04 04 
04 FF 04 04 04 06 04 00 
[0;32mI (33676) idfzk: Converted character data (first 16 bytes):[0m
40 40 42 CC 00 04 44 64 
5C 47 F4 44 44 44 04 00 
[0;32mI (33686) idfzk: Character data (first 16 bytes):[0m
40 40 42 CC 00 04 44 64 
5C 47 F4 44 44 44 04 00 
... (total 32 bytes)
[0;32mI (33776) idfzk: gt(c1=0xBD, c2=0xD3) = 2310, offset=0x000120C0, base=0x00114FDE, total=0x0012709E[0m
[0;32mI (33776) idfzk: Reading character at address: 0x0012709E, size: 32 bytes[0m
[0;33mW (33896) idfzk: WiFi disconnected[0m
[0;32mI (33896) idfzk: Attempting to reconnect...[0m
[0;32mI (33906) idfzk: Original vs Converted data:[0m
10 80 10 40 13 FC 10 00  -> 10 10 10 FF 10 50 44 54 
FD 08 10 90 17 FE 10 40  -> 65 C6 44 64 54 44 40 00 
18 40 37 FE D0 88 11 08  -> 04 44 82 7F 01 82 82 4A 
10 90 10 60 51 98 26 04  -> 56 23 22 52 4E 82 02 00 
[0;32mI (33926) idfzk: Hardcoded font_pang data:[0m
00 FE 22 22 FE 44 48 50 
40 FF 40 50 48 44 00 00 
80 7F 02 82 FF 04 04 04 
04 FF 04 04 04 06 04 00 
[0;32mI (33936) idfzk: Converted character data (first 16 bytes):[0m
10 10 10 FF 10 50 44 54 
65 C6 44 64 54 44 40 00 
[0;32mI (33946) idfzk: Character data (first 16 bytes):[0m
10 10 10 FF 10 50 44 54 
65 C6 44 64 54 44 40 00 
... (total 32 bytes)
[0;32mI (34036) idfzk: gt(c1=0xC7, c2=0xEB) = 3274, offset=0x00019940, base=0x00114FDE, total=0x0012E91E[0m
[0;32mI (34036) idfzk: Reading character at address: 0x0012E91E, size: 32 bytes[0m
[0;32mI (34166) idfzk: Original vs Converted data:[0m
00 40 40 40 27 FC 20 40  -> 40 42 CC 00 00 44 54 54 
03 F8 00 40 E7 FE 20 00  -> 54 7F 54 54 54 44 40 00 
23 F8 22 08 23 F8 22 08  -> 00 00 7F 20 10 00 FF 15 
2B F8 32 08 22 28 02 10  -> 15 15 55 95 7F 00 00 00 
[0;32mI (34176) idfzk: Hardcoded font_pang data:[0m
00 FE 22 22 FE 44 48 50 
40 FF 40 50 48 44 00 00 
80 7F 02 82 FF 04 04 04 
04 FF 04 04 04 06 04 00 
[0;32mI (34196) idfzk: Converted character data (first 16 bytes):[0m
40 42 CC 00 00 44 54 54 
54 7F 54 54 54 44 40 00 
[0;32mI (34206) idfzk: Character data (first 16 bytes):[0m
40 42 CC 00 00 44 54 54 
54 7F 54 54 54 44 40 00 
... (total 32 bytes)
[0;32mI (34296) idfzk: gt(c1=0xCA, c2=0xB9) = 3506, offset=0x0001B640, base=0x00114FDE, total=0x0013061E[0m
[0;32mI (34296) idfzk: Reading character at address: 0x0013061E, size: 32 bytes[0m
[0;32mI (34426) idfzk: Original vs Converted data:[0m
10 40 10 40 1F FE 20 40  -> 80 60 F8 07 04 E4 24 24 
20 40 67 FC 64 44 A4 44  -> 24 FF 24 24 24 E4 04 00 
27 FC 20 40 22 40 21 40  -> 00 00 FF 00 80 81 45 29 
20 80 21 40 22 30 2C 0E  -> 11 2F 41 41 81 81 80 00 
[0;32mI (34436) idfzk: Hardcoded font_pang data:[0m
00 FE 22 22 FE 44 48 50 
40 FF 40 50 48 44 00 00 
80 7F 02 82 FF 04 04 04 
04 FF 04 04 04 06 04 00 
[0;32mI (34446) idfzk: Converted character data (first 16 bytes):[0m
80 60 F8 07 04 E4 24 24 
24 FF 24 24 24 E4 04 00 
[0;32mI (34456) idfzk: Character data (first 16 bytes):[0m
80 60 F8 07 04 E4 24 24 
24 FF 24 24 24 E4 04 00 
... (total 32 bytes)
[0;32mI (34556) idfzk: gt(c1=0xD3, c2=0xC3) = 4362, offset=0x00022140, base=0x00114FDE, total=0x0013711E[0m
[0;32mI (34556) idfzk: Reading character at address: 0x0013711E, size: 32 bytes[0m
[0;32mI (34686) idfzk: Original vs Converted data:[0m
00 00 3F F8 21 08 21 08  -> 00 00 FE 22 22 22 22 FE 
21 08 3F F8 21 08 21 08  -> 22 22 22 22 FE 00 00 00 
21 08 3F F8 21 08 21 08  -> 80 60 1F 02 02 02 02 7F 
21 08 41 08 41 28 80 10  -> 02 02 42 82 7F 00 00 00 
[0;32mI (34696) idfzk: Hardcoded font_pang data:[0m
00 FE 22 22 FE 44 48 50 
40 FF 40 50 48 44 00 00 
80 7F 02 82 FF 04 04 04 
04 FF 04 04 04 06 04 00 
[0;32mI (34706) idfzk: Converted character data (first 16 bytes):[0m
00 00 FE 22 22 22 22 FE 
22 22 22 22 FE 00 00 00 
[0;32mI (34716) idfzk: Character data (first 16 bytes):[0m
00 00 FE 22 22 22 22 FE 
22 22 22 22 FE 00 00 00 
... (total 32 bytes)
[0;32mI (34746) idfzk: Waiting for WiFi connection...[0m
[0;32mI (35846) idfzk: gt(c1=0xCE, c2=0xB4) = 3877, offset=0x0001E4A0, base=0x00114FDE, total=0x0013347E[0m
[0;32mI (35846) idfzk: Reading character at address: 0x0013347E, size: 32 bytes[0m
[0;32mI (35966) idfzk: Original vs Converted data:[0m
01 00 01 00 01 00 3F F8  -> 80 80 88 88 88 88 88 FF 
01 00 01 00 01 00 FF FE  -> 88 88 88 88 88 80 80 00 
03 80 05 40 09 20 11 10  -> 20 20 10 08 04 02 01 FF 
21 08 C1 06 01 00 01 00  -> 01 02 04 08 10 20 20 00 
[0;32mI (35986) idfzk: Hardcoded font_pang data:[0m
00 FE 22 22 FE 44 48 50 
40 FF 40 50 48 44 00 00 
80 7F 02 82 FF 04 04 04 
04 FF 04 04 04 06 04 00 
[0;32mI (35996) idfzk: Converted character data (first 16 bytes):[0m
80 80 88 88 88 88 88 FF 
88 88 88 88 88 80 80 00 
[0;32mI (36006) idfzk: Character data (first 16 bytes):[0m
80 80 88 88 88 88 88 FF 
88 88 88 88 88 80 80 00 
... (total 32 bytes)
[0;32mI (36096) idfzk: gt(c1=0xC1, c2=0xAC) = 2647, offset=0x00014AE0, base=0x00114FDE, total=0x00129ABE[0m
[0;32mI (36096) idfzk: Reading character at address: 0x00129ABE, size: 32 bytes[0m
[0;32mI (36226) idfzk: Original vs Converted data:[0m
00 40 20 40 17 FE 10 80  -> 40 40 42 CC 00 04 44 64 
00 A0 01 20 F3 FC 10 20  -> 5C 47 F4 44 44 44 04 00 
10 20 10 20 17 FE 10 20  -> 00 40 20 1F 20 44 44 44 
10 20 28 20 47 FE 00 00  -> 44 44 7F 44 44 44 44 00 
[0;32mI (36236) idfzk: Hardcoded font_pang data:[0m
00 FE 22 22 FE 44 48 50 
40 FF 40 50 48 44 00 00 
80 7F 02 82 FF 04 04 04 
04 FF 04 04 04 06 04 00 
[0;32mI (36246) idfzk: Converted character data (first 16 bytes):[0m
40 40 42 CC 00 04 44 64 
5C 47 F4 44 44 44 04 00 
[0;32mI (36256) idfzk: Character data (first 16 bytes):[0m
40 40 42 CC 00 04 44 64 
5C 47 F4 44 44 44 04 00 
... (total 32 bytes)
[0;33mW (36306) idfzk: WiFi disconnected[0m
[0;32mI (36306) idfzk: Attempting to reconnect...[0m
[0;32mI (36356) idfzk: gt(c1=0xBD, c2=0xD3) = 2310, offset=0x000120C0, base=0x00114FDE, total=0x0012709E[0m
[0;32mI (36356) idfzk: Reading character at address: 0x0012709E, size: 32 bytes[0m
[0;32mI (36486) idfzk: Original vs Converted data:[0m
10 80 10 40 13 FC 10 00  -> 10 10 10 FF 10 50 44 54 
FD 08 10 90 17 FE 10 40  -> 65 C6 44 64 54 44 40 00 
18 40 37 FE D0 88 11 08  -> 04 44 82 7F 01 82 82 4A 
10 90 10 60 51 98 26 04  -> 56 23 22 52 4E 82 02 00 
[0;32mI (36496) idfzk: Hardcoded font_pang data:[0m
00 FE 22 22 FE 44 48 50 
40 FF 40 50 48 44 00 00 
80 7F 02 82 FF 04 04 04 
04 FF 04 04 04 06 04 00 
[0;32mI (36506) idfzk: Converted character data (first 16 bytes):[0m
10 10 10 FF 10 50 44 54 
65 C6 44 64 54 44 40 00 
[0;32mI (36516) idfzk: Character data (first 16 bytes):[0m
10 10 10 FF 10 50 44 54 
65 C6 44 64 54 44 40 00 
... (total 32 bytes)
[0;32mI (36616) idfzk: gt(c1=0xC7, c2=0xEB) = 3274, offset=0x00019940, base=0x00114FDE, total=0x0012E91E[0m
[0;32mI (36616) idfzk: Reading character at address: 0x0012E91E, size: 32 bytes[0m
[0;32mI (36736) idfzk: Original vs Converted data:[0m
00 40 40 40 27 FC 20 40  -> 40 42 CC 00 00 44 54 54 
03 F8 00 40 E7 FE 20 00  -> 54 7F 54 54 54 44 40 00 
23 F8 22 08 23 F8 22 08  -> 00 00 7F 20 10 00 FF 15 
2B F8 32 08 22 28 02 10  -> 15 15 55 95 7F 00 00 00 
[0;32mI (36756) idfzk: Hardcoded font_pang data:[0m
00 FE 22 22 FE 44 48 50 
40 FF 40 50 48 44 00 00 
80 7F 02 82 FF 04 04 04 
04 FF 04 04 04 06 04 00 
[0;32mI (36766) idfzk: Converted character data (first 16 bytes):[0m
40 42 CC 00 00 44 54 54 
54 7F 54 54 54 44 40 00 
[0;32mI (36776) idfzk: Character data (first 16 bytes):[0m
40 42 CC 00 00 44 54 54 
54 7F 54 54 54 44 40 00 
... (total 32 bytes)
[0;32mI (36866) idfzk: gt(c1=0xCA, c2=0xB9) = 3506, offset=0x0001B640, base=0x00114FDE, total=0x0013061E[0m
[0;32mI (36866) idfzk: Reading character at address: 0x0013061E, size: 32 bytes[0m
[0;32mI (36996) idfzk: Original vs Converted data:[0m
10 40 10 40 1F FE 20 40  -> 80 60 F8 07 04 E4 24 24 
20 40 67 FC 64 44 A4 44  -> 24 FF 24 24 24 E4 04 00 
27 FC 20 40 22 40 21 40  -> 00 00 FF 00 80 81 45 29 
20 80 21 40 22 30 2C 0E  -> 11 2F 41 41 81 81 80 00 
[0;32mI (37006) idfzk: Hardcoded font_pang data:[0m
00 FE 22 22 FE 44 48 50 
40 FF 40 50 48 44 00 00 
80 7F 02 82 FF 04 04 04 
04 FF 04 04 04 06 04 00 
[0;32mI (37026) idfzk: Converted character data (first 16 bytes):[0m
80 60 F8 07 04 E4 24 24 
24 FF 24 24 24 E4 04 00 
[0;32mI (37036) idfzk: Character data (first 16 bytes):[0m
80 60 F8 07 04 E4 24 24 
24 FF 24 24 24 E4 04 00 
... (total 32 bytes)
[0;32mI (37126) idfzk: gt(c1=0xD3, c2=0xC3) = 4362, offset=0x00022140, base=0x00114FDE, total=0x0013711E[0m
[0;32mI (37126) idfzk: Reading character at address: 0x0013711E, size: 32 bytes[0m
[0;32mI (37256) idfzk: Original vs Converted data:[0m
00 00 3F F8 21 08 21 08  -> 00 00 FE 22 22 22 22 FE 
21 08 3F F8 21 08 21 08  -> 22 22 22 22 FE 00 00 00 
21 08 3F F8 21 08 21 08  -> 80 60 1F 02 02 02 02 7F 
21 08 41 08 41 28 80 10  -> 02 02 42 82 7F 00 00 00 
[0;32mI (37266) idfzk: Hardcoded font_pang data:[0m
00 FE 22 22 FE 44 48 50 
40 FF 40 50 48 44 00 00 
80 7F 02 82 FF 04 04 04 
04 FF 04 04 04 06 04 00 
[0;32mI (37276) idfzk: Converted character data (first 16 bytes):[0m
00 00 FE 22 22 22 22 FE 
22 22 22 22 FE 00 00 00 
[0;32mI (37296) idfzk: Character data (first 16 bytes):[0m
00 00 FE 22 22 22 22 FE 
22 22 22 22 FE 00 00 00 
... (total 32 bytes)
[0;32mI (37316) idfzk: Waiting for WiFi connection...[0m
[0;32mI (38416) idfzk: gt(c1=0xCE, c2=0xB4) = 3877, offset=0x0001E4A0, base=0x00114FDE, total=0x0013347E[0m
[0;32mI (38416) idfzk: Reading character at address: 0x0013347E, size: 32 bytes[0m
[0;32mI (38536) idfzk: Original vs Converted data:[0m
01 00 01 00 01 00 3F F8  -> 80 80 88 88 88 88 88 FF 
01 00 01 00 01 00 FF FE  -> 88 88 88 88 88 80 80 00 
03 80 05 40 09 20 11 10  -> 20 20 10 08 04 02 01 FF 
21 08 C1 06 01 00 01 00  -> 01 02 04 08 10 20 20 00 
[0;32mI (38556) idfzk: Hardcoded font_pang data:[0m
00 FE 22 22 FE 44 48 50 
40 FF 40 50 48 44 00 00 
80 7F 02 82 FF 04 04 04 
04 FF 04 04 04 06 04 00 
[0;32mI (38566) idfzk: Converted character data (first 16 bytes):[0m
80 80 88 88 88 88 88 FF 
88 88 88 88 88 80 80 00 
[0;32mI (38576) idfzk: Character data (first 16 bytes):[0m
80 80 88 88 88 88 88 FF 
88 88 88 88 88 80 80 00 
... (total 32 bytes)
[0;32mI (38666) idfzk: gt(c1=0xC1, c2=0xAC) = 2647, offset=0x00014AE0, base=0x00114FDE, total=0x00129ABE[0m
[0;32mI (38666) idfzk: Reading character at address: 0x00129ABE, size: 32 bytes[0m
[0;33mW (38716) idfzk: WiFi disconnected[0m
[0;32mI (38716) idfzk: Attempting to reconnect...[0m
[0;32mI (38796) idfzk: Original vs Converted data:[0m
00 40 20 40 17 FE 10 80  -> 40 40 42 CC 00 04 44 64 
00 A0 01 20 F3 FC 10 20  -> 5C 47 F4 44 44 44 04 00 
10 20 10 20 17 FE 10 20  -> 00 40 20 1F 20 44 44 44 
10 20 28 20 47 FE 00 00  -> 44 44 7F 44 44 44 44 00 
[0;32mI (38806) idfzk: Hardcoded font_pang data:[0m
00 FE 22 22 FE 44 48 50 
40 FF 40 50 48 44 00 00 
80 7F 02 82 FF 04 04 04 
04 FF 04 04 04 06 04 00 
[0;32mI (38826) idfzk: Converted character data (first 16 bytes):[0m
40 40 42 CC 00 04 44 64 
5C 47 F4 44 44 44 04 00 
[0;32mI (38836) idfzk: Character data (first 16 bytes):[0m
40 40 42 CC 00 04 44 64 
5C 47 F4 44 44 44 04 00 
... (total 32 bytes)
[0;32mI (38926) idfzk: gt(c1=0xBD, c2=0xD3) = 2310, offset=0x000120C0, base=0x00114FDE, total=0x0012709E[0m
[0;32mI (38926) idfzk: Reading character at address: 0x0012709E, size: 32 bytes[0m
[0;32mI (39056) idfzk: Original vs Converted data:[0m
10 80 10 40 13 FC 10 00  -> 10 10 10 FF 10 50 44 54 
FD 08 10 90 17 FE 10 40  -> 65 C6 44 64 54 44 40 00 
18 40 37 FE D0 88 11 08  -> 04 44 82 7F 01 82 82 4A 
10 90 10 60 51 98 26 04  -> 56 23 22 52 4E 82 02 00 
[0;32mI (39066) idfzk: Hardcoded font_pang data:[0m
00 FE 22 22 FE 44 48 50 
40 FF 40 50 48 44 00 00 
80 7F 02 82 FF 04 04 04 
04 FF 04 04 04 06 04 00 
[0;32mI (39076) idfzk: Converted character data (first 16 bytes):[0m
10 10 10 FF 10 50 44 54 
65 C6 44 64 54 44 40 00 
[0;32mI (39086) idfzk: Character data (first 16 bytes):[0m
10 10 10 FF 10 50 44 54 
65 C6 44 64 54 44 40 00 
... (total 32 bytes)
[0;32mI (39176) idfzk: gt(c1=0xC7, c2=0xEB) = 3274, offset=0x00019940, base=0x00114FDE, total=0x0012E91E[0m
[0;32mI (39186) idfzk: Reading character at address: 0x0012E91E, size: 32 bytes[0m
[0;32mI (39306) idfzk: Original vs Converted data:[0m
00 40 40 40 27 FC 20 40  -> 40 42 CC 00 00 44 54 54 
03 F8 00 40 E7 FE 20 00  -> 54 7F 54 54 54 44 40 00 
23 F8 22 08 23 F8 22 08  -> 00 00 7F 20 10 00 FF 15 
2B F8 32 08 22 28 02 10  -> 15 15 55 95 7F 00 00 00 
[0;32mI (39316) idfzk: Hardcoded font_pang data:[0m
00 FE 22 22 FE 44 48 50 
40 FF 40 50 48 44 00 00 
80 7F 02 82 FF 04 04 04 
04 FF 04 04 04 06 04 00 
[0;32mI (39336) idfzk: Converted character data (first 16 bytes):[0m
40 42 CC 00 00 44 54 54 
54 7F 54 54 54 44 40 00 
[0;32mI (39346) idfzk: Character data (first 16 bytes):[0m
40 42 CC 00 00 44 54 54 
54 7F 54 54 54 44 40 00 
... (total 32 bytes)
[0;32mI (39436) idfzk: gt(c1=0xCA, c2=0xB9) = 3506, offset=0x0001B640, base=0x00114FDE, total=0x0013061E[0m
[0;32mI (39436) idfzk: Reading character at address: 0x0013061E, size: 32 bytes[0m
[0;32mI (39566) idfzk: Original vs Converted data:[0m
10 40 10 40 1F FE 20 40  -> 80 60 F8 07 04 E4 24 24 
20 40 67 FC 64 44 A4 44  -> 24 FF 24 24 24 E4 04 00 
27 FC 20 40 22 40 21 40  -> 00 00 FF 00 80 81 45 29 
20 80 21 40 22 30 2C 0E  -> 11 2F 41 41 81 81 80 00 
[0;32mI (39576) idfzk: Hardcoded font_pang data:[0m
00 FE 22 22 FE 44 48 50 
40 FF 40 50 48 44 00 00 
80 7F 02 82 FF 04 04 04 
04 FF 04 04 04 06 04 00 
[0;32mI (39586) idfzk: Converted character data (first 16 bytes):[0m
80 60 F8 07 04 E4 24 24 
24 FF 24 24 24 E4 04 00 
[0;32mI (39606) idfzk: Character data (first 16 bytes):[0m
80 60 F8 07 04 E4 24 24 
24 FF 24 24 24 E4 04 00 
... (total 32 bytes)
[0;32mI (39696) idfzk: gt(c1=0xD3, c2=0xC3) = 4362, offset=0x00022140, base=0x00114FDE, total=0x0013711E[0m
[0;32mI (39696) idfzk: Reading character at address: 0x0013711E, size: 32 bytes[0m
[0;32mI (39826) idfzk: Original vs Converted data:[0m
00 00 3F F8 21 08 21 08  -> 00 00 FE 22 22 22 22 FE 
21 08 3F F8 21 08 21 08  -> 22 22 22 22 FE 00 00 00 
21 08 3F F8 21 08 21 08  -> 80 60 1F 02 02 02 02 7F 
21 08 41 08 41 28 80 10  -> 02 02 42 82 7F 00 00 00 
[0;32mI (39836) idfzk: Hardcoded font_pang data:[0m
00 FE 22 22 FE 44 48 50 
40 FF 40 50 48 44 00 00 
80 7F 02 82 FF 04 04 04 
04 FF 04 04 04 06 04 00 
[0;32mI (39846) idfzk: Converted character data (first 16 bytes):[0m
00 00 FE 22 22 22 22 FE 
22 22 22 22 FE 00 00 00 
[0;32mI (39856) idfzk: Character data (first 16 bytes):[0m
00 00 FE 22 22 22 22 FE 
22 22 22 22 FE 00 00 00 
... (total 32 bytes)
[0;32mI (39886) idfzk: Waiting for WiFi connection...[0m
[0;32mI (40986) idfzk: gt(c1=0xCE, c2=0xB4) = 3877, offset=0x0001E4A0, base=0x00114FDE, total=0x0013347E[0m
[0;32mI (40986) idfzk: Reading character at address: 0x0013347E, size: 32 bytes[0m
[0;32mI (41106) idfzk: Original vs Converted data:[0m
01 00 01 00 01 00 3F F8  -> 80 80 88 88 88 88 88 FF 
01 00 01 00 01 00 FF FE  -> 88 88 88 88 88 80 80 00 
03 80 05 40 09 20 11 10  -> 20 20 10 08 04 02 01 FF 
21 08 C1 06 01 00 01 00  -> 01 02 04 08 10 20 20 00 
[0;32mI (41116) idfzk: Hardcoded font_pang data:[0m
00 FE 22 22 FE 44 48 50 
40 FF 40 50 48 44 00 00 
80 7F 02 82 FF 04 04 04 
[0;33mW (41136) idfzk: WiFi disconnected[0m
[0;32mI (41136) idfzk: Attempting to reconnect...[0m
04 FF 04 04 04 06 04 00 
[0;32mI (41146) idfzk: Converted character data (first 16 bytes):[0m
80 80 88 88 88 88 88 FF 
88 88 88 88 88 80 80 00 
[0;32mI (41156) idfzk: Character data (first 16 bytes):[0m
80 80 88 88 88 88 88 FF 
88 88 88 88 88 80 80 00 
... (total 32 bytes)
[0;32mI (41246) idfzk: gt(c1=0xC1, c2=0xAC) = 2647, offset=0x00014AE0, base=0x00114FDE, total=0x00129ABE[0m
[0;32mI (41246) idfzk: Reading character at address: 0x00129ABE, size: 32 bytes[0m
[0;32mI (41376) idfzk: Original vs Converted data:[0m
00 40 20 40 17 FE 10 80  -> 40 40 42 CC 00 04 44 64 
00 A0 01 20 F3 FC 10 20  -> 5C 47 F4 44 44 44 04 00 
10 20 10 20 17 FE 10 20  -> 00 40 20 1F 20 44 44 44 
10 20 28 20 47 FE 00 00  -> 44 44 7F 44 44 44 44 00 
[0;32mI (41386) idfzk: Hardcoded font_pang data:[0m
00 FE 22 22 FE 44 48 50 
40 FF 40 50 48 44 00 00 
80 7F 02 82 FF 04 04 04 
04 FF 04 04 04 06 04 00 
[0;32mI (41396) idfzk: Converted character data (first 16 bytes):[0m
40 40 42 CC 00 04 44 64 
5C 47 F4 44 44 44 04 00 
[0;32mI (41406) idfzk: Character data (first 16 bytes):[0m
40 40 42 CC 00 04 44 64 
5C 47 F4 44 44 44 04 00 
... (total 32 bytes)
[0;32mI (41496) idfzk: gt(c1=0xBD, c2=0xD3) = 2310, offset=0x000120C0, base=0x00114FDE, total=0x0012709E[0m
[0;32mI (41496) idfzk: Reading character at address: 0x0012709E, size: 32 bytes[0m
[0;32mI (41626) idfzk: Original vs Converted data:[0m
10 80 10 40 13 FC 10 00  -> 10 10 10 FF 10 50 44 54 
FD 08 10 90 17 FE 10 40  -> 65 C6 44 64 54 44 40 00 
18 40 37 FE D0 88 11 08  -> 04 44 82 7F 01 82 82 4A 
10 90 10 60 51 98 26 04  -> 56 23 22 52 4E 82 02 00 
[0;32mI (41636) idfzk: Hardcoded font_pang data:[0m
00 FE 22 22 FE 44 48 50 
40 FF 40 50 48 44 00 00 
80 7F 02 82 FF 04 04 04 
04 FF 04 04 04 06 04 00 
[0;32mI (41656) idfzk: Converted character data (first 16 bytes):[0m
10 10 10 FF 10 50 44 54 
65 C6 44 64 54 44 40 00 
[0;32mI (41666) idfzk: Character data (first 16 bytes):[0m
10 10 10 FF 10 50 44 54 
65 C6 44 64 54 44 40 00 
... (total 32 bytes)
[0;32mI (41756) idfzk: gt(c1=0xC7, c2=0xEB) = 3274, offset=0x00019940, base=0x00114FDE, total=0x0012E91E[0m
[0;32mI (41756) idfzk: Reading character at address: 0x0012E91E, size: 32 bytes[0m
[0;32mI (41886) idfzk: Original vs Converted data:[0m
00 40 40 40 27 FC 20 40  -> 40 42 CC 00 00 44 54 54 
03 F8 00 40 E7 FE 20 00  -> 54 7F 54 54 54 44 40 00 
23 F8 22 08 23 F8 22 08  -> 00 00 7F 20 10 00 FF 15 
2B F8 32 08 22 28 02 10  -> 15 15 55 95 7F 00 00 00 
[0;32mI (41896) idfzk: Hardcoded font_pang data:[0m
00 FE 22 22 FE 44 48 50 
40 FF 40 50 48 44 00 00 
80 7F 02 82 FF 04 04 04 
04 FF 04 04 04 06 04 00 
[0;32mI (41916) idfzk: Converted character data (first 16 bytes):[0m
40 42 CC 00 00 44 54 54 
54 7F 54 54 54 44 40 00 
[0;32mI (41926) idfzk: Character data (first 16 bytes):[0m
40 42 CC 00 00 44 54 54 
54 7F 54 54 54 44 40 00 
... (total 32 bytes)
[0;32mI (42016) idfzk: gt(c1=0xCA, c2=0xB9) = 3506, offset=0x0001B640, base=0x00114FDE, total=0x0013061E[0m
[0;32mI (42016) idfzk: Reading character at address: 0x0013061E, size: 32 bytes[0m
[0;32mI (42146) idfzk: Original vs Converted data:[0m
10 40 10 40 1F FE 20 40  -> 80 60 F8 07 04 E4 24 24 
20 40 67 FC 64 44 A4 44  -> 24 FF 24 24 24 E4 04 00 
27 FC 20 40 22 40 21 40  -> 00 00 FF 00 80 81 45 29 
20 80 21 40 22 30 2C 0E  -> 11 2F 41 41 81 81 80 00 
[0;32mI (42156) idfzk: Hardcoded font_pang data:[0m
00 FE 22 22 FE 44 48 50 
40 FF 40 50 48 44 00 00 
80 7F 02 82 FF 04 04 04 
04 FF 04 04 04 06 04 00 
[0;32mI (42166) idfzk: Converted character data (first 16 bytes):[0m
80 60 F8 07 04 E4 24 24 
24 FF 24 24 24 E4 04 00 
[0;32mI (42176) idfzk: Character data (first 16 bytes):[0m
80 60 F8 07 04 E4 24 24 
24 FF 24 24 24 E4 04 00 
... (total 32 bytes)
[0;32mI (42276) idfzk: gt(c1=0xD3, c2=0xC3) = 4362, offset=0x00022140, base=0x00114FDE, total=0x0013711E[0m
[0;32mI (42276) idfzk: Reading character at address: 0x0013711E, size: 32 bytes[0m
[0;32mI (42406) idfzk: Original vs Converted data:[0m
00 00 3F F8 21 08 21 08  -> 00 00 FE 22 22 22 22 FE 
21 08 3F F8 21 08 21 08  -> 22 22 22 22 FE 00 00 00 
21 08 3F F8 21 08 21 08  -> 80 60 1F 02 02 02 02 7F 
21 08 41 08 41 28 80 10  -> 02 02 42 82 7F 00 00 00 
[0;32mI (42416) idfzk: Hardcoded font_pang data:[0m
00 FE 22 22 FE 44 48 50 
40 FF 40 50 48 44 00 00 
80 7F 02 82 FF 04 04 04 
04 FF 04 04 04 06 04 00 
[0;32mI (42426) idfzk: Converted character data (first 16 bytes):[0m
00 00 FE 22 22 22 22 FE 
22 22 22 22 FE 00 00 00 
[0;32mI (42436) idfzk: Character data (first 16 bytes):[0m
00 00 FE 22 22 22 22 FE 
22 22 22 22 FE 00 00 00 
... (total 32 bytes)
[0;32mI (42456) idfzk: Waiting for WiFi connection...[0m
[0;32mI (43556) idfzk: gt(c1=0xCE, c2=0xB4) = 3877, offset=0x0001E4A0, base=0x00114FDE, total=0x0013347E[0m
[0;32mI (43556) idfzk: Reading character at address: 0x0013347E, size: 32 bytes[0m
[0;33mW (43556) idfzk: WiFi disconnected[0m
[0;32mI (43566) idfzk: Attempting to reconnect...[0m
[0;32mI (43696) idfzk: Original vs Converted data:[0m
01 00 01 00 01 00 3F F8  -> 80 80 88 88 88 88 88 FF 
01 00 01 00 01 00 FF FE  -> 88 88 88 88 88 80 80 00 
03 80 05 40 09 20 11 10  -> 20 20 10 08 04 02 01 FF 
21 08 C1 06 01 00 01 00  -> 01 02 04 08 10 20 20 00 
[0;32mI (43706) idfzk: Hardcoded font_pang data:[0m
00 FE 22 22 FE 44 48 50 
40 FF 40 50 48 44 00 00 
80 7F 02 82 FF 04 04 04 
04 FF 04 04 04 06 04 00 
[0;32mI (43716) idfzk: Converted character data (first 16 bytes):[0m
80 80 88 88 88 88 88 FF 
88 88 88 88 88 80 80 00 
[0;32mI (43726) idfzk: Character data (first 16 bytes):[0m
80 80 88 88 88 88 88 FF 
88 88 88 88 88 80 80 00 
... (total 32 bytes)
[0;32mI (43826) idfzk: gt(c1=0xC1, c2=0xAC) = 2647, offset=0x00014AE0, base=0x00114FDE, total=0x00129ABE[0m
[0;32mI (43826) idfzk: Reading character at address: 0x00129ABE, size: 32 bytes[0m
[0;32mI (43946) idfzk: Original vs Converted data:[0m
00 40 20 40 17 FE 10 80  -> 40 40 42 CC 00 04 44 64 
00 A0 01 20 F3 FC 10 20  -> 5C 47 F4 44 44 44 04 00 
10 20 10 20 17 FE 10 20  -> 00 40 20 1F 20 44 44 44 
10 20 28 20 47 FE 00 00  -> 44 44 7F 44 44 44 44 00 
[0;32mI (43956) idfzk: Hardcoded font_pang data:[0m
00 FE 22 22 FE 44 48 50 
40 FF 40 50 48 44 00 00 
80 7F 02 82 FF 04 04 04 
04 FF 04 04 04 06 04 00 
[0;32mI (43976) idfzk: Converted character data (first 16 bytes):[0m
40 40 42 CC 00 04 44 64 
5C 47 F4 44 44 44 04 00 
[0;32mI (43986) idfzk: Character data (first 16 bytes):[0m
40 40 42 CC 00 04 44 64 
5C 47 F4 44 44 44 04 00 
... (total 32 bytes)
[0;32mI (44076) idfzk: gt(c1=0xBD, c2=0xD3) = 2310, offset=0x000120C0, base=0x00114FDE, total=0x0012709E[0m
[0;32mI (44076) idfzk: Reading character at address: 0x0012709E, size: 32 bytes[0m
[0;32mI (44206) idfzk: Original vs Converted data:[0m
10 80 10 40 13 FC 10 00  -> 10 10 10 FF 10 50 44 54 
FD 08 10 90 17 FE 10 40  -> 65 C6 44 64 54 44 40 00 
18 40 37 FE D0 88 11 08  -> 04 44 82 7F 01 82 82 4A 
10 90 10 60 51 98 26 04  -> 56 23 22 52 4E 82 02 00 
[0;32mI (44216) idfzk: Hardcoded font_pang data:[0m
00 FE 22 22 FE 44 48 50 
40 FF 40 50 48 44 00 00 
80 7F 02 82 FF 04 04 04 
04 FF 04 04 04 06 04 00 
[0;32mI (44236) idfzk: Converted character data (first 16 bytes):[0m
10 10 10 FF 10 50 44 54 
65 C6 44 64 54 44 40 00 
[0;32mI (44246) idfzk: Character data (first 16 bytes):[0m
10 10 10 FF 10 50 44 54 
65 C6 44 64 54 44 40 00 
... (total 32 bytes)
[0;32mI (44336) idfzk: gt(c1=0xC7, c2=0xEB) = 3274, offset=0x00019940, base=0x00114FDE, total=0x0012E91E[0m
[0;32mI (44336) idfzk: Reading character at address: 0x0012E91E, size: 32 bytes[0m
[0;32mI (44466) idfzk: Original vs Converted data:[0m
00 40 40 40 27 FC 20 40  -> 40 42 CC 00 00 44 54 54 
03 F8 00 40 E7 FE 20 00  -> 54 7F 54 54 54 44 40 00 
23 F8 22 08 23 F8 22 08  -> 00 00 7F 20 10 00 FF 15 
2B F8 32 08 22 28 02 10  -> 15 15 55 95 7F 00 00 00 
[0;32mI (44476) idfzk: Hardcoded font_pang data:[0m
00 FE 22 22 FE 44 48 50 
40 FF 40 50 48 44 00 00 
80 7F 02 82 FF 04 04 04 
04 FF 04 04 04 06 04 00 
[0;32mI (44486) idfzk: Converted character data (first 16 bytes):[0m
40 42 CC 00 00 44 54 54 
54 7F 54 54 54 44 40 00 
[0;32mI (44496) idfzk: Character data (first 16 bytes):[0m
40 42 CC 00 00 44 54 54 
54 7F 54 54 54 44 40 00 
... (total 32 bytes)
[0;32mI (44596) idfzk: gt(c1=0xCA, c2=0xB9) = 3506, offset=0x0001B640, base=0x00114FDE, total=0x0013061E[0m
[0;32mI (44596) idfzk: Reading character at address: 0x0013061E, size: 32 bytes[0m
[0;32mI (44716) idfzk: Original vs Converted data:[0m
10 40 10 40 1F FE 20 40  -> 80 60 F8 07 04 E4 24 24 
20 40 67 FC 64 44 A4 44  -> 24 FF 24 24 24 E4 04 00 
27 FC 20 40 22 40 21 40  -> 00 00 FF 00 80 81 45 29 
20 80 21 40 22 30 2C 0E  -> 11 2F 41 41 81 81 80 00 
[0;32mI (44736) idfzk: Hardcoded font_pang data:[0m
00 FE 22 22 FE 44 48 50 
40 FF 40 50 48 44 00 00 
80 7F 02 82 FF 04 04 04 
04 FF 04 04 04 06 04 00 
[0;32mI (44746) idfzk: Converted character data (first 16 bytes):[0m
80 60 F8 07 04 E4 24 24 
24 FF 24 24 24 E4 04 00 
[0;32mI (44756) idfzk: Character data (first 16 bytes):[0m
80 60 F8 07 04 E4 24 24 
24 FF 24 24 24 E4 04 00 
... (total 32 bytes)
[0;32mI (44856) idfzk: gt(c1=0xD3, c2=0xC3) = 4362, offset=0x00022140, base=0x00114FDE, total=0x0013711E[0m
[0;32mI (44856) idfzk: Reading character at address: 0x0013711E, size: 32 bytes[0m
[0;32mI (44976) idfzk: Original vs Converted data:[0m
00 00 3F F8 21 08 21 08  -> 00 00 FE 22 22 22 22 FE 
21 08 3F F8 21 08 21 08  -> 22 22 22 22 FE 00 00 00 
21 08 3F F8 21 08 21 08  -> 80 60 1F 02 02 02 02 7F 
21 08 41 08 41 28 80 10  -> 02 02 42 82 7F 00 00 00 
[0;32mI (44996) idfzk: Hardcoded font_pang data:[0m
00 FE 22 22 FE 44 48 50 
40 FF 40 50 48 44 00 00 
80 7F 02 82 FF 04 04 04 
04 FF 04 04 04 06 04 00 
[0;32mI (45006) idfzk: Converted character data (first 16 bytes):[0m
00 00 FE 22 22 22 22 FE 
22 22 22 22 FE 00 00 00 
[0;32mI (45016) idfzk: Character data (first 16 bytes):[0m
00 00 FE 22 22 22 22 FE 
22 22 22 22 FE 00 00 00 
... (total 32 bytes)
[0;32mI (45036) idfzk: Waiting for WiFi connection...[0m
[0;33mW (45976) idfzk: WiFi disconnected[0m
[0;32mI (45976) idfzk: Attempting to reconnect...[0m
[0;32mI (46136) idfzk: gt(c1=0xCE, c2=0xB4) = 3877, offset=0x0001E4A0, base=0x00114FDE, total=0x0013347E[0m
[0;32mI (46136) idfzk: Reading character at address: 0x0013347E, size: 32 bytes[0m
[0;32mI (46266) idfzk: Original vs Converted data:[0m
01 00 01 00 01 00 3F F8  -> 80 80 88 88 88 88 88 FF 
01 00 01 00 01 00 FF FE  -> 88 88 88 88 88 80 80 00 
03 80 05 40 09 20 11 10  -> 20 20 10 08 04 02 01 FF 
21 08 C1 06 01 00 01 00  -> 01 02 04 08 10 20 20 00 
[0;32mI (46276) idfzk: Hardcoded font_pang data:[0m
00 FE 22 22 FE 44 48 50 
40 FF 40 50 48 44 00 00 
80 7F 02 82 FF 04 04 04 
04 FF 04 04 04 06 04 00 
[0;32mI (46286) idfzk: Converted character data (first 16 bytes):[0m
80 80 88 88 88 88 88 FF 
88 88 88 88 88 80 80 00 
[0;32mI (46296) idfzk: Character data (first 16 bytes):[0m
80 80 88 88 88 88 88 FF 
88 88 88 88 88 80 80 00 
... (total 32 bytes)
[0;32mI (46396) idfzk: gt(c1=0xC1, c2=0xAC) = 2647, offset=0x00014AE0, base=0x00114FDE, total=0x00129ABE[0m
[0;32mI (46396) idfzk: Reading character at address: 0x00129ABE, size: 32 bytes[0m
[0;32mI (46516) idfzk: Original vs Converted data:[0m
00 40 20 40 17 FE 10 80  -> 40 40 42 CC 00 04 44 64 
00 A0 01 20 F3 FC 10 20  -> 5C 47 F4 44 44 44 04 00 
10 20 10 20 17 FE 10 20  -> 00 40 20 1F 20 44 44 44 
10 20 28 20 47 FE 00 00  -> 44 44 7F 44 44 44 44 00 
[0;32mI (46536) idfzk: Hardcoded font_pang data:[0m
00 FE 22 22 FE 44 48 50 
40 FF 40 50 48 44 00 00 
80 7F 02 82 FF 04 04 04 
04 FF 04 04 04 06 04 00 
[0;32mI (46546) idfzk: Converted character data (first 16 bytes):[0m
40 40 42 CC 00 04 44 64 
5C 47 F4 44 44 44 04 00 
[0;32mI (46556) idfzk: Character data (first 16 bytes):[0m
40 40 42 CC 00 04 44 64 
5C 47 F4 44 44 44 04 00 
... (total 32 bytes)
[0;32mI (46646) idfzk: gt(c1=0xBD, c2=0xD3) = 2310, offset=0x000120C0, base=0x00114FDE, total=0x0012709E[0m
[0;32mI (46646) idfzk: Reading character at address: 0x0012709E, size: 32 bytes[0m
[0;32mI (46776) idfzk: Original vs Converted data:[0m
10 80 10 40 13 FC 10 00  -> 10 10 10 FF 10 50 44 54 
FD 08 10 90 17 FE 10 40  -> 65 C6 44 64 54 44 40 00 
18 40 37 FE D0 88 11 08  -> 04 44 82 7F 01 82 82 4A 
10 90 10 60 51 98 26 04  -> 56 23 22 52 4E 82 02 00 
[0;32mI (46786) idfzk: Hardcoded font_pang data:[0m
00 FE 22 22 FE 44 48 50 
40 FF 40 50 48 44 00 00 
80 7F 02 82 FF 04 04 04 
04 FF 04 04 04 06 04 00 
[0;32mI (46806) idfzk: Converted character data (first 16 bytes):[0m
10 10 10 FF 10 50 44 54 
65 C6 44 64 54 44 40 00 
[0;32mI (46816) idfzk: Character data (first 16 bytes):[0m
10 10 10 FF 10 50 44 54 
65 C6 44 64 54 44 40 00 
... (total 32 bytes)
[0;32mI (46906) idfzk: gt(c1=0xC7, c2=0xEB) = 3274, offset=0x00019940, base=0x00114FDE, total=0x0012E91E[0m
[0;32mI (46906) idfzk: Reading character at address: 0x0012E91E, size: 32 bytes[0m
[0;32mI (47036) idfzk: Original vs Converted data:[0m
00 40 40 40 27 FC 20 40  -> 40 42 CC 00 00 44 54 54 
03 F8 00 40 E7 FE 20 00  -> 54 7F 54 54 54 44 40 00 
23 F8 22 08 23 F8 22 08  -> 00 00 7F 20 10 00 FF 15 
2B F8 32 08 22 28 02 10  -> 15 15 55 95 7F 00 00 00 
[0;32mI (47046) idfzk: Hardcoded font_pang data:[0m
00 FE 22 22 FE 44 48 50 
40 FF 40 50 48 44 00 00 
80 7F 02 82 FF 04 04 04 
04 FF 04 04 04 06 04 00 
[0;32mI (47056) idfzk: Converted character data (first 16 bytes):[0m
40 42 CC 00 00 44 54 54 
54 7F 54 54 54 44 40 00 
[0;32mI (47076) idfzk: Character data (first 16 bytes):[0m
40 42 CC 00 00 44 54 54 
54 7F 54 54 54 44 40 00 
... (total 32 bytes)
[0;32mI (47166) idfzk: gt(c1=0xCA, c2=0xB9) = 3506, offset=0x0001B640, base=0x00114FDE, total=0x0013061E[0m
[0;32mI (47166) idfzk: Reading character at address: 0x0013061E, size: 32 bytes[0m
[0;32mI (47296) idfzk: Original vs Converted data:[0m
10 40 10 40 1F FE 20 40  -> 80 60 F8 07 04 E4 24 24 
20 40 67 FC 64 44 A4 44  -> 24 FF 24 24 24 E4 04 00 
27 FC 20 40 22 40 21 40  -> 00 00 FF 00 80 81 45 29 
20 80 21 40 22 30 2C 0E  -> 11 2F 41 41 81 81 80 00 
[0;32mI (47306) idfzk: Hardcoded font_pang data:[0m
00 FE 22 22 FE 44 48 50 
40 FF 40 50 48 44 00 00 
80 7F 02 82 FF 04 04 04 
04 FF 04 04 04 06 04 00 
[0;32mI (47316) idfzk: Converted character data (first 16 bytes):[0m
80 60 F8 07 04 E4 24 24 
24 FF 24 24 24 E4 04 00 
[0;32mI (47326) idfzk: Character data (first 16 bytes):[0m
80 60 F8 07 04 E4 24 24 
24 FF 24 24 24 E4 04 00 
... (total 32 bytes)
[0;32mI (47416) idfzk: gt(c1=0xD3, c2=0xC3) = 4362, offset=0x00022140, base=0x00114FDE, total=0x0013711E[0m
[0;32mI (47416) idfzk: Reading character at address: 0x0013711E, size: 32 bytes[0m
[0;32mI (47546) idfzk: Original vs Converted data:[0m
00 00 3F F8 21 08 21 08  -> 00 00 FE 22 22 22 22 FE 
21 08 3F F8 21 08 21 08  -> 22 22 22 22 FE 00 00 00 
21 08 3F F8 21 08 21 08  -> 80 60 1F 02 02 02 02 7F 
21 08 41 08 41 28 80 10  -> 02 02 42 82 7F 00 00 00 
[0;32mI (47556) idfzk: Hardcoded font_pang data:[0m
00 FE 22 22 FE 44 48 50 
40 FF 40 50 48 44 00 00 
80 7F 02 82 FF 04 04 04 
04 FF 04 04 04 06 04 00 
[0;32mI (47576) idfzk: Converted character data (first 16 bytes):[0m
00 00 FE 22 22 22 22 FE 
22 22 22 22 FE 00 00 00 
[0;32mI (47586) idfzk: Character data (first 16 bytes):[0m
00 00 FE 22 22 22 22 FE 
22 22 22 22 FE 00 00 00 
... (total 32 bytes)
[0;32mI (47606) idfzk: Waiting for WiFi connection...[0m
[0;33mW (48396) idfzk: WiFi disconnected[0m
[0;32mI (48396) idfzk: Attempting to reconnect...[0m
[0;32mI (48706) idfzk: gt(c1=0xCE, c2=0xB4) = 3877, offset=0x0001E4A0, base=0x00114FDE, total=0x0013347E[0m
[0;32mI (48706) idfzk: Reading character at address: 0x0013347E, size: 32 bytes[0m
[0;32mI (48836) idfzk: Original vs Converted data:[0m
01 00 01 00 01 00 3F F8  -> 80 80 88 88 88 88 88 FF 
01 00 01 00 01 00 FF FE  -> 88 88 88 88 88 80 80 00 
03 80 05 40 09 20 11 10  -> 20 20 10 08 04 02 01 FF 
21 08 C1 06 01 00 01 00  -> 01 02 04 08 10 20 20 00 
[0;32mI (48846) idfzk: Hardcoded font_pang data:[0m
00 FE 22 22 FE 44 48 50 
40 FF 40 50 48 44 00 00 
80 7F 02 82 FF 04 04 04 
04 FF 04 04 04 06 04 00 
[0;32mI (48856) idfzk: Converted character data (first 16 bytes):[0m
80 80 88 88 88 88 88 FF 
88 88 88 88 88 80 80 00 
[0;32mI (48866) idfzk: Character data (first 16 bytes):[0m
80 80 88 88 88 88 88 FF 
88 88 88 88 88 80 80 00 
... (total 32 bytes)
[0;32mI (48956) idfzk: gt(c1=0xC1, c2=0xAC) = 2647, offset=0x00014AE0, base=0x00114FDE, total=0x00129ABE[0m
[0;32mI (48956) idfzk: Reading character at address: 0x00129ABE, size: 32 bytes[0m
[0;32mI (49086) idfzk: Original vs Converted data:[0m
00 40 20 40 17 FE 10 80  -> 40 40 42 CC 00 04 44 64 
00 A0 01 20 F3 FC 10 20  -> 5C 47 F4 44 44 44 04 00 
10 20 10 20 17 FE 10 20  -> 00 40 20 1F 20 44 44 44 
10 20 28 20 47 FE 00 00  -> 44 44 7F 44 44 44 44 00 
[0;32mI (49096) idfzk: Hardcoded font_pang data:[0m
00 FE 22 22 FE 44 48 50 
40 FF 40 50 48 44 00 00 
80 7F 02 82 FF 04 04 04 
04 FF 04 04 04 06 04 00 
[0;32mI (49116) idfzk: Converted character data (first 16 bytes):[0m
40 40 42 CC 00 04 44 64 
5C 47 F4 44 44 44 04 00 
[0;32mI (49126) idfzk: Character data (first 16 bytes):[0m
40 40 42 CC 00 04 44 64 
5C 47 F4 44 44 44 04 00 
... (total 32 bytes)
[0;32mI (49216) idfzk: gt(c1=0xBD, c2=0xD3) = 2310, offset=0x000120C0, base=0x00114FDE, total=0x0012709E[0m
[0;32mI (49216) idfzk: Reading character at address: 0x0012709E, size: 32 bytes[0m
[0;32mI (49346) idfzk: Original vs Converted data:[0m
10 80 10 40 13 FC 10 00  -> 10 10 10 FF 10 50 44 54 
FD 08 10 90 17 FE 10 40  -> 65 C6 44 64 54 44 40 00 
18 40 37 FE D0 88 11 08  -> 04 44 82 7F 01 82 82 4A 
10 90 10 60 51 98 26 04  -> 56 23 22 52 4E 82 02 00 
[0;32mI (49356) idfzk: Hardcoded font_pang data:[0m
00 FE 22 22 FE 44 48 50 
40 FF 40 50 48 44 00 00 
80 7F 02 82 FF 04 04 04 
04 FF 04 04 04 06 04 00 
[0;32mI (49366) idfzk: Converted character data (first 16 bytes):[0m
10 10 10 FF 10 50 44 54 
65 C6 44 64 54 44 40 00 
[0;32mI (49376) idfzk: Character data (first 16 bytes):[0m
10 10 10 FF 10 50 44 54 
65 C6 44 64 54 44 40 00 
... (total 32 bytes)
[0;32mI (49476) idfzk: gt(c1=0xC7, c2=0xEB) = 3274, offset=0x00019940, base=0x00114FDE, total=0x0012E91E[0m
[0;32mI (49476) idfzk: Reading character at address: 0x0012E91E, size: 32 bytes[0m
[0;32mI (49596) idfzk: Original vs Converted data:[0m
00 40 40 40 27 FC 20 40  -> 40 42 CC 00 00 44 54 54 
03 F8 00 40 E7 FE 20 00  -> 54 7F 54 54 54 44 40 00 
23 F8 22 08 23 F8 22 08  -> 00 00 7F 20 10 00 FF 15 
2B F8 32 08 22 28 02 10  -> 15 15 55 95 7F 00 00 00 
[0;32mI (49616) idfzk: Hardcoded font_pang data:[0m
00 FE 22 22 FE 44 48 50 
40 FF 40 50 48 44 00 00 
80 7F 02 82 FF 04 04 04 
04 FF 04 04 04 06 04 00 
[0;32mI (49626) idfzk: Converted character data (first 16 bytes):[0m
40 42 CC 00 00 44 54 54 
54 7F 54 54 54 44 40 00 
[0;32mI (49636) idfzk: Character data (first 16 bytes):[0m
40 42 CC 00 00 44 54 54 
54 7F 54 54 54 44 40 00 
... (total 32 bytes)
[0;32mI (49726) idfzk: gt(c1=0xCA, c2=0xB9) = 3506, offset=0x0001B640, base=0x00114FDE, total=0x0013061E[0m
[0;32mI (49726) idfzk: Reading character at address: 0x0013061E, size: 32 bytes[0m
[0;32mI (49856) idfzk: Original vs Converted data:[0m
10 40 10 40 1F FE 20 40  -> 80 60 F8 07 04 E4 24 24 
20 40 67 FC 64 44 A4 44  -> 24 FF 24 24 24 E4 04 00 
27 FC 20 40 22 40 21 40  -> 00 00 FF 00 80 81 45 29 
20 80 21 40 22 30 2C 0E  -> 11 2F 41 41 81 81 80 00 
[0;32mI (49866) idfzk: Hardcoded font_pang data:[0m
00 FE 22 22 FE 44 48 50 
40 FF 40 50 48 44 00 00 
80 7F 02 82 FF 04 04 04 
04 FF 04 04 04 06 04 00 
[0;32mI (49886) idfzk: Converted character data (first 16 bytes):[0m
80 60 F8 07 04 E4 24 24 
24 FF 24 24 24 E4 04 00 
[0;32mI (49896) idfzk: Character data (first 16 bytes):[0m
80 60 F8 07 04 E4 24 24 
24 FF 24 24 24 E4 04 00 
... (total 32 bytes)
[0;32mI (49986) idfzk: gt(c1=0xD3, c2=0xC3) = 4362, offset=0x00022140, base=0x00114FDE, total=0x0013711E[0m
[0;32mI (49986) idfzk: Reading character at address: 0x0013711E, size: 32 bytes[0m
[0;32mI (50106) idfzk: Original vs Converted data:[0m
00 00 3F F8 21 08 21 08  -> 00 00 FE 22 22 22 22 FE 
21 08 3F F8 21 08 21 08  -> 22 22 22 22 FE 00 00 00 
21 08 3F F8 21 08 21 08  -> 80 60 1F 02 02 02 02 7F 
21 08 41 08 41 28 80 10  -> 02 02 42 82 7F 00 00 00 
[0;32mI (50126) idfzk: Hardcoded font_pang data:[0m
00 FE 22 22 FE 44 48 50 
40 FF 40 50 48 44 00 00 
80 7F 02 82 FF 04 04 04 
04 FF 04 04 04 06 04 00 
[0;32mI (50136) idfzk: Converted character data (first 16 bytes):[0m
00 00 FE 22 22 22 22 FE 
22 22 22 22 FE 00 00 00 
[0;32mI (50146) idfzk: Character data (first 16 bytes):[0m
00 00 FE 22 22 22 22 FE 
22 22 22 22 FE 00 00 00 
... (total 32 bytes)
[0;32mI (50166) idfzk: Waiting for WiFi connection...[0m
[0;33mW (50806) idfzk: WiFi disconnected[0m
[0;32mI (50806) idfzk: Attempting to reconnect...[0m
[0;32mI (51266) idfzk: gt(c1=0xCE, c2=0xB4) = 3877, offset=0x0001E4A0, base=0x00114FDE, total=0x0013347E[0m
[0;32mI (51266) idfzk: Reading character at address: 0x0013347E, size: 32 bytes[0m
[0;32mI (51396) idfzk: Original vs Converted data:[0m
01 00 01 00 01 00 3F F8  -> 80 80 88 88 88 88 88 FF 
01 00 01 00 01 00 FF FE  -> 88 88 88 88 88 80 80 00 
03 80 05 40 09 20 11 10  -> 20 20 10 08 04 02 01 FF 
21 08 C1 06 01 00 01 00  -> 01 02 04 08 10 20 20 00 
[0;32mI (51406) idfzk: Hardcoded font_pang data:[0m
00 FE 22 22 FE 44 48 50 
40 FF 40 50 48 44 00 00 
80 7F 02 82 FF 04 04 04 
04 FF 04 04 04 06 04 00 
[0;32mI (51416) idfzk: Converted character data (first 16 bytes):[0m
80 80 88 88 88 88 88 FF 
88 88 88 88 88 80 80 00 
[0;32mI (51426) idfzk: Character data (first 16 bytes):[0m
80 80 88 88 88 88 88 FF 
88 88 88 88 88 80 80 00 
... (total 32 bytes)
[0;32mI (51516) idfzk: gt(c1=0xC1, c2=0xAC) = 2647, offset=0x00014AE0, base=0x00114FDE, total=0x00129ABE[0m
[0;32mI (51516) idfzk: Reading character at address: 0x00129ABE, size: 32 bytes[0m
[0;32mI (51646) idfzk: Original vs Converted data:[0m
