ESP-ROM:esp32s3-20210327
Build:Mar 27 2021
rst:0x1 (POWERON),boot:0xb (SPI_FAST_FLASH_BOOT)
SPIWP:0xee
mode:DIO, clock div:1
load:0x3fce2810,len:0x178c
load:0x403c8700,len:0x4
load:0x403c8704,len:0xcb8
load:0x403cb700,len:0x2db0
entry 0x403c8914
[0;32mI (27) boot: ESP-IDF v5.3 2nd stage bootloader[0m
[0;32mI (27) boot: compile time Mar 30 2026 12:24:05[0m
[0;32mI (27) boot: Multicore bootloader[0m
[0;32mI (30) boot: chip revision: v0.2[0m
[0;32mI (34) boot.esp32s3: Boot SPI Speed : 80MHz[0m
[0;32mI (38) boot.esp32s3: SPI Mode       : DIO[0m
[0;32mI (43) boot.esp32s3: SPI Flash Size : 16MB[0m
[0;32mI (48) boot: Enabling RNG early entropy source...[0m
[0;32mI (53) boot: Partition Table:[0m
[0;32mI (57) boot: ## Label            Usage          Type ST Offset   Length[0m
[0;32mI (64) boot:  0 nvs              WiFi data        01 02 00009000 00006000[0m
[0;32mI (72) boot:  1 otadata          OTA data         01 00 0000f000 00002000[0m
[0;32mI (79) boot:  2 phy_init         RF data          01 01 00011000 00001000[0m
[0;32mI (86) boot:  3 ota_0            OTA app          00 10 00020000 00400000[0m
[0;32mI (94) boot:  4 ota_1            OTA app          00 11 00420000 00400000[0m
[0;32mI (101) boot:  5 assets           Unknown data     01 82 00820000 007e0000[0m
[0;32mI (109) boot: End of partition table[0m
[0;32mI (113) esp_image: segment 0: paddr=00020020 vaddr=3c0b0020 size=26038h (155704) map[0m
[0;32mI (150) esp_image: segment 1: paddr=00046060 vaddr=3fc9ab00 size=04dcch ( 19916) load[0m
[0;32mI (154) esp_image: segment 2: paddr=0004ae34 vaddr=40374000 size=051e4h ( 20964) load[0m
[0;32mI (160) esp_image: segment 3: paddr=00050020 vaddr=42000020 size=a018ch (655756) map[0m
[0;32mI (282) esp_image: segment 4: paddr=000f01b4 vaddr=403791e4 size=1182ch ( 71724) load[0m
[0;32mI (307) boot: Loaded app from partition at offset 0x20000[0m
[0;32mI (307) boot: Disabling RNG early entropy source...[0m
[0;32mI (319) cpu_start: Multicore app[0m
[0;32mI (328) cpu_start: Pro cpu start user code[0m
[0;32mI (328) cpu_start: cpu freq: 160000000 Hz[0m
[0;32mI (328) app_init: Application information:[0m
[0;32mI (331) app_init: Project name:     idfzk[0m
[0;32mI (336) app_init: App version:      1[0m
[0;32mI (340) app_init: Compile time:     Mar 30 2026 12:23:50[0m
[0;32mI (346) app_init: ELF file SHA256:  3df6a1689...[0m
[0;32mI (351) app_init: ESP-IDF:          v5.3[0m
[0;32mI (356) efuse_init: Min chip rev:     v0.0[0m
[0;32mI (361) efuse_init: Max chip rev:     v0.99 [0m
[0;32mI (366) efuse_init: Chip rev:         v0.2[0m
[0;32mI (371) heap_init: Initializing. RAM available for dynamic allocation:[0m
[0;32mI (378) heap_init: At 3FCA3B68 len 00045BA8 (278 KiB): RAM[0m
[0;32mI (384) heap_init: At 3FCE9710 len 00005724 (21 KiB): RAM[0m
[0;32mI (390) heap_init: At 3FCF0000 len 00008000 (32 KiB): DRAM[0m
[0;32mI (396) heap_init: At 600FE100 len 00001EE8 (7 KiB): RTCRAM[0m
[0;32mI (404) spi_flash: detected chip: generic[0m
[0;32mI (407) spi_flash: flash io: dio[0m
[0;32mI (411) sleep: Configure to isolate all GPIO pins in sleep state[0m
[0;32mI (418) sleep: Enable automatic switching of GPIO sleep configuration[0m
[0;32mI (425) main_task: Started on CPU0[0m
[0;32mI (455) main_task: Calling app_main()[0m
[0;32mI (455) idfzk: Initializing ESP32-S3 OLED display module[0m
[0;32mI (455) idfzk: Initializing SPIFFS...[0m
[0;32mI (915) idfzk: SPIFFS initialized successfully[0m
[0;32mI (915) idfzk: Partition size: total: 7582961, used: 4361376[0m
[0;32mI (915) idfzk: Loading font file: /spiffs/GT32L24M0140.bin[0m
[0;32mI (915) idfzk: Font file size: 4194304 bytes[0m
[0;32mI (925) idfzk: Font file loaded successfully[0m
[0;32mI (925) idfzk: Loading uni2gbk mapping file: /spiffs/uni2gbk.bin[0m
[0;32mI (1065) idfzk: Uni2gbk file size: 131072 bytes[0m
[0;32mI (1065) idfzk: Uni2gbk file loaded successfully[0m
[0;32mI (1065) idfzk: Initializing SSD1306...[0m
[0;32mI (1065) gpio: GPIO[1]| InputEn: 0| OutputEn: 0| OpenDrain: 0| Pullup: 1| Pulldown: 0| Intr:0 [0m
[0;32mI (1075) gpio: GPIO[6]| InputEn: 0| OutputEn: 0| OpenDrain: 0| Pullup: 1| Pulldown: 0| Intr:0 [0m
[0;32mI (1085) gpio: GPIO[2]| InputEn: 0| OutputEn: 0| OpenDrain: 0| Pullup: 1| Pulldown: 0| Intr:0 [0m
[0;32mI (1195) SSD1306: SPI HOST_ID=1[0m
[0;32mI (1195) SSD1306: spi_bus_initialize=0[0m
[0;32mI (1195) SSD1306: spi_bus_add_device=0[0m
[0;32mI (1225) idfzk: SSD1306 initialized successfully[0m
[0;32mI (1265) idfzk: ========== WiFi Initialization ==========[0m
[0;32mI (1265) idfzk: Initializing WiFi...[0m
[0;32mI (1275) pp: pp rom version: e7ae62f[0m
[0;32mI (1285) net80211: net80211 rom version: e7ae62f[0m
[0;32mI (1295) wifi:wifi driver task: 3fcaf068, prio:23, stack:6656, core=0[0m
[0;32mI (1305) wifi:wifi firmware version: 0caa81945[0m
[0;32mI (1305) wifi:wifi certification version: v7.0[0m
[0;32mI (1305) wifi:config NVS flash: enabled[0m
[0;32mI (1305) wifi:config nano formating: disabled[0m
[0;32mI (1305) wifi:Init data frame dynamic rx buffer num: 32[0m
[0;32mI (1315) wifi:Init static rx mgmt buffer num: 5[0m
[0;32mI (1315) wifi:Init management short buffer num: 32[0m
[0;32mI (1315) wifi:Init dynamic tx buffer num: 32[0m
[0;32mI (1325) wifi:Init static tx FG buffer num: 2[0m
[0;32mI (1325) wifi:Init static rx buffer size: 1600[0m
[0;32mI (1335) wifi:Init static rx buffer num: 10[0m
[0;32mI (1335) wifi:Init dynamic rx buffer num: 32[0m
[0;32mI (1345) wifi_init: rx ba win: 6[0m
[0;32mI (1345) wifi_init: accept mbox: 6[0m
[0;32mI (1345) wifi_init: tcpip mbox: 32[0m
[0;32mI (1355) wifi_init: udp mbox: 6[0m
[0;32mI (1355) wifi_init: tcp mbox: 6[0m
[0;32mI (1355) wifi_init: tcp tx win: 5760[0m
[0;32mI (1365) wifi_init: tcp rx win: 5760[0m
[0;32mI (1365) wifi_init: tcp mss: 1440[0m
[0;32mI (1375) wifi_init: WiFi IRAM OP enabled[0m
[0;32mI (1375) wifi_init: WiFi RX IRAM OP enabled[0m
[0;32mI (1385) phy_init: phy_version 680,a6008b2,Jun  4 2024,16:41:10[0m
[0;32mI (1425) wifi:mode : sta (24:58:7c:da:36:64)[0m
[0;32mI (1425) wifi:enable tsf[0m
[0;32mI (1425) idfzk: WiFi initialized successfully[0m
[0;32mI (1425) idfzk: WiFi station started[0m
[0;32mI (1455) idfzk: gt(c1=0xCE, c2=0xB4) = 3877, offset=0x0001E4A0, base=0x00114FDE, total=0x0013347E[0m
[0;32mI (1455) idfzk: Reading character at address: 0x0013347E, size: 32 bytes[0m
[0;32mI (1585) idfzk: Original vs Converted data:[0m
01 00 01 00 01 00 3F F8  -> 80 80 88 88 88 88 88 FF 
01 00 01 00 01 00 FF FE  -> 88 88 88 88 88 80 80 00 
03 80 05 40 09 20 11 10  -> 20 20 10 08 04 02 01 FF 
21 08 C1 06 01 00 01 00  -> 01 02 04 08 10 20 20 00 
[0;32mI (1595) idfzk: Hardcoded font_pang data:[0m
00 FE 22 22 FE 44 48 50 
40 FF 40 50 48 44 00 00 
80 7F 02 82 FF 04 04 04 
04 FF 04 04 04 06 04 00 
[0;32mI (1605) idfzk: Converted character data (first 16 bytes):[0m
80 80 88 88 88 88 88 FF 
88 88 88 88 88 80 80 00 
[0;32mI (1615) idfzk: Character data (first 16 bytes):[0m
80 80 88 88 88 88 88 FF 
88 88 88 88 88 80 80 00 
... (total 32 bytes)
[0;32mI (1705) idfzk: gt(c1=0xC1, c2=0xAC) = 2647, offset=0x00014AE0, base=0x00114FDE, total=0x00129ABE[0m
[0;32mI (1705) idfzk: Reading character at address: 0x00129ABE, size: 32 bytes[0m
[0;32mI (1835) idfzk: Original vs Converted data:[0m
00 40 20 40 17 FE 10 80  -> 40 40 42 CC 00 04 44 64 
00 A0 01 20 F3 FC 10 20  -> 5C 47 F4 44 44 44 04 00 
10 20 10 20 17 FE 10 20  -> 00 40 20 1F 20 44 44 44 
10 20 28 20 47 FE 00 00  -> 44 44 7F 44 44 44 44 00 
[0;32mI (1845) idfzk: Hardcoded font_pang data:[0m
00 FE 22 22 FE 44 48 50 
40 FF 40 50 48 44 00 00 
80 7F 02 82 FF 04 04 04 
04 FF 04 04 04 06 04 00 
[0;32mI (1855) idfzk: Converted character data (first 16 bytes):[0m
40 40 42 CC 00 04 44 64 
5C 47 F4 44 44 44 04 00 
[0;32mI (1875) idfzk: Character data (first 16 bytes):[0m
40 40 42 CC 00 04 44 64 
5C 47 F4 44 44 44 04 00 
... (total 32 bytes)
[0;32mI (1965) idfzk: gt(c1=0xBD, c2=0xD3) = 2310, offset=0x000120C0, base=0x00114FDE, total=0x0012709E[0m
[0;32mI (1965) idfzk: Reading character at address: 0x0012709E, size: 32 bytes[0m
[0;32mI (2085) idfzk: Original vs Converted data:[0m
10 80 10 40 13 FC 10 00  -> 10 10 10 FF 10 50 44 54 
FD 08 10 90 17 FE 10 40  -> 65 C6 44 64 54 44 40 00 
18 40 37 FE D0 88 11 08  -> 04 44 82 7F 01 82 82 4A 
10 90 10 60 51 98 26 04  -> 56 23 22 52 4E 82 02 00 
[0;32mI (2095) idfzk: Hardcoded font_pang data:[0m
00 FE 22 22 FE 44 48 50 
40 FF 40 50 48 44 00 00 
80 7F 02 82 FF 04 04 04 
04 FF 04 04 04 06 04 00 
[0;32mI (2115) idfzk: Converted character data (first 16 bytes):[0m
10 10 10 FF 10 50 44 54 
65 C6 44 64 54 44 40 00 
[0;32mI (2125) idfzk: Character data (first 16 bytes):[0m
10 10 10 FF 10 50 44 54 
65 C6 44 64 54 44 40 00 
... (total 32 bytes)
[0;32mI (2215) idfzk: gt(c1=0xC7, c2=0xEB) = 3274, offset=0x00019940, base=0x00114FDE, total=0x0012E91E[0m
[0;32mI (2215) idfzk: Reading character at address: 0x0012E91E, size: 32 bytes[0m
[0;32mI (2335) idfzk: Original vs Converted data:[0m
00 40 40 40 27 FC 20 40  -> 40 42 CC 00 00 44 54 54 
03 F8 00 40 E7 FE 20 00  -> 54 7F 54 54 54 44 40 00 
23 F8 22 08 23 F8 22 08  -> 00 00 7F 20 10 00 FF 15 
2B F8 32 08 22 28 02 10  -> 15 15 55 95 7F 00 00 00 
[0;32mI (2355) idfzk: Hardcoded font_pang data:[0m
00 FE 22 22 FE 44 48 50 
40 FF 40 50 48 44 00 00 
80 7F 02 82 FF 04 04 04 
04 FF 04 04 04 06 04 00 
[0;32mI (2365) idfzk: Converted character data (first 16 bytes):[0m
40 42 CC 00 00 44 54 54 
54 7F 54 54 54 44 40 00 
[0;32mI (2375) idfzk: Character data (first 16 bytes):[0m
40 42 CC 00 00 44 54 54 
54 7F 54 54 54 44 40 00 
... (total 32 bytes)
[0;32mI (2465) idfzk: gt(c1=0xCA, c2=0xB9) = 3506, offset=0x0001B640, base=0x00114FDE, total=0x0013061E[0m
[0;32mI (2465) idfzk: Reading character at address: 0x0013061E, size: 32 bytes[0m
[0;32mI (2595) idfzk: Original vs Converted data:[0m
10 40 10 40 1F FE 20 40  -> 80 60 F8 07 04 E4 24 24 
20 40 67 FC 64 44 A4 44  -> 24 FF 24 24 24 E4 04 00 
27 FC 20 40 22 40 21 40  -> 00 00 FF 00 80 81 45 29 
20 80 21 40 22 30 2C 0E  -> 11 2F 41 41 81 81 80 00 
[0;32mI (2605) idfzk: Hardcoded font_pang data:[0m
00 FE 22 22 FE 44 48 50 
40 FF 40 50 48 44 00 00 
80 7F 02 82 FF 04 04 04 
04 FF 04 04 04 06 04 00 
[0;32mI (2615) idfzk: Converted character data (first 16 bytes):[0m
80 60 F8 07 04 E4 24 24 
24 FF 24 24 24 E4 04 00 
[0;32mI (2625) idfzk: Character data (first 16 bytes):[0m
80 60 F8 07 04 E4 24 24 
24 FF 24 24 24 E4 04 00 
... (total 32 bytes)
[0;32mI (2715) idfzk: gt(c1=0xD3, c2=0xC3) = 4362, offset=0x00022140, base=0x00114FDE, total=0x0013711E[0m
[0;32mI (2715) idfzk: Reading character at address: 0x0013711E, size: 32 bytes[0m
[0;32mI (2845) idfzk: Original vs Converted data:[0m
00 00 3F F8 21 08 21 08  -> 00 00 FE 22 22 22 22 FE 
21 08 3F F8 21 08 21 08  -> 22 22 22 22 FE 00 00 00 
21 08 3F F8 21 08 21 08  -> 80 60 1F 02 02 02 02 7F 
21 08 41 08 41 28 80 10  -> 02 02 42 82 7F 00 00 00 
[0;32mI (2855) idfzk: Hardcoded font_pang data:[0m
00 FE 22 22 FE 44 48 50 
40 FF 40 50 48 44 00 00 
80 7F 02 82 FF 04 04 04 
04 FF 04 04 04 06 04 00 
[0;32mI (2875) idfzk: Converted character data (first 16 bytes):[0m
00 00 FE 22 22 22 22 FE 
22 22 22 22 FE 00 00 00 
[0;32mI (2885) idfzk: Character data (first 16 bytes):[0m
00 00 FE 22 22 22 22 FE 
22 22 22 22 FE 00 00 00 
... (total 32 bytes)
[0;32mI (2995) idfzk: WiFi config loaded: SSID=YourWiFiName[0m
[0;32mI (2995) idfzk: Found WiFi config, attempting to connect...[0m
[0;32mI (2995) idfzk: Connecting to WiFi SSID: YourWiFiName[0m
[0;32mI (4215) idfzk: gt(c1=0xC1, c2=0xAC) = 2647, offset=0x00014AE0, base=0x00114FDE, total=0x00129ABE[0m
[0;32mI (4215) idfzk: Reading character at address: 0x00129ABE, size: 32 bytes[0m
[0;32mI (4345) idfzk: Original vs Converted data:[0m
00 40 20 40 17 FE 10 80  -> 40 40 42 CC 00 04 44 64 
00 A0 01 20 F3 FC 10 20  -> 5C 47 F4 44 44 44 04 00 
10 20 10 20 17 FE 10 20  -> 00 40 20 1F 20 44 44 44 
10 20 28 20 47 FE 00 00  -> 44 44 7F 44 44 44 44 00 
[0;32mI (4355) idfzk: Hardcoded font_pang data:[0m
00 FE 22 22 FE 44 48 50 
40 FF 40 50 48 44 00 00 
80 7F 02 82 FF 04 04 04 
04 FF 04 04 04 06 04 00 
[0;32mI (4375) idfzk: Converted character data (first 16 bytes):[0m
40 40 42 CC 00 04 44 64 
5C 47 F4 44 44 44 04 00 
[0;32mI (4385) idfzk: Character data (first 16 bytes):[0m
40 40 42 CC 00 04 44 64 
5C 47 F4 44 44 44 04 00 
... (total 32 bytes)
[0;32mI (4475) idfzk: gt(c1=0xBD, c2=0xD3) = 2310, offset=0x000120C0, base=0x00114FDE, total=0x0012709E[0m
[0;32mI (4475) idfzk: Reading character at address: 0x0012709E, size: 32 bytes[0m
[0;32mI (4595) idfzk: Original vs Converted data:[0m
10 80 10 40 13 FC 10 00  -> 10 10 10 FF 10 50 44 54 
FD 08 10 90 17 FE 10 40  -> 65 C6 44 64 54 44 40 00 
18 40 37 FE D0 88 11 08  -> 04 44 82 7F 01 82 82 4A 
10 90 10 60 51 98 26 04  -> 56 23 22 52 4E 82 02 00 
[0;32mI (4615) idfzk: Hardcoded font_pang data:[0m
00 FE 22 22 FE 44 48 50 
40 FF 40 50 48 44 00 00 
80 7F 02 82 FF 04 04 04 
04 FF 04 04 04 06 04 00 
[0;32mI (4625) idfzk: Converted character data (first 16 bytes):[0m
10 10 10 FF 10 50 44 54 
65 C6 44 64 54 44 40 00 
[0;32mI (4635) idfzk: Character data (first 16 bytes):[0m
10 10 10 FF 10 50 44 54 
65 C6 44 64 54 44 40 00 
... (total 32 bytes)
[0;32mI (4725) idfzk: gt(c1=0xD6, c2=0xD0) = 4657, offset=0x00024620, base=0x00114FDE, total=0x001395FE[0m
[0;32mI (4725) idfzk: Reading character at address: 0x001395FE, size: 32 bytes[0m
[0;32mI (4855) idfzk: Original vs Converted data:[0m
01 00 01 00 01 00 01 00  -> 00 00 F0 10 10 10 10 FF 
3F F8 21 08 21 08 21 08  -> 10 10 10 10 F0 00 00 00 
21 08 21 08 3F F8 21 08  -> 00 00 0F 04 04 04 04 FF 
01 00 01 00 01 00 01 00  -> 04 04 04 04 0F 00 00 00 
[0;32mI (4865) idfzk: Hardcoded font_pang data:[0m
00 FE 22 22 FE 44 48 50 
40 FF 40 50 48 44 00 00 
80 7F 02 82 FF 04 04 04 
04 FF 04 04 04 06 04 00 
[0;32mI (4885) idfzk: Converted character data (first 16 bytes):[0m
00 00 F0 10 10 10 10 FF 
10 10 10 10 F0 00 00 00 
[0;32mI (4895) idfzk: Character data (first 16 bytes):[0m
00 00 F0 10 10 10 10 FF 
10 10 10 10 F0 00 00 00 
... (total 32 bytes)
[0;32mI (4915) idfzk: Waiting for WiFi connection...[0m
[0;33mW (5415) idfzk: WiFi disconnected[0m
[0;32mI (5415) idfzk: Attempting to reconnect...[0m
[0;32mI (6015) idfzk: gt(c1=0xCE, c2=0xB4) = 3877, offset=0x0001E4A0, base=0x00114FDE, total=0x0013347E[0m
[0;32mI (6015) idfzk: Reading character at address: 0x0013347E, size: 32 bytes[0m
[0;32mI (6145) idfzk: Original vs Converted data:[0m
01 00 01 00 01 00 3F F8  -> 80 80 88 88 88 88 88 FF 
01 00 01 00 01 00 FF FE  -> 88 88 88 88 88 80 80 00 
03 80 05 40 09 20 11 10  -> 20 20 10 08 04 02 01 FF 
21 08 C1 06 01 00 01 00  -> 01 02 04 08 10 20 20 00 
[0;32mI (6155) idfzk: Hardcoded font_pang data:[0m
00 FE 22 22 FE 44 48 50 
40 FF 40 50 48 44 00 00 
80 7F 02 82 FF 04 04 04 
04 FF 04 04 04 06 04 00 
[0;32mI (6165) idfzk: Converted character data (first 16 bytes):[0m
80 80 88 88 88 88 88 FF 
88 88 88 88 88 80 80 00 
[0;32mI (6175) idfzk: Character data (first 16 bytes):[0m
80 80 88 88 88 88 88 FF 
88 88 88 88 88 80 80 00 
... (total 32 bytes)
[0;32mI (6275) idfzk: gt(c1=0xC1, c2=0xAC) = 2647, offset=0x00014AE0, base=0x00114FDE, total=0x00129ABE[0m
[0;32mI (6275) idfzk: Reading character at address: 0x00129ABE, size: 32 bytes[0m
[0;32mI (6395) idfzk: Original vs Converted data:[0m
00 40 20 40 17 FE 10 80  -> 40 40 42 CC 00 04 44 64 
00 A0 01 20 F3 FC 10 20  -> 5C 47 F4 44 44 44 04 00 
10 20 10 20 17 FE 10 20  -> 00 40 20 1F 20 44 44 44 
10 20 28 20 47 FE 00 00  -> 44 44 7F 44 44 44 44 00 
[0;32mI (6415) idfzk: Hardcoded font_pang data:[0m
00 FE 22 22 FE 44 48 50 
40 FF 40 50 48 44 00 00 
80 7F 02 82 FF 04 04 04 
04 FF 04 04 04 06 04 00 
[0;32mI (6425) idfzk: Converted character data (first 16 bytes):[0m
40 40 42 CC 00 04 44 64 
5C 47 F4 44 44 44 04 00 
[0;32mI (6435) idfzk: Character data (first 16 bytes):[0m
40 40 42 CC 00 04 44 64 
5C 47 F4 44 44 44 04 00 
... (total 32 bytes)
[0;32mI (6525) idfzk: gt(c1=0xBD, c2=0xD3) = 2310, offset=0x000120C0, base=0x00114FDE, total=0x0012709E[0m
[0;32mI (6525) idfzk: Reading character at address: 0x0012709E, size: 32 bytes[0m
[0;32mI (6655) idfzk: Original vs Converted data:[0m
10 80 10 40 13 FC 10 00  -> 10 10 10 FF 10 50 44 54 
FD 08 10 90 17 FE 10 40  -> 65 C6 44 64 54 44 40 00 
18 40 37 FE D0 88 11 08  -> 04 44 82 7F 01 82 82 4A 
10 90 10 60 51 98 26 04  -> 56 23 22 52 4E 82 02 00 
[0;32mI (6665) idfzk: Hardcoded font_pang data:[0m
00 FE 22 22 FE 44 48 50 
40 FF 40 50 48 44 00 00 
80 7F 02 82 FF 04 04 04 
04 FF 04 04 04 06 04 00 
[0;32mI (6685) idfzk: Converted character data (first 16 bytes):[0m
10 10 10 FF 10 50 44 54 
65 C6 44 64 54 44 40 00 
[0;32mI (6695) idfzk: Character data (first 16 bytes):[0m
10 10 10 FF 10 50 44 54 
65 C6 44 64 54 44 40 00 
... (total 32 bytes)
[0;32mI (6785) idfzk: gt(c1=0xC7, c2=0xEB) = 3274, offset=0x00019940, base=0x00114FDE, total=0x0012E91E[0m
[0;32mI (6785) idfzk: Reading character at address: 0x0012E91E, size: 32 bytes[0m
[0;32mI (6915) idfzk: Original vs Converted data:[0m
00 40 40 40 27 FC 20 40  -> 40 42 CC 00 00 44 54 54 
03 F8 00 40 E7 FE 20 00  -> 54 7F 54 54 54 44 40 00 
23 F8 22 08 23 F8 22 08  -> 00 00 7F 20 10 00 FF 15 
2B F8 32 08 22 28 02 10  -> 15 15 55 95 7F 00 00 00 
[0;32mI (6925) idfzk: Hardcoded font_pang data:[0m
00 FE 22 22 FE 44 48 50 
40 FF 40 50 48 44 00 00 
80 7F 02 82 FF 04 04 04 
04 FF 04 04 04 06 04 00 
[0;32mI (6935) idfzk: Converted character data (first 16 bytes):[0m
40 42 CC 00 00 44 54 54 
54 7F 54 54 54 44 40 00 
[0;32mI (6945) idfzk: Character data (first 16 bytes):[0m
40 42 CC 00 00 44 54 54 
54 7F 54 54 54 44 40 00 
... (total 32 bytes)
[0;32mI (7035) idfzk: gt(c1=0xCA, c2=0xB9) = 3506, offset=0x0001B640, base=0x00114FDE, total=0x0013061E[0m
[0;32mI (7035) idfzk: Reading character at address: 0x0013061E, size: 32 bytes[0m
[0;32mI (7165) idfzk: Original vs Converted data:[0m
10 40 10 40 1F FE 20 40  -> 80 60 F8 07 04 E4 24 24 
20 40 67 FC 64 44 A4 44  -> 24 FF 24 24 24 E4 04 00 
27 FC 20 40 22 40 21 40  -> 00 00 FF 00 80 81 45 29 
20 80 21 40 22 30 2C 0E  -> 11 2F 41 41 81 81 80 00 
[0;32mI (7175) idfzk: Hardcoded font_pang data:[0m
00 FE 22 22 FE 44 48 50 
40 FF 40 50 48 44 00 00 
80 7F 02 82 FF 04 04 04 
04 FF 04 04 04 06 04 00 
[0;32mI (7195) idfzk: Converted character data (first 16 bytes):[0m
80 60 F8 07 04 E4 24 24 
24 FF 24 24 24 E4 04 00 
[0;32mI (7205) idfzk: Character data (first 16 bytes):[0m
80 60 F8 07 04 E4 24 24 
24 FF 24 24 24 E4 04 00 
... (total 32 bytes)
[0;32mI (7295) idfzk: gt(c1=0xD3, c2=0xC3) = 4362, offset=0x00022140, base=0x00114FDE, total=0x0013711E[0m
[0;32mI (7295) idfzk: Reading character at address: 0x0013711E, size: 32 bytes[0m
[0;32mI (7425) idfzk: Original vs Converted data:[0m
00 00 3F F8 21 08 21 08  -> 00 00 FE 22 22 22 22 FE 
21 08 3F F8 21 08 21 08  -> 22 22 22 22 FE 00 00 00 
21 08 3F F8 21 08 21 08  -> 80 60 1F 02 02 02 02 7F 
21 08 41 08 41 28 80 10  -> 02 02 42 82 7F 00 00 00 
[0;32mI (7435) idfzk: Hardcoded font_pang data:[0m
00 FE 22 22 FE 44 48 50 
40 FF 40 50 48 44 00 00 
80 7F 02 82 FF 04 04 04 
04 FF 04 04 04 06 04 00 
[0;32mI (7445) idfzk: Converted character data (first 16 bytes):[0m
00 00 FE 22 22 22 22 FE 
22 22 22 22 FE 00 00 00 
[0;32mI (7455) idfzk: Character data (first 16 bytes):[0m
00 00 FE 22 22 22 22 FE 
22 22 22 22 FE 00 00 00 
... (total 32 bytes)
[0;32mI (7475) idfzk: Waiting for WiFi connection...[0m
[0;33mW (7825) idfzk: WiFi disconnected[0m
[0;32mI (7825) idfzk: Attempting to reconnect...[0m
[0;32mI (8575) idfzk: gt(c1=0xCE, c2=0xB4) = 3877, offset=0x0001E4A0, base=0x00114FDE, total=0x0013347E[0m
[0;32mI (8575) idfzk: Reading character at address: 0x0013347E, size: 32 bytes[0m
[0;32mI (8705) idfzk: Original vs Converted data:[0m
01 00 01 00 01 00 3F F8  -> 80 80 88 88 88 88 88 FF 
01 00 01 00 01 00 FF FE  -> 88 88 88 88 88 80 80 00 
03 80 05 40 09 20 11 10  -> 20 20 10 08 04 02 01 FF 
21 08 C1 06 01 00 01 00  -> 01 02 04 08 10 20 20 00 
[0;32mI (8715) idfzk: Hardcoded font_pang data:[0m
00 FE 22 22 FE 44 48 50 
40 FF 40 50 48 44 00 00 
80 7F 02 82 FF 04 04 04 
04 FF 04 04 04 06 04 00 
[0;32mI (8725) idfzk: Converted character data (first 16 bytes):[0m
80 80 88 88 88 88 88 FF 
88 88 88 88 88 80 80 00 
[0;32mI (8735) idfzk: Character data (first 16 bytes):[0m
80 80 88 88 88 88 88 FF 
88 88 88 88 88 80 80 00 
... (total 32 bytes)
[0;32mI (8835) idfzk: gt(c1=0xC1, c2=0xAC) = 2647, offset=0x00014AE0, base=0x00114FDE, total=0x00129ABE[0m
[0;32mI (8835) idfzk: Reading character at address: 0x00129ABE, size: 32 bytes[0m
[0;32mI (8955) idfzk: Original vs Converted data:[0m
00 40 20 40 17 FE 10 80  -> 40 40 42 CC 00 04 44 64 
00 A0 01 20 F3 FC 10 20  -> 5C 47 F4 44 44 44 04 00 
10 20 10 20 17 FE 10 20  -> 00 40 20 1F 20 44 44 44 
10 20 28 20 47 FE 00 00  -> 44 44 7F 44 44 44 44 00 
[0;32mI (8975) idfzk: Hardcoded font_pang data:[0m
00 FE 22 22 FE 44 48 50 
40 FF 40 50 48 44 00 00 
80 7F 02 82 FF 04 04 04 
04 FF 04 04 04 06 04 00 
[0;32mI (8985) idfzk: Converted character data (first 16 bytes):[0m
40 40 42 CC 00 04 44 64 
5C 47 F4 44 44 44 04 00 
[0;32mI (8995) idfzk: Character data (first 16 bytes):[0m
40 40 42 CC 00 04 44 64 
5C 47 F4 44 44 44 04 00 
... (total 32 bytes)
[0;32mI (9085) idfzk: gt(c1=0xBD, c2=0xD3) = 2310, offset=0x000120C0, base=0x00114FDE, total=0x0012709E[0m
[0;32mI (9085) idfzk: Reading character at address: 0x0012709E, size: 32 bytes[0m
[0;32mI (9215) idfzk: Original vs Converted data:[0m
10 80 10 40 13 FC 10 00  -> 10 10 10 FF 10 50 44 54 
FD 08 10 90 17 FE 10 40  -> 65 C6 44 64 54 44 40 00 
18 40 37 FE D0 88 11 08  -> 04 44 82 7F 01 82 82 4A 
10 90 10 60 51 98 26 04  -> 56 23 22 52 4E 82 02 00 
[0;32mI (9225) idfzk: Hardcoded font_pang data:[0m
00 FE 22 22 FE 44 48 50 
40 FF 40 50 48 44 00 00 
80 7F 02 82 FF 04 04 04 
04 FF 04 04 04 06 04 00 
[0;32mI (9245) idfzk: Converted character data (first 16 bytes):[0m
10 10 10 FF 10 50 44 54 
65 C6 44 64 54 44 40 00 
[0;32mI (9255) idfzk: Character data (first 16 bytes):[0m
10 10 10 FF 10 50 44 54 
65 C6 44 64 54 44 40 00 
... (total 32 bytes)
[0;32mI (9345) idfzk: gt(c1=0xC7, c2=0xEB) = 3274, offset=0x00019940, base=0x00114FDE, total=0x0012E91E[0m
[0;32mI (9345) idfzk: Reading character at address: 0x0012E91E, size: 32 bytes[0m
[0;32mI (9465) idfzk: Original vs Converted data:[0m
00 40 40 40 27 FC 20 40  -> 40 42 CC 00 00 44 54 54 
03 F8 00 40 E7 FE 20 00  -> 54 7F 54 54 54 44 40 00 
23 F8 22 08 23 F8 22 08  -> 00 00 7F 20 10 00 FF 15 
2B F8 32 08 22 28 02 10  -> 15 15 55 95 7F 00 00 00 
[0;32mI (9485) idfzk: Hardcoded font_pang data:[0m
00 FE 22 22 FE 44 48 50 
40 FF 40 50 48 44 00 00 
80 7F 02 82 FF 04 04 04 
04 FF 04 04 04 06 04 00 
[0;32mI (9495) idfzk: Converted character data (first 16 bytes):[0m
40 42 CC 00 00 44 54 54 
54 7F 54 54 54 44 40 00 
[0;32mI (9505) idfzk: Character data (first 16 bytes):[0m
40 42 CC 00 00 44 54 54 
54 7F 54 54 54 44 40 00 
... (total 32 bytes)
[0;32mI (9595) idfzk: gt(c1=0xCA, c2=0xB9) = 3506, offset=0x0001B640, base=0x00114FDE, total=0x0013061E[0m
[0;32mI (9595) idfzk: Reading character at address: 0x0013061E, size: 32 bytes[0m
[0;32mI (9725) idfzk: Original vs Converted data:[0m
10 40 10 40 1F FE 20 40  -> 80 60 F8 07 04 E4 24 24 
20 40 67 FC 64 44 A4 44  -> 24 FF 24 24 24 E4 04 00 
27 FC 20 40 22 40 21 40  -> 00 00 FF 00 80 81 45 29 
20 80 21 40 22 30 2C 0E  -> 11 2F 41 41 81 81 80 00 
[0;32mI (9735) idfzk: Hardcoded font_pang data:[0m
00 FE 22 22 FE 44 48 50 
40 FF 40 50 48 44 00 00 
80 7F 02 82 FF 04 04 04 
04 FF 04 04 04 06 04 00 
[0;32mI (9745) idfzk: Converted character data (first 16 bytes):[0m
80 60 F8 07 04 E4 24 24 
24 FF 24 24 24 E4 04 00 
[0;32mI (9765) idfzk: Character data (first 16 bytes):[0m
80 60 F8 07 04 E4 24 24 
24 FF 24 24 24 E4 04 00 
... (total 32 bytes)
[0;32mI (9855) idfzk: gt(c1=0xD3, c2=0xC3) = 4362, offset=0x00022140, base=0x00114FDE, total=0x0013711E[0m
[0;32mI (9855) idfzk: Reading character at address: 0x0013711E, size: 32 bytes[0m
[0;32mI (9975) idfzk: Original vs Converted data:[0m
00 00 3F F8 21 08 21 08  -> 00 00 FE 22 22 22 22 FE 
21 08 3F F8 21 08 21 08  -> 22 22 22 22 FE 00 00 00 
21 08 3F F8 21 08 21 08  -> 80 60 1F 02 02 02 02 7F 
21 08 41 08 41 28 80 10  -> 02 02 42 82 7F 00 00 00 
[0;32mI (9995) idfzk: Hardcoded font_pang data:[0m
00 FE 22 22 FE 44 48 50 
40 FF 40 50 48 44 00 00 
80 7F 02 82 FF 04 04 04 
04 FF 04 04 04 06 04 00 
[0;32mI (10005) idfzk: Converted character data (first 16 bytes):[0m
00 00 FE 22 22 22 22 FE 
22 22 22 22 FE 00 00 00 
[0;32mI (10015) idfzk: Character data (first 16 bytes):[0m
00 00 FE 22 22 22 22 FE 
22 22 22 22 FE 00 00 00 
... (total 32 bytes)
[0;32mI (10035) idfzk: Waiting for WiFi connection...[0m
[0;33mW (10245) idfzk: WiFi disconnected[0m
[0;32mI (10245) idfzk: Attempting to reconnect...[0m
[0;32mI (11135) idfzk: gt(c1=0xCE, c2=0xB4) = 3877, offset=0x0001E4A0, base=0x00114FDE, total=0x0013347E[0m
[0;32mI (11135) idfzk: Reading character at address: 0x0013347E, size: 32 bytes[0m
[0;32mI (11265) idfzk: Original vs Converted data:[0m
01 00 01 00 01 00 3F F8  -> 80 80 88 88 88 88 88 FF 
01 00 01 00 01 00 FF FE  -> 88 88 88 88 88 80 80 00 
03 80 05 40 09 20 11 10  -> 20 20 10 08 04 02 01 FF 
21 08 C1 06 01 00 01 00  -> 01 02 04 08 10 20 20 00 
[0;32mI (11275) idfzk: Hardcoded font_pang data:[0m
00 FE 22 22 FE 44 48 50 
40 FF 40 50 48 44 00 00 
80 7F 02 82 FF 04 04 04 
04 FF 04 04 04 06 04 00 
[0;32mI (11285) idfzk: Converted character data (first 16 bytes):[0m
80 80 88 88 88 88 88 FF 
88 88 88 88 88 80 80 00 
[0;32mI (11295) idfzk: Character data (first 16 bytes):[0m
80 80 88 88 88 88 88 FF 
88 88 88 88 88 80 80 00 
... (total 32 bytes)
[0;32mI (11395) idfzk: gt(c1=0xC1, c2=0xAC) = 2647, offset=0x00014AE0, base=0x00114FDE, total=0x00129ABE[0m
[0;32mI (11395) idfzk: Reading character at address: 0x00129ABE, size: 32 bytes[0m
[0;32mI (11515) idfzk: Original vs Converted data:[0m
00 40 20 40 17 FE 10 80  -> 40 40 42 CC 00 04 44 64 
00 A0 01 20 F3 FC 10 20  -> 5C 47 F4 44 44 44 04 00 
10 20 10 20 17 FE 10 20  -> 00 40 20 1F 20 44 44 44 
10 20 28 20 47 FE 00 00  -> 44 44 7F 44 44 44 44 00 
[0;32mI (11535) idfzk: Hardcoded font_pang data:[0m
00 FE 22 22 FE 44 48 50 
40 FF 40 50 48 44 00 00 
80 7F 02 82 FF 04 04 04 
04 FF 04 04 04 06 04 00 
[0;32mI (11545) idfzk: Converted character data (first 16 bytes):[0m
40 40 42 CC 00 04 44 64 
5C 47 F4 44 44 44 04 00 
[0;32mI (11555) idfzk: Character data (first 16 bytes):[0m
40 40 42 CC 00 04 44 64 
5C 47 F4 44 44 44 04 00 
... (total 32 bytes)
[0;32mI (11645) idfzk: gt(c1=0xBD, c2=0xD3) = 2310, offset=0x000120C0, base=0x00114FDE, total=0x0012709E[0m
[0;32mI (11645) idfzk: Reading character at address: 0x0012709E, size: 32 bytes[0m
[0;32mI (11775) idfzk: Original vs Converted data:[0m
10 80 10 40 13 FC 10 00  -> 10 10 10 FF 10 50 44 54 
FD 08 10 90 17 FE 10 40  -> 65 C6 44 64 54 44 40 00 
18 40 37 FE D0 88 11 08  -> 04 44 82 7F 01 82 82 4A 
10 90 10 60 51 98 26 04  -> 56 23 22 52 4E 82 02 00 
[0;32mI (11785) idfzk: Hardcoded font_pang data:[0m
00 FE 22 22 FE 44 48 50 
40 FF 40 50 48 44 00 00 
80 7F 02 82 FF 04 04 04 
04 FF 04 04 04 06 04 00 
[0;32mI (11805) idfzk: Converted character data (first 16 bytes):[0m
10 10 10 FF 10 50 44 54 
65 C6 44 64 54 44 40 00 
[0;32mI (11815) idfzk: Character data (first 16 bytes):[0m
10 10 10 FF 10 50 44 54 
65 C6 44 64 54 44 40 00 
... (total 32 bytes)
[0;32mI (11905) idfzk: gt(c1=0xC7, c2=0xEB) = 3274, offset=0x00019940, base=0x00114FDE, total=0x0012E91E[0m
[0;32mI (11905) idfzk: Reading character at address: 0x0012E91E, size: 32 bytes[0m
[0;32mI (12025) idfzk: Original vs Converted data:[0m
00 40 40 40 27 FC 20 40  -> 40 42 CC 00 00 44 54 54 
03 F8 00 40 E7 FE 20 00  -> 54 7F 54 54 54 44 40 00 
23 F8 22 08 23 F8 22 08  -> 00 00 7F 20 10 00 FF 15 
2B F8 32 08 22 28 02 10  -> 15 15 55 95 7F 00 00 00 
[0;32mI (12045) idfzk: Hardcoded font_pang data:[0m
00 FE 22 22 FE 44 48 50 
40 FF 40 50 48 44 00 00 
80 7F 02 82 FF 04 04 04 
04 FF 04 04 04 06 04 00 
[0;32mI (12055) idfzk: Converted character data (first 16 bytes):[0m
40 42 CC 00 00 44 54 54 
54 7F 54 54 54 44 40 00 
[0;32mI (12065) idfzk: Character data (first 16 bytes):[0m
40 42 CC 00 00 44 54 54 
54 7F 54 54 54 44 40 00 
... (total 32 bytes)
[0;32mI (12155) idfzk: gt(c1=0xCA, c2=0xB9) = 3506, offset=0x0001B640, base=0x00114FDE, total=0x0013061E[0m
[0;32mI (12155) idfzk: Reading character at address: 0x0013061E, size: 32 bytes[0m
[0;32mI (12285) idfzk: Original vs Converted data:[0m
10 40 10 40 1F FE 20 40  -> 80 60 F8 07 04 E4 24 24 
20 40 67 FC 64 44 A4 44  -> 24 FF 24 24 24 E4 04 00 
27 FC 20 40 22 40 21 40  -> 00 00 FF 00 80 81 45 29 
20 80 21 40 22 30 2C 0E  -> 11 2F 41 41 81 81 80 00 
[0;32mI (12295) idfzk: Hardcoded font_pang data:[0m
00 FE 22 22 FE 44 48 50 
40 FF 40 50 48 44 00 00 
80 7F 02 82 FF 04 04 04 
04 FF 04 04 04 06 04 00 
[0;32mI (12315) idfzk: Converted character data (first 16 bytes):[0m
80 60 F8 07 04 E4 24 24 
24 FF 24 24 24 E4 04 00 
[0;32mI (12325) idfzk: Character data (first 16 bytes):[0m
80 60 F8 07 04 E4 24 24 
24 FF 24 24 24 E4 04 00 
... (total 32 bytes)
[0;32mI (12415) idfzk: gt(c1=0xD3, c2=0xC3) = 4362, offset=0x00022140, base=0x00114FDE, total=0x0013711E[0m
[0;32mI (12415) idfzk: Reading character at address: 0x0013711E, size: 32 bytes[0m
[0;32mI (12535) idfzk: Original vs Converted data:[0m
00 00 3F F8 21 08 21 08  -> 00 00 FE 22 22 22 22 FE 
21 08 3F F8 21 08 21 08  -> 22 22 22 22 FE 00 00 00 
21 08 3F F8 21 08 21 08  -> 80 60 1F 02 02 02 02 7F 
21 08 41 08 41 28 80 10  -> 02 02 42 82 7F 00 00 00 
[0;32mI (12555) idfzk: Hardcoded font_pang data:[0m
00 FE 22 22 FE 44 48 50 
40 FF 40 50 48 44 00 00 
80 7F 02 82 FF 04 04 04 
04 FF 04 04 04 06 04 00 
[0;32mI (12565) idfzk: Converted character data (first 16 bytes):[0m
00 00 FE 22 22 22 22 FE 
22 22 22 22 FE 00 00 00 
[0;32mI (12575) idfzk: Character data (first 16 bytes):[0m
00 00 FE 22 22 22 22 FE 
22 22 22 22 FE 00 00 00 
... (total 32 bytes)
[0;32mI (12595) idfzk: Waiting for WiFi connection...[0m
[0;33mW (12655) idfzk: WiFi disconnected[0m
[0;32mI (12655) idfzk: Attempting to reconnect...[0m
[0;32mI (13695) idfzk: gt(c1=0xCE, c2=0xB4) = 3877, offset=0x0001E4A0, base=0x00114FDE, total=0x0013347E[0m
[0;32mI (13695) idfzk: Reading character at address: 0x0013347E, size: 32 bytes[0m
[0;32mI (13825) idfzk: Original vs Converted data:[0m
01 00 01 00 01 00 3F F8  -> 80 80 88 88 88 88 88 FF 
01 00 01 00 01 00 FF FE  -> 88 88 88 88 88 80 80 00 
03 80 05 40 09 20 11 10  -> 20 20 10 08 04 02 01 FF 
21 08 C1 06 01 00 01 00  -> 01 02 04 08 10 20 20 00 
[0;32mI (13835) idfzk: Hardcoded font_pang data:[0m
00 FE 22 22 FE 44 48 50 
40 FF 40 50 48 44 00 00 
80 7F 02 82 FF 04 04 04 
04 FF 04 04 04 06 04 00 
[0;32mI (13845) idfzk: Converted character data (first 16 bytes):[0m
80 80 88 88 88 88 88 FF 
88 88 88 88 88 80 80 00 
[0;32mI (13855) idfzk: Character data (first 16 bytes):[0m
80 80 88 88 88 88 88 FF 
88 88 88 88 88 80 80 00 
... (total 32 bytes)
[0;32mI (13945) idfzk: gt(c1=0xC1, c2=0xAC) = 2647, offset=0x00014AE0, base=0x00114FDE, total=0x00129ABE[0m
[0;32mI (13955) idfzk: Reading character at address: 0x00129ABE, size: 32 bytes[0m
[0;32mI (14075) idfzk: Original vs Converted data:[0m
00 40 20 40 17 FE 10 80  -> 40 40 42 CC 00 04 44 64 
00 A0 01 20 F3 FC 10 20  -> 5C 47 F4 44 44 44 04 00 
10 20 10 20 17 FE 10 20  -> 00 40 20 1F 20 44 44 44 
10 20 28 20 47 FE 00 00  -> 44 44 7F 44 44 44 44 00 
[0;32mI (14085) idfzk: Hardcoded font_pang data:[0m
00 FE 22 22 FE 44 48 50 
40 FF 40 50 48 44 00 00 
80 7F 02 82 FF 04 04 04 
04 FF 04 04 04 06 04 00 
[0;32mI (14105) idfzk: Converted character data (first 16 bytes):[0m
40 40 42 CC 00 04 44 64 
5C 47 F4 44 44 44 04 00 
[0;32mI (14115) idfzk: Character data (first 16 bytes):[0m
40 40 42 CC 00 04 44 64 
5C 47 F4 44 44 44 04 00 
... (total 32 bytes)
[0;32mI (14205) idfzk: gt(c1=0xBD, c2=0xD3) = 2310, offset=0x000120C0, base=0x00114FDE, total=0x0012709E[0m
[0;32mI (14205) idfzk: Reading character at address: 0x0012709E, size: 32 bytes[0m
[0;32mI (14325) idfzk: Original vs Converted data:[0m
10 80 10 40 13 FC 10 00  -> 10 10 10 FF 10 50 44 54 
FD 08 10 90 17 FE 10 40  -> 65 C6 44 64 54 44 40 00 
18 40 37 FE D0 88 11 08  -> 04 44 82 7F 01 82 82 4A 
10 90 10 60 51 98 26 04  -> 56 23 22 52 4E 82 02 00 
[0;32mI (14345) idfzk: Hardcoded font_pang data:[0m
00 FE 22 22 FE 44 48 50 
40 FF 40 50 48 44 00 00 
80 7F 02 82 FF 04 04 04 
04 FF 04 04 04 06 04 00 
[0;32mI (14355) idfzk: Converted character data (first 16 bytes):[0m
10 10 10 FF 10 50 44 54 
65 C6 44 64 54 44 40 00 
[0;32mI (14365) idfzk: Character data (first 16 bytes):[0m
10 10 10 FF 10 50 44 54 
65 C6 44 64 54 44 40 00 
... (total 32 bytes)
[0;32mI (14455) idfzk: gt(c1=0xC7, c2=0xEB) = 3274, offset=0x00019940, base=0x00114FDE, total=0x0012E91E[0m
[0;32mI (14455) idfzk: Reading character at address: 0x0012E91E, size: 32 bytes[0m
[0;32mI (14585) idfzk: Original vs Converted data:[0m
00 40 40 40 27 FC 20 40  -> 40 42 CC 00 00 44 54 54 
03 F8 00 40 E7 FE 20 00  -> 54 7F 54 54 54 44 40 00 
23 F8 22 08 23 F8 22 08  -> 00 00 7F 20 10 00 FF 15 
2B F8 32 08 22 28 02 10  -> 15 15 55 95 7F 00 00 00 
[0;32mI (14595) idfzk: Hardcoded font_pang data:[0m
00 FE 22 22 FE 44 48 50 
40 FF 40 50 48 44 00 00 
80 7F 02 82 FF 04 04 04 
04 FF 04 04 04 06 04 00 
[0;32mI (14615) idfzk: Converted character data (first 16 bytes):[0m
40 42 CC 00 00 44 54 54 
54 7F 54 54 54 44 40 00 
[0;32mI (14625) idfzk: Character data (first 16 bytes):[0m
40 42 CC 00 00 44 54 54 
54 7F 54 54 54 44 40 00 
... (total 32 bytes)
[0;32mI (14715) idfzk: gt(c1=0xCA, c2=0xB9) = 3506, offset=0x0001B640, base=0x00114FDE, total=0x0013061E[0m
[0;32mI (14715) idfzk: Reading character at address: 0x0013061E, size: 32 bytes[0m
[0;32mI (14835) idfzk: Original vs Converted data:[0m
10 40 10 40 1F FE 20 40  -> 80 60 F8 07 04 E4 24 24 
20 40 67 FC 64 44 A4 44  -> 24 FF 24 24 24 E4 04 00 
27 FC 20 40 22 40 21 40  -> 00 00 FF 00 80 81 45 29 
20 80 21 40 22 30 2C 0E  -> 11 2F 41 41 81 81 80 00 
[0;32mI (14855) idfzk: Hardcoded font_pang data:[0m
00 FE 22 22 FE 44 48 50 
40 FF 40 50 48 44 00 00 
80 7F 02 82 FF 04 04 04 
04 FF 04 04 04 06 04 00 
[0;32mI (14865) idfzk: Converted character data (first 16 bytes):[0m
80 60 F8 07 04 E4 24 24 
24 FF 24 24 24 E4 04 00 
[0;32mI (14875) idfzk: Character data (first 16 bytes):[0m
80 60 F8 07 04 E4 24 24 
24 FF 24 24 24 E4 04 00 
... (total 32 bytes)
[0;32mI (14965) idfzk: gt(c1=0xD3, c2=0xC3) = 4362, offset=0x00022140, base=0x00114FDE, total=0x0013711E[0m
[0;32mI (14965) idfzk: Reading character at address: 0x0013711E, size: 32 bytes[0m
[0;33mW (15065) idfzk: WiFi disconnected[0m
[0;32mI (15065) idfzk: Attempting to reconnect...[0m
[0;32mI (15095) idfzk: Original vs Converted data:[0m
00 00 3F F8 21 08 21 08  -> 00 00 FE 22 22 22 22 FE 
21 08 3F F8 21 08 21 08  -> 22 22 22 22 FE 00 00 00 
21 08 3F F8 21 08 21 08  -> 80 60 1F 02 02 02 02 7F 
21 08 41 08 41 28 80 10  -> 02 02 42 82 7F 00 00 00 
[0;32mI (15105) idfzk: Hardcoded font_pang data:[0m
00 FE 22 22 FE 44 48 50 
40 FF 40 50 48 44 00 00 
80 7F 02 82 FF 04 04 04 
04 FF 04 04 04 06 04 00 
[0;32mI (15125) idfzk: Converted character data (first 16 bytes):[0m
00 00 FE 22 22 22 22 FE 
22 22 22 22 FE 00 00 00 
[0;32mI (15135) idfzk: Character data (first 16 bytes):[0m
00 00 FE 22 22 22 22 FE 
22 22 22 22 FE 00 00 00 
... (total 32 bytes)
[0;32mI (15155) idfzk: Waiting for WiFi connection...[0m
[0;32mI (16255) idfzk: gt(c1=0xCE, c2=0xB4) = 3877, offset=0x0001E4A0, base=0x00114FDE, total=0x0013347E[0m
[0;32mI (16255) idfzk: Reading character at address: 0x0013347E, size: 32 bytes[0m
[0;32mI (16385) idfzk: Original vs Converted data:[0m
01 00 01 00 01 00 3F F8  -> 80 80 88 88 88 88 88 FF 
01 00 01 00 01 00 FF FE  -> 88 88 88 88 88 80 80 00 
03 80 05 40 09 20 11 10  -> 20 20 10 08 04 02 01 FF 
21 08 C1 06 01 00 01 00  -> 01 02 04 08 10 20 20 00 
[0;32mI (16395) idfzk: Hardcoded font_pang data:[0m
00 FE 22 22 FE 44 48 50 
40 FF 40 50 48 44 00 00 
80 7F 02 82 FF 04 04 04 
04 FF 04 04 04 06 04 00 
[0;32mI (16405) idfzk: Converted character data (first 16 bytes):[0m
80 80 88 88 88 88 88 FF 
88 88 88 88 88 80 80 00 
[0;32mI (16415) idfzk: Character data (first 16 bytes):[0m
80 80 88 88 88 88 88 FF 
88 88 88 88 88 80 80 00 
... (total 32 bytes)
[0;32mI (16515) idfzk: gt(c1=0xC1, c2=0xAC) = 2647, offset=0x00014AE0, base=0x00114FDE, total=0x00129ABE[0m
[0;32mI (16515) idfzk: Reading character at address: 0x00129ABE, size: 32 bytes[0m
[0;32mI (16635) idfzk: Original vs Converted data:[0m
00 40 20 40 17 FE 10 80  -> 40 40 42 CC 00 04 44 64 
00 A0 01 20 F3 FC 10 20  -> 5C 47 F4 44 44 44 04 00 
10 20 10 20 17 FE 10 20  -> 00 40 20 1F 20 44 44 44 
10 20 28 20 47 FE 00 00  -> 44 44 7F 44 44 44 44 00 
[0;32mI (16645) idfzk: Hardcoded font_pang data:[0m
00 FE 22 22 FE 44 48 50 
40 FF 40 50 48 44 00 00 
80 7F 02 82 FF 04 04 04 
04 FF 04 04 04 06 04 00 
[0;32mI (16665) idfzk: Converted character data (first 16 bytes):[0m
40 40 42 CC 00 04 44 64 
5C 47 F4 44 44 44 04 00 
[0;32mI (16675) idfzk: Character data (first 16 bytes):[0m
40 40 42 CC 00 04 44 64 
5C 47 F4 44 44 44 04 00 
... (total 32 bytes)
[0;32mI (16765) idfzk: gt(c1=0xBD, c2=0xD3) = 2310, offset=0x000120C0, base=0x00114FDE, total=0x0012709E[0m
[0;32mI (16765) idfzk: Reading character at address: 0x0012709E, size: 32 bytes[0m
[0;32mI (16895) idfzk: Original vs Converted data:[0m
10 80 10 40 13 FC 10 00  -> 10 10 10 FF 10 50 44 54 
FD 08 10 90 17 FE 10 40  -> 65 C6 44 64 54 44 40 00 
18 40 37 FE D0 88 11 08  -> 04 44 82 7F 01 82 82 4A 
10 90 10 60 51 98 26 04  -> 56 23 22 52 4E 82 02 00 
[0;32mI (16905) idfzk: Hardcoded font_pang data:[0m
00 FE 22 22 FE 44 48 50 
40 FF 40 50 48 44 00 00 
80 7F 02 82 FF 04 04 04 
04 FF 04 04 04 06 04 00 
[0;32mI (16915) idfzk: Converted character data (first 16 bytes):[0m
10 10 10 FF 10 50 44 54 
65 C6 44 64 54 44 40 00 
[0;32mI (16925) idfzk: Character data (first 16 bytes):[0m
10 10 10 FF 10 50 44 54 
65 C6 44 64 54 44 40 00 
... (total 32 bytes)
[0;32mI (17015) idfzk: gt(c1=0xC7, c2=0xEB) = 3274, offset=0x00019940, base=0x00114FDE, total=0x0012E91E[0m
[0;32mI (17015) idfzk: Reading character at address: 0x0012E91E, size: 32 bytes[0m
[0;32mI (17145) idfzk: Original vs Converted data:[0m
00 40 40 40 27 FC 20 40  -> 40 42 CC 00 00 44 54 54 
03 F8 00 40 E7 FE 20 00  -> 54 7F 54 54 54 44 40 00 
23 F8 22 08 23 F8 22 08  -> 00 00 7F 20 10 00 FF 15 
2B F8 32 08 22 28 02 10  -> 15 15 55 95 7F 00 00 00 
[0;32mI (17155) idfzk: Hardcoded font_pang data:[0m
00 FE 22 22 FE 44 48 50 
40 FF 40 50 48 44 00 00 
80 7F 02 82 FF 04 04 04 
04 FF 04 04 04 06 04 00 
[0;32mI (17175) idfzk: Converted character data (first 16 bytes):[0m
40 42 CC 00 00 44 54 54 
54 7F 54 54 54 44 40 00 
[0;32mI (17185) idfzk: Character data (first 16 bytes):[0m
40 42 CC 00 00 44 54 54 
54 7F 54 54 54 44 40 00 
... (total 32 bytes)
[0;32mI (17275) idfzk: gt(c1=0xCA, c2=0xB9) = 3506, offset=0x0001B640, base=0x00114FDE, total=0x0013061E[0m
[0;32mI (17275) idfzk: Reading character at address: 0x0013061E, size: 32 bytes[0m
[0;32mI (17395) idfzk: Original vs Converted data:[0m
10 40 10 40 1F FE 20 40  -> 80 60 F8 07 04 E4 24 24 
20 40 67 FC 64 44 A4 44  -> 24 FF 24 24 24 E4 04 00 
27 FC 20 40 22 40 21 40  -> 00 00 FF 00 80 81 45 29 
20 80 21 40 22 30 2C 0E  -> 11 2F 41 41 81 81 80 00 
[0;32mI (17415) idfzk: Hardcoded font_pang data:[0m
00 FE 22 22 FE 44 48 50 
40 FF 40 50 48 44 00 00 
80 7F 02 82 FF 04 04 04 
04 FF 04 04 04 06 04 00 
[0;32mI (17425) idfzk: Converted character data (first 16 bytes):[0m
80 60 F8 07 04 E4 24 24 
24 FF 24 24 24 E4 04 00 
[0;32mI (17435) idfzk: Character data (first 16 bytes):[0m
80 60 F8 07 04 E4 24 24 
24 FF 24 24 24 E4 04 00 
... (total 32 bytes)
[0;33mW (17475) idfzk: WiFi disconnected[0m
[0;32mI (17475) idfzk: Attempting to reconnect...[0m
[0;32mI (17535) idfzk: gt(c1=0xD3, c2=0xC3) = 4362, offset=0x00022140, base=0x00114FDE, total=0x0013711E[0m
[0;32mI (17535) idfzk: Reading character at address: 0x0013711E, size: 32 bytes[0m
[0;32mI (17655) idfzk: Original vs Converted data:[0m
00 00 3F F8 21 08 21 08  -> 00 00 FE 22 22 22 22 FE 
21 08 3F F8 21 08 21 08  -> 22 22 22 22 FE 00 00 00 
21 08 3F F8 21 08 21 08  -> 80 60 1F 02 02 02 02 7F 
21 08 41 08 41 28 80 10  -> 02 02 42 82 7F 00 00 00 
[0;32mI (17675) idfzk: Hardcoded font_pang data:[0m
00 FE 22 22 FE 44 48 50 
40 FF 40 50 48 44 00 00 
80 7F 02 82 FF 04 04 04 
04 FF 04 04 04 06 04 00 
[0;32mI (17685) idfzk: Converted character data (first 16 bytes):[0m
00 00 FE 22 22 22 22 FE 
22 22 22 22 FE 00 00 00 
[0;32mI (17695) idfzk: Character data (first 16 bytes):[0m
00 00 FE 22 22 22 22 FE 
22 22 22 22 FE 00 00 00 
... (total 32 bytes)
[0;32mI (17715) idfzk: Waiting for WiFi connection...[0m
[0;32mI (18815) idfzk: gt(c1=0xCE, c2=0xB4) = 3877, offset=0x0001E4A0, base=0x00114FDE, total=0x0013347E[0m
[0;32mI (18815) idfzk: Reading character at address: 0x0013347E, size: 32 bytes[0m
[0;32mI (18935) idfzk: Original vs Converted data:[0m
01 00 01 00 01 00 3F F8  -> 80 80 88 88 88 88 88 FF 
01 00 01 00 01 00 FF FE  -> 88 88 88 88 88 80 80 00 
03 80 05 40 09 20 11 10  -> 20 20 10 08 04 02 01 FF 
21 08 C1 06 01 00 01 00  -> 01 02 04 08 10 20 20 00 
[0;32mI (18955) idfzk: Hardcoded font_pang data:[0m
00 FE 22 22 FE 44 48 50 
40 FF 40 50 48 44 00 00 
80 7F 02 82 FF 04 04 04 
04 FF 04 04 04 06 04 00 
[0;32mI (18965) idfzk: Converted character data (first 16 bytes):[0m
80 80 88 88 88 88 88 FF 
88 88 88 88 88 80 80 00 
[0;32mI (18975) idfzk: Character data (first 16 bytes):[0m
80 80 88 88 88 88 88 FF 
88 88 88 88 88 80 80 00 
... (total 32 bytes)
[0;32mI (19065) idfzk: gt(c1=0xC1, c2=0xAC) = 2647, offset=0x00014AE0, base=0x00114FDE, total=0x00129ABE[0m
[0;32mI (19065) idfzk: Reading character at address: 0x00129ABE, size: 32 bytes[0m
[0;32mI (19195) idfzk: Original vs Converted data:[0m
00 40 20 40 17 FE 10 80  -> 40 40 42 CC 00 04 44 64 
00 A0 01 20 F3 FC 10 20  -> 5C 47 F4 44 44 44 04 00 
10 20 10 20 17 FE 10 20  -> 00 40 20 1F 20 44 44 44 
10 20 28 20 47 FE 00 00  -> 44 44 7F 44 44 44 44 00 
[0;32mI (19205) idfzk: Hardcoded font_pang data:[0m
00 FE 22 22 FE 44 48 50 
40 FF 40 50 48 44 00 00 
80 7F 02 82 FF 04 04 04 
04 FF 04 04 04 06 04 00 
[0;32mI (19225) idfzk: Converted character data (first 16 bytes):[0m
40 40 42 CC 00 04 44 64 
5C 47 F4 44 44 44 04 00 
[0;32mI (19235) idfzk: Character data (first 16 bytes):[0m
40 40 42 CC 00 04 44 64 
5C 47 F4 44 44 44 04 00 
... (total 32 bytes)
[0;32mI (19325) idfzk: gt(c1=0xBD, c2=0xD3) = 2310, offset=0x000120C0, base=0x00114FDE, total=0x0012709E[0m
[0;32mI (19325) idfzk: Reading character at address: 0x0012709E, size: 32 bytes[0m
[0;32mI (19445) idfzk: Original vs Converted data:[0m
10 80 10 40 13 FC 10 00  -> 10 10 10 FF 10 50 44 54 
FD 08 10 90 17 FE 10 40  -> 65 C6 44 64 54 44 40 00 
18 40 37 FE D0 88 11 08  -> 04 44 82 7F 01 82 82 4A 
10 90 10 60 51 98 26 04  -> 56 23 22 52 4E 82 02 00 
[0;32mI (19465) idfzk: Hardcoded font_pang data:[0m
00 FE 22 22 FE 44 48 50 
40 FF 40 50 48 44 00 00 
80 7F 02 82 FF 04 04 04 
04 FF 04 04 04 06 04 00 
[0;32mI (19475) idfzk: Converted character data (first 16 bytes):[0m
10 10 10 FF 10 50 44 54 
65 C6 44 64 54 44 40 00 
[0;32mI (19485) idfzk: Character data (first 16 bytes):[0m
10 10 10 FF 10 50 44 54 
65 C6 44 64 54 44 40 00 
... (total 32 bytes)
[0;32mI (19575) idfzk: gt(c1=0xC7, c2=0xEB) = 3274, offset=0x00019940, base=0x00114FDE, total=0x0012E91E[0m
[0;32mI (19575) idfzk: Reading character at address: 0x0012E91E, size: 32 bytes[0m
[0;32mI (19705) idfzk: Original vs Converted data:[0m
00 40 40 40 27 FC 20 40  -> 40 42 CC 00 00 44 54 54 
03 F8 00 40 E7 FE 20 00  -> 54 7F 54 54 54 44 40 00 
23 F8 22 08 23 F8 22 08  -> 00 00 7F 20 10 00 FF 15 
2B F8 32 08 22 28 02 10  -> 15 15 55 95 7F 00 00 00 
[0;32mI (19715) idfzk: Hardcoded font_pang data:[0m
00 FE 22 22 FE 44 48 50 
40 FF 40 50 48 44 00 00 
80 7F 02 82 FF 04 04 04 
04 FF 04 04 04 06 04 00 
[0;32mI (19725) idfzk: Converted character data (first 16 bytes):[0m
40 42 CC 00 00 44 54 54 
54 7F 54 54 54 44 40 00 
[0;32mI (19735) idfzk: Character data (first 16 bytes):[0m
40 42 CC 00 00 44 54 54 
54 7F 54 54 54 44 40 00 
... (total 32 bytes)
[0;32mI (19825) idfzk: gt(c1=0xCA, c2=0xB9) = 3506, offset=0x0001B640, base=0x00114FDE, total=0x0013061E[0m
[0;32mI (19825) idfzk: Reading character at address: 0x0013061E, size: 32 bytes[0m
[0;33mW (19895) idfzk: WiFi disconnected[0m
[0;32mI (19895) idfzk: Attempting to reconnect...[0m
[0;32mI (19955) idfzk: Original vs Converted data:[0m
10 40 10 40 1F FE 20 40  -> 80 60 F8 07 04 E4 24 24 
20 40 67 FC 64 44 A4 44  -> 24 FF 24 24 24 E4 04 00 
27 FC 20 40 22 40 21 40  -> 00 00 FF 00 80 81 45 29 
20 80 21 40 22 30 2C 0E  -> 11 2F 41 41 81 81 80 00 
[0;32mI (19975) idfzk: Hardcoded font_pang data:[0m
00 FE 22 22 FE 44 48 50 
40 FF 40 50 48 44 00 00 
80 7F 02 82 FF 04 04 04 
04 FF 04 04 04 06 04 00 
[0;32mI (19985) idfzk: Converted character data (first 16 bytes):[0m
80 60 F8 07 04 E4 24 24 
24 FF 24 24 24 E4 04 00 
[0;32mI (19995) idfzk: Character data (first 16 bytes):[0m
80 60 F8 07 04 E4 24 24 
24 FF 24 24 24 E4 04 00 
... (total 32 bytes)
[0;32mI (20085) idfzk: gt(c1=0xD3, c2=0xC3) = 4362, offset=0x00022140, base=0x00114FDE, total=0x0013711E[0m
[0;32mI (20085) idfzk: Reading character at address: 0x0013711E, size: 32 bytes[0m
[0;32mI (20215) idfzk: Original vs Converted data:[0m
00 00 3F F8 21 08 21 08  -> 00 00 FE 22 22 22 22 FE 
21 08 3F F8 21 08 21 08  -> 22 22 22 22 FE 00 00 00 
21 08 3F F8 21 08 21 08  -> 80 60 1F 02 02 02 02 7F 
21 08 41 08 41 28 80 10  -> 02 02 42 82 7F 00 00 00 
[0;32mI (20235) idfzk: Hardcoded font_pang data:[0m
00 FE 22 22 FE 44 48 50 
40 FF 40 50 48 44 00 00 
80 7F 02 82 FF 04 04 04 
04 FF 04 04 04 06 04 00 
[0;32mI (20245) idfzk: Converted character data (first 16 bytes):[0m
00 00 FE 22 22 22 22 FE 
22 22 22 22 FE 00 00 00 
[0;32mI (20255) idfzk: Character data (first 16 bytes):[0m
00 00 FE 22 22 22 22 FE 
22 22 22 22 FE 00 00 00 
... (total 32 bytes)
[0;32mI (20275) idfzk: Waiting for WiFi connection...[0m
[0;32mI (21375) idfzk: gt(c1=0xCE, c2=0xB4) = 3877, offset=0x0001E4A0, base=0x00114FDE, total=0x0013347E[0m
[0;32mI (21375) idfzk: Reading character at address: 0x0013347E, size: 32 bytes[0m
[0;32mI (21495) idfzk: Original vs Converted data:[0m
01 00 01 00 01 00 3F F8  -> 80 80 88 88 88 88 88 FF 
01 00 01 00 01 00 FF FE  -> 88 88 88 88 88 80 80 00 
03 80 05 40 09 20 11 10  -> 20 20 10 08 04 02 01 FF 
21 08 C1 06 01 00 01 00  -> 01 02 04 08 10 20 20 00 
[0;32mI (21515) idfzk: Hardcoded font_pang data:[0m
00 FE 22 22 FE 44 48 50 
40 FF 40 50 48 44 00 00 
80 7F 02 82 FF 04 04 04 
04 FF 04 04 04 06 04 00 
[0;32mI (21525) idfzk: Converted character data (first 16 bytes):[0m
80 80 88 88 88 88 88 FF 
88 88 88 88 88 80 80 00 
[0;32mI (21535) idfzk: Character data (first 16 bytes):[0m
80 80 88 88 88 88 88 FF 
88 88 88 88 88 80 80 00 
... (total 32 bytes)
[0;32mI (21625) idfzk: gt(c1=0xC1, c2=0xAC) = 2647, offset=0x00014AE0, base=0x00114FDE, total=0x00129ABE[0m
[0;32mI (21625) idfzk: Reading character at address: 0x00129ABE, size: 32 bytes[0m
[0;32mI (21755) idfzk: Original vs Converted data:[0m
00 40 20 40 17 FE 10 80  -> 40 40 42 CC 00 04 44 64 
00 A0 01 20 F3 FC 10 20  -> 5C 47 F4 44 44 44 04 00 
10 20 10 20 17 FE 10 20  -> 00 40 20 1F 20 44 44 44 
10 20 28 20 47 FE 00 00  -> 44 44 7F 44 44 44 44 00 
[0;32mI (21765) idfzk: Hardcoded font_pang data:[0m
00 FE 22 22 FE 44 48 50 
40 FF 40 50 48 44 00 00 
80 7F 02 82 FF 04 04 04 
04 FF 04 04 04 06 04 00 
[0;32mI (21775) idfzk: Converted character data (first 16 bytes):[0m
40 40 42 CC 00 04 44 64 
5C 47 F4 44 44 44 04 00 
[0;32mI (21785) idfzk: Character data (first 16 bytes):[0m
40 40 42 CC 00 04 44 64 
5C 47 F4 44 44 44 04 00 
... (total 32 bytes)
[0;32mI (21875) idfzk: gt(c1=0xBD, c2=0xD3) = 2310, offset=0x000120C0, base=0x00114FDE, total=0x0012709E[0m
[0;32mI (21885) idfzk: Reading character at address: 0x0012709E, size: 32 bytes[0m
[0;32mI (22005) idfzk: Original vs Converted data:[0m
10 80 10 40 13 FC 10 00  -> 10 10 10 FF 10 50 44 54 
FD 08 10 90 17 FE 10 40  -> 65 C6 44 64 54 44 40 00 
18 40 37 FE D0 88 11 08  -> 04 44 82 7F 01 82 82 4A 
10 90 10 60 51 98 26 04  -> 56 23 22 52 4E 82 02 00 
[0;32mI (22015) idfzk: Hardcoded font_pang data:[0m
00 FE 22 22 FE 44 48 50 
40 FF 40 50 48 44 00 00 
80 7F 02 82 FF 04 04 04 
04 FF 04 04 04 06 04 00 
[0;32mI (22035) idfzk: Converted character data (first 16 bytes):[0m
10 10 10 FF 10 50 44 54 
65 C6 44 64 54 44 40 00 
[0;32mI (22045) idfzk: Character data (first 16 bytes):[0m
10 10 10 FF 10 50 44 54 
65 C6 44 64 54 44 40 00 
... (total 32 bytes)
[0;32mI (22135) idfzk: gt(c1=0xC7, c2=0xEB) = 3274, offset=0x00019940, base=0x00114FDE, total=0x0012E91E[0m
[0;32mI (22135) idfzk: Reading character at address: 0x0012E91E, size: 32 bytes[0m
[0;32mI (22255) idfzk: Original vs Converted data:[0m
00 40 40 40 27 FC 20 40  -> 40 42 CC 00 00 44 54 54 
03 F8 00 40 E7 FE 20 00  -> 54 7F 54 54 54 44 40 00 
23 F8 22 08 23 F8 22 08  -> 00 00 7F 20 10 00 FF 15 
2B F8 32 08 22 28 02 10  -> 15 15 55 95 7F 00 00 00 
[0;32mI (22275) idfzk: Hardcoded font_pang data:[0m
00 FE 22 22 FE 44 48 50 
40 FF 40 50 48 44 00 00 
80 7F 02 82 FF 04 04 04 
04 FF 04 04 04 06 04 00 
[0;32mI (22285) idfzk: Converted character data (first 16 bytes):[0m
40 42 CC 00 00 44 54 54 
54 7F 54 54 54 44 40 00 
[0;32mI (22295) idfzk: Character data (first 16 bytes):[0m
[0;33mW (22305) idfzk: WiFi disconnected[0m
[0;32mI (22305) idfzk: Attempting to reconnect...[0m
40 42 CC 00 00 44 54 54 
54 7F 54 54 54 44 40 00 
... (total 32 bytes)
[0;32mI (22395) idfzk: gt(c1=0xCA, c2=0xB9) = 3506, offset=0x0001B640, base=0x00114FDE, total=0x0013061E[0m
[0;32mI (22395) idfzk: Reading character at address: 0x0013061E, size: 32 bytes[0m
[0;32mI (22525) idfzk: Original vs Converted data:[0m
10 40 10 40 1F FE 20 40  -> 80 60 F8 07 04 E4 24 24 
20 40 67 FC 64 44 A4 44  -> 24 FF 24 24 24 E4 04 00 
27 FC 20 40 22 40 21 40  -> 00 00 FF 00 80 81 45 29 
20 80 21 40 22 30 2C 0E  -> 11 2F 41 41 81 81 80 00 
[0;32mI (22535) idfzk: Hardcoded font_pang data:[0m
00 FE 22 22 FE 44 48 50 
40 FF 40 50 48 44 00 00 
80 7F 02 82 FF 04 04 04 
04 FF 04 04 04 06 04 00 
[0;32mI (22555) idfzk: Converted character data (first 16 bytes):[0m
80 60 F8 07 04 E4 24 24 
24 FF 24 24 24 E4 04 00 
[0;32mI (22565) idfzk: Character data (first 16 bytes):[0m
80 60 F8 07 04 E4 24 24 
24 FF 24 24 24 E4 04 00 
... (total 32 bytes)
[0;32mI (22655) idfzk: gt(c1=0xD3, c2=0xC3) = 4362, offset=0x00022140, base=0x00114FDE, total=0x0013711E[0m
[0;32mI (22655) idfzk: Reading character at address: 0x0013711E, size: 32 bytes[0m
[0;32mI (22785) idfzk: Original vs Converted data:[0m
00 00 3F F8 21 08 21 08  -> 00 00 FE 22 22 22 22 FE 
21 08 3F F8 21 08 21 08  -> 22 22 22 22 FE 00 00 00 
21 08 3F F8 21 08 21 08  -> 80 60 1F 02 02 02 02 7F 
21 08 41 08 41 28 80 10  -> 02 02 42 82 7F 00 00 00 
[0;32mI (22795) idfzk: Hardcoded font_pang data:[0m
00 FE 22 22 FE 44 48 50 
40 FF 40 50 48 44 00 00 
80 7F 02 82 FF 04 04 04 
04 FF 04 04 04 06 04 00 
[0;32mI (22805) idfzk: Converted character data (first 16 bytes):[0m
00 00 FE 22 22 22 22 FE 
22 22 22 22 FE 00 00 00 
[0;32mI (22815) idfzk: Character data (first 16 bytes):[0m
00 00 FE 22 22 22 22 FE 
22 22 22 22 FE 00 00 00 
... (total 32 bytes)
[0;32mI (22845) idfzk: Waiting for WiFi connection...[0m
[0;32mI (23945) idfzk: gt(c1=0xCE, c2=0xB4) = 3877, offset=0x0001E4A0, base=0x00114FDE, total=0x0013347E[0m
[0;32mI (23945) idfzk: Reading character at address: 0x0013347E, size: 32 bytes[0m
[0;32mI (24065) idfzk: Original vs Converted data:[0m
01 00 01 00 01 00 3F F8  -> 80 80 88 88 88 88 88 FF 
01 00 01 00 01 00 FF FE  -> 88 88 88 88 88 80 80 00 
03 80 05 40 09 20 11 10  -> 20 20 10 08 04 02 01 FF 
21 08 C1 06 01 00 01 00  -> 01 02 04 08 10 20 20 00 
[0;32mI (24085) idfzk: Hardcoded font_pang data:[0m
00 FE 22 22 FE 44 48 50 
40 FF 40 50 48 44 00 00 
80 7F 02 82 FF 04 04 04 
04 FF 04 04 04 06 04 00 
[0;32mI (24095) idfzk: Converted character data (first 16 bytes):[0m
80 80 88 88 88 88 88 FF 
88 88 88 88 88 80 80 00 
[0;32mI (24105) idfzk: Character data (first 16 bytes):[0m
80 80 88 88 88 88 88 FF 
88 88 88 88 88 80 80 00 
... (total 32 bytes)
[0;32mI (24195) idfzk: gt(c1=0xC1, c2=0xAC) = 2647, offset=0x00014AE0, base=0x00114FDE, total=0x00129ABE[0m
[0;32mI (24195) idfzk: Reading character at address: 0x00129ABE, size: 32 bytes[0m
[0;32mI (24325) idfzk: Original vs Converted data:[0m
00 40 20 40 17 FE 10 80  -> 40 40 42 CC 00 04 44 64 
00 A0 01 20 F3 FC 10 20  -> 5C 47 F4 44 44 44 04 00 
10 20 10 20 17 FE 10 20  -> 00 40 20 1F 20 44 44 44 
10 20 28 20 47 FE 00 00  -> 44 44 7F 44 44 44 44 00 
[0;32mI (24335) idfzk: Hardcoded font_pang data:[0m
00 FE 22 22 FE 44 48 50 
40 FF 40 50 48 44 00 00 
80 7F 02 82 FF 04 04 04 
04 FF 04 04 04 06 04 00 
[0;32mI (24345) idfzk: Converted character data (first 16 bytes):[0m
40 40 42 CC 00 04 44 64 
5C 47 F4 44 44 44 04 00 
[0;32mI (24365) idfzk: Character data (first 16 bytes):[0m
40 40 42 CC 00 04 44 64 
5C 47 F4 44 44 44 04 00 
... (total 32 bytes)
[0;32mI (24455) idfzk: gt(c1=0xBD, c2=0xD3) = 2310, offset=0x000120C0, base=0x00114FDE, total=0x0012709E[0m
[0;32mI (24455) idfzk: Reading character at address: 0x0012709E, size: 32 bytes[0m
[0;32mI (24575) idfzk: Original vs Converted data:[0m
10 80 10 40 13 FC 10 00  -> 10 10 10 FF 10 50 44 54 
FD 08 10 90 17 FE 10 40  -> 65 C6 44 64 54 44 40 00 
18 40 37 FE D0 88 11 08  -> 04 44 82 7F 01 82 82 4A 
10 90 10 60 51 98 26 04  -> 56 23 22 52 4E 82 02 00 
[0;32mI (24585) idfzk: Hardcoded font_pang data:[0m
00 FE 22 22 FE 44 48 50 
40 FF 40 50 48 44 00 00 
80 7F 02 82 FF 04 04 04 
04 FF 04 04 04 06 04 00 
[0;32mI (24605) idfzk: Converted character data (first 16 bytes):[0m
10 10 10 FF 10 50 44 54 
65 C6 44 64 54 44 40 00 
[0;32mI (24615) idfzk: Character data (first 16 bytes):[0m
10 10 10 FF 10 50 44 54 
65 C6 44 64 54 44 40 00 
... (total 32 bytes)
[0;32mI (24705) idfzk: gt(c1=0xC7, c2=0xEB) = 3274, offset=0x00019940, base=0x00114FDE, total=0x0012E91E[0m
[0;32mI (24705) idfzk: Reading character at address: 0x0012E91E, size: 32 bytes[0m
[0;33mW (24725) idfzk: WiFi disconnected[0m
[0;32mI (24725) idfzk: Attempting to reconnect...[0m
[0;32mI (24835) idfzk: Original vs Converted data:[0m
00 40 40 40 27 FC 20 40  -> 40 42 CC 00 00 44 54 54 
03 F8 00 40 E7 FE 20 00  -> 54 7F 54 54 54 44 40 00 
23 F8 22 08 23 F8 22 08  -> 00 00 7F 20 10 00 FF 15 
2B F8 32 08 22 28 02 10  -> 15 15 55 95 7F 00 00 00 
[0;32mI (24845) idfzk: Hardcoded font_pang data:[0m
00 FE 22 22 FE 44 48 50 
40 FF 40 50 48 44 00 00 
80 7F 02 82 FF 04 04 04 
04 FF 04 04 04 06 04 00 
[0;32mI (24855) idfzk: Converted character data (first 16 bytes):[0m
40 42 CC 00 00 44 54 54 
54 7F 54 54 54 44 40 00 
[0;32mI (24875) idfzk: Character data (first 16 bytes):[0m
40 42 CC 00 00 44 54 54 
54 7F 54 54 54 44 40 00 
... (total 32 bytes)
[0;32mI (24965) idfzk: gt(c1=0xCA, c2=0xB9) = 3506, offset=0x0001B640, base=0x00114FDE, total=0x0013061E[0m
[0;32mI (24965) idfzk: Reading character at address: 0x0013061E, size: 32 bytes[0m
[0;32mI (25095) idfzk: Original vs Converted data:[0m
10 40 10 40 1F FE 20 40  -> 80 60 F8 07 04 E4 24 24 
20 40 67 FC 64 44 A4 44  -> 24 FF 24 24 24 E4 04 00 
27 FC 20 40 22 40 21 40  -> 00 00 FF 00 80 81 45 29 
20 80 21 40 22 30 2C 0E  -> 11 2F 41 41 81 81 80 00 
[0;32mI (25105) idfzk: Hardcoded font_pang data:[0m
00 FE 22 22 FE 44 48 50 
40 FF 40 50 48 44 00 00 
80 7F 02 82 FF 04 04 04 
04 FF 04 04 04 06 04 00 
[0;32mI (25115) idfzk: Converted character data (first 16 bytes):[0m
80 60 F8 07 04 E4 24 24 
24 FF 24 24 24 E4 04 00 
[0;32mI (25125) idfzk: Character data (first 16 bytes):[0m
80 60 F8 07 04 E4 24 24 
24 FF 24 24 24 E4 04 00 
... (total 32 bytes)
[0;32mI (25215) idfzk: gt(c1=0xD3, c2=0xC3) = 4362, offset=0x00022140, base=0x00114FDE, total=0x0013711E[0m
[0;32mI (25225) idfzk: Reading character at address: 0x0013711E, size: 32 bytes[0m
[0;32mI (25345) idfzk: Original vs Converted data:[0m
00 00 3F F8 21 08 21 08  -> 00 00 FE 22 22 22 22 FE 
21 08 3F F8 21 08 21 08  -> 22 22 22 22 FE 00 00 00 
21 08 3F F8 21 08 21 08  -> 80 60 1F 02 02 02 02 7F 
21 08 41 08 41 28 80 10  -> 02 02 42 82 7F 00 00 00 
[0;32mI (25365) idfzk: Hardcoded font_pang data:[0m
00 FE 22 22 FE 44 48 50 
40 FF 40 50 48 44 00 00 
80 7F 02 82 FF 04 04 04 
04 FF 04 04 04 06 04 00 
[0;32mI (25375) idfzk: Converted character data (first 16 bytes):[0m
00 00 FE 22 22 22 22 FE 
22 22 22 22 FE 00 00 00 
[0;32mI (25385) idfzk: Character data (first 16 bytes):[0m
00 00 FE 22 22 22 22 FE 
22 22 22 22 FE 00 00 00 
... (total 32 bytes)
[0;32mI (25405) idfzk: Waiting for WiFi connection...[0m
[0;32mI (26505) idfzk: gt(c1=0xCE, c2=0xB4) = 3877, offset=0x0001E4A0, base=0x00114FDE, total=0x0013347E[0m
[0;32mI (26505) idfzk: Reading character at address: 0x0013347E, size: 32 bytes[0m
[0;32mI (26625) idfzk: Original vs Converted data:[0m
01 00 01 00 01 00 3F F8  -> 80 80 88 88 88 88 88 FF 
01 00 01 00 01 00 FF FE  -> 88 88 88 88 88 80 80 00 
03 80 05 40 09 20 11 10  -> 20 20 10 08 04 02 01 FF 
21 08 C1 06 01 00 01 00  -> 01 02 04 08 10 20 20 00 
[0;32mI (26645) idfzk: Hardcoded font_pang data:[0m
00 FE 22 22 FE 44 48 50 
40 FF 40 50 48 44 00 00 
80 7F 02 82 FF 04 04 04 
04 FF 04 04 04 06 04 00 
[0;32mI (26655) idfzk: Converted character data (first 16 bytes):[0m
80 80 88 88 88 88 88 FF 
88 88 88 88 88 80 80 00 
[0;32mI (26665) idfzk: Character data (first 16 bytes):[0m
80 80 88 88 88 88 88 FF 
88 88 88 88 88 80 80 00 
... (total 32 bytes)
[0;32mI (26755) idfzk: gt(c1=0xC1, c2=0xAC) = 2647, offset=0x00014AE0, base=0x00114FDE, total=0x00129ABE[0m
[0;32mI (26755) idfzk: Reading character at address: 0x00129ABE, size: 32 bytes[0m
[0;32mI (26885) idfzk: Original vs Converted data:[0m
00 40 20 40 17 FE 10 80  -> 40 40 42 CC 00 04 44 64 
00 A0 01 20 F3 FC 10 20  -> 5C 47 F4 44 44 44 04 00 
10 20 10 20 17 FE 10 20  -> 00 40 20 1F 20 44 44 44 
10 20 28 20 47 FE 00 00  -> 44 44 7F 44 44 44 44 00 
[0;32mI (26895) idfzk: Hardcoded font_pang data:[0m
00 FE 22 22 FE 44 48 50 
40 FF 40 50 48 44 00 00 
80 7F 02 82 FF 04 04 04 
04 FF 04 04 04 06 04 00 
[0;32mI (26905) idfzk: Converted character data (first 16 bytes):[0m
40 40 42 CC 00 04 44 64 
5C 47 F4 44 44 44 04 00 
[0;32mI (26915) idfzk: Character data (first 16 bytes):[0m
40 40 42 CC 00 04 44 64 
5C 47 F4 44 44 44 04 00 
... (total 32 bytes)
[0;32mI (27005) idfzk: gt(c1=0xBD, c2=0xD3) = 2310, offset=0x000120C0, base=0x00114FDE, total=0x0012709E[0m
[0;32mI (27005) idfzk: Reading character at address: 0x0012709E, size: 32 bytes[0m
[0;32mI (27135) idfzk: Original vs Converted data:[0m
[0;33mW (27135) idfzk: WiFi disconnected[0m
[0;32mI (27135) idfzk: Attempting to reconnect...[0m
10 80 10 40 13 FC 10 00  -> 10 10 10 FF 10 50 44 54 
FD 08 10 90 17 FE 10 40  -> 65 C6 44 64 54 44 40 00 
18 40 37 FE D0 88 11 08  -> 04 44 82 7F 01 82 82 4A 
10 90 10 60 51 98 26 04  -> 56 23 22 52 4E 82 02 00 
[0;32mI (27155) idfzk: Hardcoded font_pang data:[0m
00 FE 22 22 FE 44 48 50 
40 FF 40 50 48 44 00 00 
80 7F 02 82 FF 04 04 04 
04 FF 04 04 04 06 04 00 
[0;32mI (27175) idfzk: Converted character data (first 16 bytes):[0m
10 10 10 FF 10 50 44 54 
65 C6 44 64 54 44 40 00 
[0;32mI (27185) idfzk: Character data (first 16 bytes):[0m
10 10 10 FF 10 50 44 54 
65 C6 44 64 54 44 40 00 
... (total 32 bytes)
[0;32mI (27275) idfzk: gt(c1=0xC7, c2=0xEB) = 3274, offset=0x00019940, base=0x00114FDE, total=0x0012E91E[0m
[0;32mI (27275) idfzk: Reading character at address: 0x0012E91E, size: 32 bytes[0m
[0;32mI (27405) idfzk: Original vs Converted data:[0m
00 40 40 40 27 FC 20 40  -> 40 42 CC 00 00 44 54 54 
03 F8 00 40 E7 FE 20 00  -> 54 7F 54 54 54 44 40 00 
23 F8 22 08 23 F8 22 08  -> 00 00 7F 20 10 00 FF 15 
2B F8 32 08 22 28 02 10  -> 15 15 55 95 7F 00 00 00 
[0;32mI (27415) idfzk: Hardcoded font_pang data:[0m
00 FE 22 22 FE 44 48 50 
40 FF 40 50 48 44 00 00 
80 7F 02 82 FF 04 04 04 
04 FF 04 04 04 06 04 00 
[0;32mI (27425) idfzk: Converted character data (first 16 bytes):[0m
40 42 CC 00 00 44 54 54 
54 7F 54 54 54 44 40 00 
[0;32mI (27435) idfzk: Character data (first 16 bytes):[0m
40 42 CC 00 00 44 54 54 
54 7F 54 54 54 44 40 00 
... (total 32 bytes)
[0;32mI (27535) idfzk: gt(c1=0xCA, c2=0xB9) = 3506, offset=0x0001B640, base=0x00114FDE, total=0x0013061E[0m
[0;32mI (27535) idfzk: Reading character at address: 0x0013061E, size: 32 bytes[0m
[0;32mI (27655) idfzk: Original vs Converted data:[0m
10 40 10 40 1F FE 20 40  -> 80 60 F8 07 04 E4 24 24 
20 40 67 FC 64 44 A4 44  -> 24 FF 24 24 24 E4 04 00 
27 FC 20 40 22 40 21 40  -> 00 00 FF 00 80 81 45 29 
20 80 21 40 22 30 2C 0E  -> 11 2F 41 41 81 81 80 00 
[0;32mI (27675) idfzk: Hardcoded font_pang data:[0m
00 FE 22 22 FE 44 48 50 
40 FF 40 50 48 44 00 00 
80 7F 02 82 FF 04 04 04 
04 FF 04 04 04 06 04 00 
[0;32mI (27685) idfzk: Converted character data (first 16 bytes):[0m
80 60 F8 07 04 E4 24 24 
24 FF 24 24 24 E4 04 00 
[0;32mI (27695) idfzk: Character data (first 16 bytes):[0m
80 60 F8 07 04 E4 24 24 
24 FF 24 24 24 E4 04 00 
... (total 32 bytes)
[0;32mI (27785) idfzk: gt(c1=0xD3, c2=0xC3) = 4362, offset=0x00022140, base=0x00114FDE, total=0x0013711E[0m
[0;32mI (27785) idfzk: Reading character at address: 0x0013711E, size: 32 bytes[0m
[0;32mI (27915) idfzk: Original vs Converted data:[0m
00 00 3F F8 21 08 21 08  -> 00 00 FE 22 22 22 22 FE 
21 08 3F F8 21 08 21 08  -> 22 22 22 22 FE 00 00 00 
21 08 3F F8 21 08 21 08  -> 80 60 1F 02 02 02 02 7F 
21 08 41 08 41 28 80 10  -> 02 02 42 82 7F 00 00 00 
[0;32mI (27935) idfzk: Hardcoded font_pang data:[0m
00 FE 22 22 FE 44 48 50 
40 FF 40 50 48 44 00 00 
80 7F 02 82 FF 04 04 04 
04 FF 04 04 04 06 04 00 
[0;32mI (27945) idfzk: Converted character data (first 16 bytes):[0m
00 00 FE 22 22 22 22 FE 
22 22 22 22 FE 00 00 00 
[0;32mI (27955) idfzk: Character data (first 16 bytes):[0m
00 00 FE 22 22 22 22 FE 
22 22 22 22 FE 00 00 00 
... (total 32 bytes)
[0;32mI (27975) idfzk: Waiting for WiFi connection...[0m
[0;32mI (29075) idfzk: gt(c1=0xCE, c2=0xB4) = 3877, offset=0x0001E4A0, base=0x00114FDE, total=0x0013347E[0m
[0;32mI (29075) idfzk: Reading character at address: 0x0013347E, size: 32 bytes[0m
[0;32mI (29195) idfzk: Original vs Converted data:[0m
01 00 01 00 01 00 3F F8  -> 80 80 88 88 88 88 88 FF 
01 00 01 00 01 00 FF FE  -> 88 88 88 88 88 80 80 00 
03 80 05 40 09 20 11 10  -> 20 20 10 08 04 02 01 FF 
21 08 C1 06 01 00 01 00  -> 01 02 04 08 10 20 20 00 
[0;32mI (29215) idfzk: Hardcoded font_pang data:[0m
00 FE 22 22 FE 44 48 50 
40 FF 40 50 48 44 00 00 
80 7F 02 82 FF 04 04 04 
04 FF 04 04 04 06 04 00 
[0;32mI (29225) idfzk: Converted character data (first 16 bytes):[0m
80 80 88 88 88 88 88 FF 
88 88 88 88 88 80 80 00 
[0;32mI (29235) idfzk: Character data (first 16 bytes):[0m
80 80 88 88 88 88 88 FF 
88 88 88 88 88 80 80 00 
... (total 32 bytes)
[0;32mI (29325) idfzk: gt(c1=0xC1, c2=0xAC) = 2647, offset=0x00014AE0, base=0x00114FDE, total=0x00129ABE[0m
[0;32mI (29325) idfzk: Reading character at address: 0x00129ABE, size: 32 bytes[0m
[0;32mI (29455) idfzk: Original vs Converted data:[0m
00 40 20 40 17 FE 10 80  -> 40 40 42 CC 00 04 44 64 
00 A0 01 20 F3 FC 10 20  -> 5C 47 F4 44 44 44 04 00 
10 20 10 20 17 FE 10 20  -> 00 40 20 1F 20 44 44 44 
10 20 28 20 47 FE 00 00  -> 44 44 7F 44 44 44 44 00 
[0;32mI (29465) idfzk: Hardcoded font_pang data:[0m
00 FE 22 22 FE 44 48 50 
40 FF 40 50 48 44 00 00 
80 7F 02 82 FF 04 04 04 
04 FF 04 04 04 06 04 00 
[0;32mI (29475) idfzk: Converted character data (first 16 bytes):[0m
40 40 42 CC 00 04 44 64 
5C 47 F4 44 44 44 04 00 
[0;32mI (29485) idfzk: Character data (first 16 bytes):[0m
40 40 42 CC 00 04 44 64 
5C 47 F4 44 44 44 04 00 
... (total 32 bytes)
[0;33mW (29555) idfzk: WiFi disconnected[0m
[0;32mI (29555) idfzk: Attempting to reconnect...[0m
[0;32mI (29585) idfzk: gt(c1=0xBD, c2=0xD3) = 2310, offset=0x000120C0, base=0x00114FDE, total=0x0012709E[0m
[0;32mI (29585) idfzk: Reading character at address: 0x0012709E, size: 32 bytes[0m
[0;32mI (29715) idfzk: Original vs Converted data:[0m
10 80 10 40 13 FC 10 00  -> 10 10 10 FF 10 50 44 54 
FD 08 10 90 17 FE 10 40  -> 65 C6 44 64 54 44 40 00 
18 40 37 FE D0 88 11 08  -> 04 44 82 7F 01 82 82 4A 
10 90 10 60 51 98 26 04  -> 56 23 22 52 4E 82 02 00 
[0;32mI (29725) idfzk: Hardcoded font_pang data:[0m
00 FE 22 22 FE 44 48 50 
40 FF 40 50 48 44 00 00 
80 7F 02 82 FF 04 04 04 
04 FF 04 04 04 06 04 00 
[0;32mI (29735) idfzk: Converted character data (first 16 bytes):[0m
10 10 10 FF 10 50 44 54 
65 C6 44 64 54 44 40 00 
[0;32mI (29745) idfzk: Character data (first 16 bytes):[0m
10 10 10 FF 10 50 44 54 
65 C6 44 64 54 44 40 00 
... (total 32 bytes)
[0;32mI (29845) idfzk: gt(c1=0xC7, c2=0xEB) = 3274, offset=0x00019940, base=0x00114FDE, total=0x0012E91E[0m
[0;32mI (29845) idfzk: Reading character at address: 0x0012E91E, size: 32 bytes[0m
[0;32mI (29965) idfzk: Original vs Converted data:[0m
00 40 40 40 27 FC 20 40  -> 40 42 CC 00 00 44 54 54 
03 F8 00 40 E7 FE 20 00  -> 54 7F 54 54 54 44 40 00 
23 F8 22 08 23 F8 22 08  -> 00 00 7F 20 10 00 FF 15 
2B F8 32 08 22 28 02 10  -> 15 15 55 95 7F 00 00 00 
[0;32mI (29985) idfzk: Hardcoded font_pang data:[0m
00 FE 22 22 FE 44 48 50 
40 FF 40 50 48 44 00 00 
80 7F 02 82 FF 04 04 04 
04 FF 04 04 04 06 04 00 
[0;32mI (29995) idfzk: Converted character data (first 16 bytes):[0m
40 42 CC 00 00 44 54 54 
54 7F 54 54 54 44 40 00 
[0;32mI (30005) idfzk: Character data (first 16 bytes):[0m
40 42 CC 00 00 44 54 54 
54 7F 54 54 54 44 40 00 
... (total 32 bytes)
[0;32mI (30095) idfzk: gt(c1=0xCA, c2=0xB9) = 3506, offset=0x0001B640, base=0x00114FDE, total=0x0013061E[0m
[0;32mI (30095) idfzk: Reading character at address: 0x0013061E, size: 32 bytes[0m
[0;32mI (30225) idfzk: Original vs Converted data:[0m
10 40 10 40 1F FE 20 40  -> 80 60 F8 07 04 E4 24 24 
20 40 67 FC 64 44 A4 44  -> 24 FF 24 24 24 E4 04 00 
27 FC 20 40 22 40 21 40  -> 00 00 FF 00 80 81 45 29 
20 80 21 40 22 30 2C 0E  -> 11 2F 41 41 81 81 80 00 
[0;32mI (30235) idfzk: Hardcoded font_pang data:[0m
00 FE 22 22 FE 44 48 50 
40 FF 40 50 48 44 00 00 
80 7F 02 82 FF 04 04 04 
04 FF 04 04 04 06 04 00 
[0;32mI (30255) idfzk: Converted character data (first 16 bytes):[0m
80 60 F8 07 04 E4 24 24 
24 FF 24 24 24 E4 04 00 
[0;32mI (30265) idfzk: Character data (first 16 bytes):[0m
80 60 F8 07 04 E4 24 24 
24 FF 24 24 24 E4 04 00 
... (total 32 bytes)
[0;32mI (30355) idfzk: gt(c1=0xD3, c2=0xC3) = 4362, offset=0x00022140, base=0x00114FDE, total=0x0013711E[0m
[0;32mI (30355) idfzk: Reading character at address: 0x0013711E, size: 32 bytes[0m
[0;32mI (30485) idfzk: Original vs Converted data:[0m
00 00 3F F8 21 08 21 08  -> 00 00 FE 22 22 22 22 FE 
21 08 3F F8 21 08 21 08  -> 22 22 22 22 FE 00 00 00 
21 08 3F F8 21 08 21 08  -> 80 60 1F 02 02 02 02 7F 
21 08 41 08 41 28 80 10  -> 02 02 42 82 7F 00 00 00 
[0;32mI (30495) idfzk: Hardcoded font_pang data:[0m
00 FE 22 22 FE 44 48 50 
40 FF 40 50 48 44 00 00 
80 7F 02 82 FF 04 04 04 
04 FF 04 04 04 06 04 00 
[0;32mI (30515) idfzk: Converted character data (first 16 bytes):[0m
00 00 FE 22 22 22 22 FE 
22 22 22 22 FE 00 00 00 
[0;32mI (30525) idfzk: Character data (first 16 bytes):[0m
00 00 FE 22 22 22 22 FE 
22 22 22 22 FE 00 00 00 
... (total 32 bytes)
[0;32mI (30545) idfzk: Waiting for WiFi connection...[0m
[0;32mI (31645) idfzk: gt(c1=0xCE, c2=0xB4) = 3877, offset=0x0001E4A0, base=0x00114FDE, total=0x0013347E[0m
[0;32mI (31645) idfzk: Reading character at address: 0x0013347E, size: 32 bytes[0m
[0;32mI (31765) idfzk: Original vs Converted data:[0m
01 00 01 00 01 00 3F F8  -> 80 80 88 88 88 88 88 FF 
01 00 01 00 01 00 FF FE  -> 88 88 88 88 88 80 80 00 
03 80 05 40 09 20 11 10  -> 20 20 10 08 04 02 01 FF 
21 08 C1 06 01 00 01 00  -> 01 02 04 08 10 20 20 00 
[0;32mI (31785) idfzk: Hardcoded font_pang data:[0m
00 FE 22 22 FE 44 48 50 
40 FF 40 50 48 44 00 00 
80 7F 02 82 FF 04 04 04 
04 FF 04 04 04 06 04 00 
[0;32mI (31795) idfzk: Converted character data (first 16 bytes):[0m
80 80 88 88 88 88 88 FF 
88 88 88 88 88 80 80 00 
[0;32mI (31805) idfzk: Character data (first 16 bytes):[0m
80 80 88 88 88 88 88 FF 
88 88 88 88 88 80 80 00 
... (total 32 bytes)
[0;32mI (31895) idfzk: gt(c1=0xC1, c2=0xAC) = 2647, offset=0x00014AE0, base=0x00114FDE, total=0x00129ABE[0m
[0;32mI (31895) idfzk: Reading character at address: 0x00129ABE, size: 32 bytes[0m
[0;33mW (31965) idfzk: WiFi disconnected[0m
[0;32mI (31965) idfzk: Attempting to reconnect...[0m
[0;32mI (32025) idfzk: Original vs Converted data:[0m
00 40 20 40 17 FE 10 80  -> 40 40 42 CC 00 04 44 64 
00 A0 01 20 F3 FC 10 20  -> 5C 47 F4 44 44 44 04 00 
10 20 10 20 17 FE 10 20  -> 00 40 20 1F 20 44 44 44 
10 20 28 20 47 FE 00 00  -> 44 44 7F 44 44 44 44 00 
[0;32mI (32035) idfzk: Hardcoded font_pang data:[0m
00 FE 22 22 FE 44 48 50 
40 FF 40 50 48 44 00 00 
80 7F 02 82 FF 04 04 04 
04 FF 04 04 04 06 04 00 
[0;32mI (32055) idfzk: Converted character data (first 16 bytes):[0m
40 40 42 CC 00 04 44 64 
5C 47 F4 44 44 44 04 00 
[0;32mI (32065) idfzk: Character data (first 16 bytes):[0m
40 40 42 CC 00 04 44 64 
5C 47 F4 44 44 44 04 00 
... (total 32 bytes)
[0;32mI (32155) idfzk: gt(c1=0xBD, c2=0xD3) = 2310, offset=0x000120C0, base=0x00114FDE, total=0x0012709E[0m
[0;32mI (32155) idfzk: Reading character at address: 0x0012709E, size: 32 bytes[0m
[0;32mI (32285) idfzk: Original vs Converted data:[0m
10 80 10 40 13 FC 10 00  -> 10 10 10 FF 10 50 44 54 
FD 08 10 90 17 FE 10 40  -> 65 C6 44 64 54 44 40 00 
18 40 37 FE D0 88 11 08  -> 04 44 82 7F 01 82 82 4A 
10 90 10 60 51 98 26 04  -> 56 23 22 52 4E 82 02 00 
[0;32mI (32295) idfzk: Hardcoded font_pang data:[0m
00 FE 22 22 FE 44 48 50 
40 FF 40 50 48 44 00 00 
80 7F 02 82 FF 04 04 04 
04 FF 04 04 04 06 04 00 
[0;32mI (32305) idfzk: Converted character data (first 16 bytes):[0m
10 10 10 FF 10 50 44 54 
65 C6 44 64 54 44 40 00 
[0;32mI (32315) idfzk: Character data (first 16 bytes):[0m
10 10 10 FF 10 50 44 54 
65 C6 44 64 54 44 40 00 
... (total 32 bytes)
[0;32mI (32415) idfzk: gt(c1=0xC7, c2=0xEB) = 3274, offset=0x00019940, base=0x00114FDE, total=0x0012E91E[0m
[0;32mI (32415) idfzk: Reading character at address: 0x0012E91E, size: 32 bytes[0m
[0;32mI (32535) idfzk: Original vs Converted data:[0m
00 40 40 40 27 FC 20 40  -> 40 42 CC 00 00 44 54 54 
03 F8 00 40 E7 FE 20 00  -> 54 7F 54 54 54 44 40 00 
23 F8 22 08 23 F8 22 08  -> 00 00 7F 20 10 00 FF 15 
2B F8 32 08 22 28 02 10  -> 15 15 55 95 7F 00 00 00 
[0;32mI (32555) idfzk: Hardcoded font_pang data:[0m
00 FE 22 22 FE 44 48 50 
40 FF 40 50 48 44 00 00 
80 7F 02 82 FF 04 04 04 
04 FF 04 04 04 06 04 00 
[0;32mI (32565) idfzk: Converted character data (first 16 bytes):[0m
40 42 CC 00 00 44 54 54 
54 7F 54 54 54 44 40 00 
[0;32mI (32575) idfzk: Character data (first 16 bytes):[0m
40 42 CC 00 00 44 54 54 
54 7F 54 54 54 44 40 00 
... (total 32 bytes)
[0;32mI (32665) idfzk: gt(c1=0xCA, c2=0xB9) = 3506, offset=0x0001B640, base=0x00114FDE, total=0x0013061E[0m
[0;32mI (32665) idfzk: Reading character at address: 0x0013061E, size: 32 bytes[0m
[0;32mI (32795) idfzk: Original vs Converted data:[0m
10 40 10 40 1F FE 20 40  -> 80 60 F8 07 04 E4 24 24 
20 40 67 FC 64 44 A4 44  -> 24 FF 24 24 24 E4 04 00 
27 FC 20 40 22 40 21 40  -> 00 00 FF 00 80 81 45 29 
20 80 21 40 22 30 2C 0E  -> 11 2F 41 41 81 81 80 00 
[0;32mI (32805) idfzk: Hardcoded font_pang data:[0m
00 FE 22 22 FE 44 48 50 
40 FF 40 50 48 44 00 00 
80 7F 02 82 FF 04 04 04 
04 FF 04 04 04 06 04 00 
[0;32mI (32825) idfzk: Converted character data (first 16 bytes):[0m
80 60 F8 07 04 E4 24 24 
24 FF 24 24 24 E4 04 00 
[0;32mI (32835) idfzk: Character data (first 16 bytes):[0m
80 60 F8 07 04 E4 24 24 
24 FF 24 24 24 E4 04 00 
... (total 32 bytes)
[0;32mI (32925) idfzk: gt(c1=0xD3, c2=0xC3) = 4362, offset=0x00022140, base=0x00114FDE, total=0x0013711E[0m
[0;32mI (32925) idfzk: Reading character at address: 0x0013711E, size: 32 bytes[0m
[0;32mI (33055) idfzk: Original vs Converted data:[0m
00 00 3F F8 21 08 21 08  -> 00 00 FE 22 22 22 22 FE 
21 08 3F F8 21 08 21 08  -> 22 22 22 22 FE 00 00 00 
21 08 3F F8 21 08 21 08  -> 80 60 1F 02 02 02 02 7F 
21 08 41 08 41 28 80 10  -> 02 02 42 82 7F 00 00 00 
[0;32mI (33065) idfzk: Hardcoded font_pang data:[0m
00 FE 22 22 FE 44 48 50 
40 FF 40 50 48 44 00 00 
80 7F 02 82 FF 04 04 04 
04 FF 04 04 04 06 04 00 
[0;32mI (33075) idfzk: Converted character data (first 16 bytes):[0m
00 00 FE 22 22 22 22 FE 
22 22 22 22 FE 00 00 00 
[0;32mI (33085) idfzk: Character data (first 16 bytes):[0m
00 00 FE 22 22 22 22 FE 
22 22 22 22 FE 00 00 00 
... (total 32 bytes)
[0;32mI (33115) idfzk: Waiting for WiFi connection...[0m
[0;32mI (34215) idfzk: gt(c1=0xCE, c2=0xB4) = 3877, offset=0x0001E4A0, base=0x00114FDE, total=0x0013347E[0m
[0;32mI (34215) idfzk: Reading character at address: 0x0013347E, size: 32 bytes[0m
[0;32mI (34335) idfzk: Original vs Converted data:[0m
01 00 01 00 01 00 3F F8  -> 80 80 88 88 88 88 88 FF 
01 00 01 00 01 00 FF FE  -> 88 88 88 88 88 80 80 00 
03 80 05 40 09 20 11 10  -> 20 20 10 08 04 02 01 FF 
21 08 C1 06 01 00 01 00  -> 01 02 04 08 10 20 20 00 
[0;32mI (34355) idfzk: Hardcoded font_pang data:[0m
00 FE 22 22 FE 44 48 50 
40 FF 40 50 48 44 00 00 
80 7F 02 82 FF 04 04 04 
04 FF 04 04 04 06 04 00 
[0;32mI (34365) idfzk: Converted character data (first 16 bytes):[0m
80 80 88 88 88 88 88 FF 
88 88 88 88 88 80 80 00 
[0;32mI (34375) idfzk: Character data (first 16 bytes):[0m
[0;33mW (34375) idfzk: WiFi disconnected[0m
[0;32mI (34385) idfzk: Attempting to reconnect...[0m
80 80 88 88 88 88 88 FF 
88 88 88 88 88 80 80 00 
... (total 32 bytes)
[0;32mI (34475) idfzk: gt(c1=0xC1, c2=0xAC) = 2647, offset=0x00014AE0, base=0x00114FDE, total=0x00129ABE[0m
[0;32mI (34475) idfzk: Reading character at address: 0x00129ABE, size: 32 bytes[0m
[0;32mI (34605) idfzk: Original vs Converted data:[0m
00 40 20 40 17 FE 10 80  -> 40 40 42 CC 00 04 44 64 
00 A0 01 20 F3 FC 10 20  -> 5C 47 F4 44 44 44 04 00 
10 20 10 20 17 FE 10 20  -> 00 40 20 1F 20 44 44 44 
10 20 28 20 47 FE 00 00  -> 44 44 7F 44 44 44 44 00 
[0;32mI (34615) idfzk: Hardcoded font_pang data:[0m
00 FE 22 22 FE 44 48 50 
40 FF 40 50 48 44 00 00 
80 7F 02 82 FF 04 04 04 
04 FF 04 04 04 06 04 00 
[0;32mI (34625) idfzk: Converted character data (first 16 bytes):[0m
40 40 42 CC 00 04 44 64 
5C 47 F4 44 44 44 04 00 
[0;32mI (34635) idfzk: Character data (first 16 bytes):[0m
40 40 42 CC 00 04 44 64 
5C 47 F4 44 44 44 04 00 
... (total 32 bytes)
[0;32mI (34725) idfzk: gt(c1=0xBD, c2=0xD3) = 2310, offset=0x000120C0, base=0x00114FDE, total=0x0012709E[0m
[0;32mI (34735) idfzk: Reading character at address: 0x0012709E, size: 32 bytes[0m
[0;32mI (34855) idfzk: Original vs Converted data:[0m
10 80 10 40 13 FC 10 00  -> 10 10 10 FF 10 50 44 54 
FD 08 10 90 17 FE 10 40  -> 65 C6 44 64 54 44 40 00 
18 40 37 FE D0 88 11 08  -> 04 44 82 7F 01 82 82 4A 
10 90 10 60 51 98 26 04  -> 56 23 22 52 4E 82 02 00 
[0;32mI (34865) idfzk: Hardcoded font_pang data:[0m
00 FE 22 22 FE 44 48 50 
40 FF 40 50 48 44 00 00 
80 7F 02 82 FF 04 04 04 
04 FF 04 04 04 06 04 00 
[0;32mI (34885) idfzk: Converted character data (first 16 bytes):[0m
10 10 10 FF 10 50 44 54 
65 C6 44 64 54 44 40 00 
[0;32mI (34895) idfzk: Character data (first 16 bytes):[0m
10 10 10 FF 10 50 44 54 
65 C6 44 64 54 44 40 00 
... (total 32 bytes)
[0;32mI (34985) idfzk: gt(c1=0xC7, c2=0xEB) = 3274, offset=0x00019940, base=0x00114FDE, total=0x0012E91E[0m
[0;32mI (34985) idfzk: Reading character at address: 0x0012E91E, size: 32 bytes[0m
[0;32mI (35115) idfzk: Original vs Converted data:[0m
00 40 40 40 27 FC 20 40  -> 40 42 CC 00 00 44 54 54 
03 F8 00 40 E7 FE 20 00  -> 54 7F 54 54 54 44 40 00 
23 F8 22 08 23 F8 22 08  -> 00 00 7F 20 10 00 FF 15 
2B F8 32 08 22 28 02 10  -> 15 15 55 95 7F 00 00 00 
[0;32mI (35125) idfzk: Hardcoded font_pang data:[0m
00 FE 22 22 FE 44 48 50 
40 FF 40 50 48 44 00 00 
80 7F 02 82 FF 04 04 04 
04 FF 04 04 04 06 04 00 
[0;32mI (35135) idfzk: Converted character data (first 16 bytes):[0m
40 42 CC 00 00 44 54 54 
54 7F 54 54 54 44 40 00 
[0;32mI (35155) idfzk: Character data (first 16 bytes):[0m
40 42 CC 00 00 44 54 54 
54 7F 54 54 54 44 40 00 
... (total 32 bytes)
[0;32mI (35245) idfzk: gt(c1=0xCA, c2=0xB9) = 3506, offset=0x0001B640, base=0x00114FDE, total=0x0013061E[0m
[0;32mI (35245) idfzk: Reading character at address: 0x0013061E, size: 32 bytes[0m
[0;32mI (35375) idfzk: Original vs Converted data:[0m
10 40 10 40 1F FE 20 40  -> 80 60 F8 07 04 E4 24 24 
20 40 67 FC 64 44 A4 44  -> 24 FF 24 24 24 E4 04 00 
27 FC 20 40 22 40 21 40  -> 00 00 FF 00 80 81 45 29 
20 80 21 40 22 30 2C 0E  -> 11 2F 41 41 81 81 80 00 
[0;32mI (35385) idfzk: Hardcoded font_pang data:[0m
00 FE 22 22 FE 44 48 50 
40 FF 40 50 48 44 00 00 
80 7F 02 82 FF 04 04 04 
04 FF 04 04 04 06 04 00 
[0;32mI (35395) idfzk: Converted character data (first 16 bytes):[0m
80 60 F8 07 04 E4 24 24 
24 FF 24 24 24 E4 04 00 
[0;32mI (35405) idfzk: Character data (first 16 bytes):[0m
80 60 F8 07 04 E4 24 24 
24 FF 24 24 24 E4 04 00 
... (total 32 bytes)
[0;32mI (35505) idfzk: gt(c1=0xD3, c2=0xC3) = 4362, offset=0x00022140, base=0x00114FDE, total=0x0013711E[0m
[0;32mI (35505) idfzk: Reading character at address: 0x0013711E, size: 32 bytes[0m
[0;32mI (35625) idfzk: Original vs Converted data:[0m
00 00 3F F8 21 08 21 08  -> 00 00 FE 22 22 22 22 FE 
21 08 3F F8 21 08 21 08  -> 22 22 22 22 FE 00 00 00 
21 08 3F F8 21 08 21 08  -> 80 60 1F 02 02 02 02 7F 
21 08 41 08 41 28 80 10  -> 02 02 42 82 7F 00 00 00 
[0;32mI (35645) idfzk: Hardcoded font_pang data:[0m
00 FE 22 22 FE 44 48 50 
40 FF 40 50 48 44 00 00 
80 7F 02 82 FF 04 04 04 
04 FF 04 04 04 06 04 00 
[0;32mI (35655) idfzk: Converted character data (first 16 bytes):[0m
00 00 FE 22 22 22 22 FE 
22 22 22 22 FE 00 00 00 
[0;32mI (35665) idfzk: Character data (first 16 bytes):[0m
00 00 FE 22 22 22 22 FE 
22 22 22 22 FE 00 00 00 
... (total 32 bytes)
[0;32mI (35685) idfzk: Waiting for WiFi connection...[0m
[0;32mI (36785) idfzk: gt(c1=0xCE, c2=0xB4) = 3877, offset=0x0001E4A0, base=0x00114FDE, total=0x0013347E[0m
[0;32mI (36785) idfzk: Reading character at address: 0x0013347E, size: 32 bytes[0m
[0;33mW (36805) idfzk: WiFi disconnected[0m
[0;32mI (36805) idfzk: Attempting to reconnect...[0m
[0;32mI (36915) idfzk: Original vs Converted data:[0m
01 00 01 00 01 00 3F F8  -> 80 80 88 88 88 88 88 FF 
01 00 01 00 01 00 FF FE  -> 88 88 88 88 88 80 80 00 
03 80 05 40 09 20 11 10  -> 20 20 10 08 04 02 01 FF 
21 08 C1 06 01 00 01 00  -> 01 02 04 08 10 20 20 00 
[0;32mI (36925) idfzk: Hardcoded font_pang data:[0m
00 FE 22 22 FE 44 48 50 
40 FF 40 50 48 44 00 00 
80 7F 02 82 FF 04 04 04 
04 FF 04 04 04 06 04 00 
[0;32mI (36935) idfzk: Converted character data (first 16 bytes):[0m
80 80 88 88 88 88 88 FF 
88 88 88 88 88 80 80 00 
[0;32mI (36945) idfzk: Character data (first 16 bytes):[0m
80 80 88 88 88 88 88 FF 
88 88 88 88 88 80 80 00 
... (total 32 bytes)
[0;32mI (37035) idfzk: gt(c1=0xC1, c2=0xAC) = 2647, offset=0x00014AE0, base=0x00114FDE, total=0x00129ABE[0m
[0;32mI (37045) idfzk: Reading character at address: 0x00129ABE, size: 32 bytes[0m
[0;32mI (37165) idfzk: Original vs Converted data:[0m
00 40 20 40 17 FE 10 80  -> 40 40 42 CC 00 04 44 64 
00 A0 01 20 F3 FC 10 20  -> 5C 47 F4 44 44 44 04 00 
10 20 10 20 17 FE 10 20  -> 00 40 20 1F 20 44 44 44 
10 20 28 20 47 FE 00 00  -> 44 44 7F 44 44 44 44 00 
[0;32mI (37175) idfzk: Hardcoded font_pang data:[0m
00 FE 22 22 FE 44 48 50 
40 FF 40 50 48 44 00 00 
80 7F 02 82 FF 04 04 04 
04 FF 04 04 04 06 04 00 
[0;32mI (37195) idfzk: Converted character data (first 16 bytes):[0m
40 40 42 CC 00 04 44 64 
5C 47 F4 44 44 44 04 00 
[0;32mI (37205) idfzk: Character data (first 16 bytes):[0m
40 40 42 CC 00 04 44 64 
5C 47 F4 44 44 44 04 00 
... (total 32 bytes)
[0;32mI (37295) idfzk: gt(c1=0xBD, c2=0xD3) = 2310, offset=0x000120C0, base=0x00114FDE, total=0x0012709E[0m
[0;32mI (37295) idfzk: Reading character at address: 0x0012709E, size: 32 bytes[0m
[0;32mI (37425) idfzk: Original vs Converted data:[0m
10 80 10 40 13 FC 10 00  -> 10 10 10 FF 10 50 44 54 
FD 08 10 90 17 FE 10 40  -> 65 C6 44 64 54 44 40 00 
18 40 37 FE D0 88 11 08  -> 04 44 82 7F 01 82 82 4A 
10 90 10 60 51 98 26 04  -> 56 23 22 52 4E 82 02 00 
[0;32mI (37435) idfzk: Hardcoded font_pang data:[0m
00 FE 22 22 FE 44 48 50 
40 FF 40 50 48 44 00 00 
80 7F 02 82 FF 04 04 04 
04 FF 04 04 04 06 04 00 
[0;32mI (37445) idfzk: Converted character data (first 16 bytes):[0m
10 10 10 FF 10 50 44 54 
65 C6 44 64 54 44 40 00 
[0;32mI (37465) idfzk: Character data (first 16 bytes):[0m
10 10 10 FF 10 50 44 54 
65 C6 44 64 54 44 40 00 
... (total 32 bytes)
[0;32mI (37555) idfzk: gt(c1=0xC7, c2=0xEB) = 3274, offset=0x00019940, base=0x00114FDE, total=0x0012E91E[0m
[0;32mI (37555) idfzk: Reading character at address: 0x0012E91E, size: 32 bytes[0m
[0;32mI (37685) idfzk: Original vs Converted data:[0m
00 40 40 40 27 FC 20 40  -> 40 42 CC 00 00 44 54 54 
03 F8 00 40 E7 FE 20 00  -> 54 7F 54 54 54 44 40 00 
23 F8 22 08 23 F8 22 08  -> 00 00 7F 20 10 00 FF 15 
2B F8 32 08 22 28 02 10  -> 15 15 55 95 7F 00 00 00 
[0;32mI (37695) idfzk: Hardcoded font_pang data:[0m
00 FE 22 22 FE 44 48 50 
40 FF 40 50 48 44 00 00 
80 7F 02 82 FF 04 04 04 
04 FF 04 04 04 06 04 00 
[0;32mI (37705) idfzk: Converted character data (first 16 bytes):[0m
40 42 CC 00 00 44 54 54 
54 7F 54 54 54 44 40 00 
[0;32mI (37715) idfzk: Character data (first 16 bytes):[0m
40 42 CC 00 00 44 54 54 
54 7F 54 54 54 44 40 00 
... (total 32 bytes)
[0;32mI (37815) idfzk: gt(c1=0xCA, c2=0xB9) = 3506, offset=0x0001B640, base=0x00114FDE, total=0x0013061E[0m
[0;32mI (37815) idfzk: Reading character at address: 0x0013061E, size: 32 bytes[0m
[0;32mI (37935) idfzk: Original vs Converted data:[0m
10 40 10 40 1F FE 20 40  -> 80 60 F8 07 04 E4 24 24 
20 40 67 FC 64 44 A4 44  -> 24 FF 24 24 24 E4 04 00 
27 FC 20 40 22 40 21 40  -> 00 00 FF 00 80 81 45 29 
20 80 21 40 22 30 2C 0E  -> 11 2F 41 41 81 81 80 00 
[0;32mI (37955) idfzk: Hardcoded font_pang data:[0m
00 FE 22 22 FE 44 48 50 
40 FF 40 50 48 44 00 00 
80 7F 02 82 FF 04 04 04 
04 FF 04 04 04 06 04 00 
[0;32mI (37965) idfzk: Converted character data (first 16 bytes):[0m
80 60 F8 07 04 E4 24 24 
24 FF 24 24 24 E4 04 00 
[0;32mI (37975) idfzk: Character data (first 16 bytes):[0m
80 60 F8 07 04 E4 24 24 
24 FF 24 24 24 E4 04 00 
... (total 32 bytes)
[0;32mI (38065) idfzk: gt(c1=0xD3, c2=0xC3) = 4362, offset=0x00022140, base=0x00114FDE, total=0x0013711E[0m
[0;32mI (38065) idfzk: Reading character at address: 0x0013711E, size: 32 bytes[0m
[0;32mI (38195) idfzk: Original vs Converted data:[0m
00 00 3F F8 21 08 21 08  -> 00 00 FE 22 22 22 22 FE 
21 08 3F F8 21 08 21 08  -> 22 22 22 22 FE 00 00 00 
21 08 3F F8 21 08 21 08  -> 80 60 1F 02 02 02 02 7F 
21 08 41 08 41 28 80 10  -> 02 02 42 82 7F 00 00 00 
[0;32mI (38205) idfzk: Hardcoded font_pang data:[0m
00 FE 22 22 FE 44 48 50 
40 FF 40 50 48 44 00 00 
80 7F 02 82 FF 04 04 04 
04 FF 04 04 04 06 04 00 
[0;32mI (38225) idfzk: Converted character data (first 16 bytes):[0m
00 00 FE 22 22 22 22 FE 
22 22 22 22 FE 00 00 00 
[0;32mI (38235) idfzk: Character data (first 16 bytes):[0m
00 00 FE 22 22 22 22 FE 
22 22 22 22 FE 00 00 00 
... (total 32 bytes)
[0;32mI (38255) idfzk: Waiting for WiFi connection...[0m
[0;33mW (39215) idfzk: WiFi disconnected[0m
[0;32mI (39215) idfzk: Attempting to reconnect...[0m
[0;32mI (39355) idfzk: gt(c1=0xCE, c2=0xB4) = 3877, offset=0x0001E4A0, base=0x00114FDE, total=0x0013347E[0m
[0;32mI (39355) idfzk: Reading character at address: 0x0013347E, size: 32 bytes[0m
[0;32mI (39485) idfzk: Original vs Converted data:[0m
01 00 01 00 01 00 3F F8  -> 80 80 88 88 88 88 88 FF 
01 00 01 00 01 00 FF FE  -> 88 88 88 88 88 80 80 00 
03 80 05 40 09 20 11 10  -> 20 20 10 08 04 02 01 FF 
21 08 C1 06 01 00 01 00  -> 01 02 04 08 10 20 20 00 
[0;32mI (39495) idfzk: Hardcoded font_pang data:[0m
00 FE 22 22 FE 44 48 50 
40 FF 40 50 48 44 00 00 
80 7F 02 82 FF 04 04 04 
04 FF 04 04 04 06 04 00 
[0;32mI (39505) idfzk: Converted character data (first 16 bytes):[0m
80 80 88 88 88 88 88 FF 
88 88 88 88 88 80 80 00 
[0;32mI (39515) idfzk: Character data (first 16 bytes):[0m
80 80 88 88 88 88 88 FF 
88 88 88 88 88 80 80 00 
... (total 32 bytes)
[0;32mI (39615) idfzk: gt(c1=0xC1, c2=0xAC) = 2647, offset=0x00014AE0, base=0x00114FDE, total=0x00129ABE[0m
[0;32mI (39615) idfzk: Reading character at address: 0x00129ABE, size: 32 bytes[0m
[0;32mI (39735) idfzk: Original vs Converted data:[0m
00 40 20 40 17 FE 10 80  -> 40 40 42 CC 00 04 44 64 
00 A0 01 20 F3 FC 10 20  -> 5C 47 F4 44 44 44 04 00 
10 20 10 20 17 FE 10 20  -> 00 40 20 1F 20 44 44 44 
10 20 28 20 47 FE 00 00  -> 44 44 7F 44 44 44 44 00 
[0;32mI (39755) idfzk: Hardcoded font_pang data:[0m
00 FE 22 22 FE 44 48 50 
40 FF 40 50 48 44 00 00 
80 7F 02 82 FF 04 04 04 
04 FF 04 04 04 06 04 00 
[0;32mI (39765) idfzk: Converted character data (first 16 bytes):[0m
40 40 42 CC 00 04 44 64 
5C 47 F4 44 44 44 04 00 
[0;32mI (39775) idfzk: Character data (first 16 bytes):[0m
40 40 42 CC 00 04 44 64 
5C 47 F4 44 44 44 04 00 
... (total 32 bytes)
[0;32mI (39865) idfzk: gt(c1=0xBD, c2=0xD3) = 2310, offset=0x000120C0, base=0x00114FDE, total=0x0012709E[0m
[0;32mI (39865) idfzk: Reading character at address: 0x0012709E, size: 32 bytes[0m
[0;32mI (39995) idfzk: Original vs Converted data:[0m
10 80 10 40 13 FC 10 00  -> 10 10 10 FF 10 50 44 54 
FD 08 10 90 17 FE 10 40  -> 65 C6 44 64 54 44 40 00 
18 40 37 FE D0 88 11 08  -> 04 44 82 7F 01 82 82 4A 
10 90 10 60 51 98 26 04  -> 56 23 22 52 4E 82 02 00 
[0;32mI (40005) idfzk: Hardcoded font_pang data:[0m
00 FE 22 22 FE 44 48 50 
40 FF 40 50 48 44 00 00 
80 7F 02 82 FF 04 04 04 
04 FF 04 04 04 06 04 00 
[0;32mI (40025) idfzk: Converted character data (first 16 bytes):[0m
10 10 10 FF 10 50 44 54 
65 C6 44 64 54 44 40 00 
[0;32mI (40035) idfzk: Character data (first 16 bytes):[0m
10 10 10 FF 10 50 44 54 
65 C6 44 64 54 44 40 00 
... (total 32 bytes)
[0;32mI (40125) idfzk: gt(c1=0xC7, c2=0xEB) = 3274, offset=0x00019940, base=0x00114FDE, total=0x0012E91E[0m
[0;32mI (40125) idfzk: Reading character at address: 0x0012E91E, size: 32 bytes[0m
[0;32mI (40255) idfzk: Original vs Converted data:[0m
00 40 40 40 27 FC 20 40  -> 40 42 CC 00 00 44 54 54 
03 F8 00 40 E7 FE 20 00  -> 54 7F 54 54 54 44 40 00 
23 F8 22 08 23 F8 22 08  -> 00 00 7F 20 10 00 FF 15 
2B F8 32 08 22 28 02 10  -> 15 15 55 95 7F 00 00 00 
[0;32mI (40265) idfzk: Hardcoded font_pang data:[0m
00 FE 22 22 FE 44 48 50 
40 FF 40 50 48 44 00 00 
80 7F 02 82 FF 04 04 04 
04 FF 04 04 04 06 04 00 
[0;32mI (40275) idfzk: Converted character data (first 16 bytes):[0m
40 42 CC 00 00 44 54 54 
54 7F 54 54 54 44 40 00 
[0;32mI (40285) idfzk: Character data (first 16 bytes):[0m
40 42 CC 00 00 44 54 54 
54 7F 54 54 54 44 40 00 
... (total 32 bytes)
[0;32mI (40385) idfzk: gt(c1=0xCA, c2=0xB9) = 3506, offset=0x0001B640, base=0x00114FDE, total=0x0013061E[0m
[0;32mI (40385) idfzk: Reading character at address: 0x0013061E, size: 32 bytes[0m
[0;32mI (40515) idfzk: Original vs Converted data:[0m
10 40 10 40 1F FE 20 40  -> 80 60 F8 07 04 E4 24 24 
20 40 67 FC 64 44 A4 44  -> 24 FF 24 24 24 E4 04 00 
27 FC 20 40 22 40 21 40  -> 00 00 FF 00 80 81 45 29 
20 80 21 40 22 30 2C 0E  -> 11 2F 41 41 81 81 80 00 
[0;32mI (40525) idfzk: Hardcoded font_pang data:[0m
00 FE 22 22 FE 44 48 50 
40 FF 40 50 48 44 00 00 
80 7F 02 82 FF 04 04 04 
04 FF 04 04 04 06 04 00 
[0;32mI (40535) idfzk: Converted character data (first 16 bytes):[0m
80 60 F8 07 04 E4 24 24 
24 FF 24 24 24 E4 04 00 
[0;32mI (40545) idfzk: Character data (first 16 bytes):[0m
80 60 F8 07 04 E4 24 24 
24 FF 24 24 24 E4 04 00 
... (total 32 bytes)
[0;32mI (40635) idfzk: gt(c1=0xD3, c2=0xC3) = 4362, offset=0x00022140, base=0x00114FDE, total=0x0013711E[0m
[0;32mI (40635) idfzk: Reading character at address: 0x0013711E, size: 32 bytes[0m
[0;32mI (40765) idfzk: Original vs Converted data:[0m
00 00 3F F8 21 08 21 08  -> 00 00 FE 22 22 22 22 FE 
21 08 3F F8 21 08 21 08  -> 22 22 22 22 FE 00 00 00 
21 08 3F F8 21 08 21 08  -> 80 60 1F 02 02 02 02 7F 
21 08 41 08 41 28 80 10  -> 02 02 42 82 7F 00 00 00 
[0;32mI (40775) idfzk: Hardcoded font_pang data:[0m
00 FE 22 22 FE 44 48 50 
40 FF 40 50 48 44 00 00 
80 7F 02 82 FF 04 04 04 
04 FF 04 04 04 06 04 00 
[0;32mI (40795) idfzk: Converted character data (first 16 bytes):[0m
00 00 FE 22 22 22 22 FE 
22 22 22 22 FE 00 00 00 
[0;32mI (40805) idfzk: Character data (first 16 bytes):[0m
00 00 FE 22 22 22 22 FE 
22 22 22 22 FE 00 00 00 
... (total 32 bytes)
[0;32mI (40825) idfzk: Waiting for WiFi connection...[0m
[0;33mW (41625) idfzk: WiFi disconnected[0m
[0;32mI (41625) idfzk: Attempting to reconnect...[0m
[0;32mI (41925) idfzk: gt(c1=0xCE, c2=0xB4) = 3877, offset=0x0001E4A0, base=0x00114FDE, total=0x0013347E[0m
[0;32mI (41925) idfzk: Reading character at address: 0x0013347E, size: 32 bytes[0m
[0;32mI (42055) idfzk: Original vs Converted data:[0m
01 00 01 00 01 00 3F F8  -> 80 80 88 88 88 88 88 FF 
01 00 01 00 01 00 FF FE  -> 88 88 88 88 88 80 80 00 
03 80 05 40 09 20 11 10  -> 20 20 10 08 04 02 01 FF 
21 08 C1 06 01 00 01 00  -> 01 02 04 08 10 20 20 00 
[0;32mI (42065) idfzk: Hardcoded font_pang data:[0m
00 FE 22 22 FE 44 48 50 
40 FF 40 50 48 44 00 00 
80 7F 02 82 FF 04 04 04 
04 FF 04 04 04 06 04 00 
[0;32mI (42075) idfzk: Converted character data (first 16 bytes):[0m
80 80 88 88 88 88 88 FF 
88 88 88 88 88 80 80 00 
[0;32mI (42085) idfzk: Character data (first 16 bytes):[0m
80 80 88 88 88 88 88 FF 
88 88 88 88 88 80 80 00 
... (total 32 bytes)
[0;32mI (42175) idfzk: gt(c1=0xC1, c2=0xAC) = 2647, offset=0x00014AE0, base=0x00114FDE, total=0x00129ABE[0m
[0;32mI (42185) idfzk: Reading character at address: 0x00129ABE, size: 32 bytes[0m
[0;32mI (42305) idfzk: Original vs Converted data:[0m
00 40 20 40 17 FE 10 80  -> 40 40 42 CC 00 04 44 64 
00 A0 01 20 F3 FC 10 20  -> 5C 47 F4 44 44 44 04 00 
10 20 10 20 17 FE 10 20  -> 00 40 20 1F 20 44 44 44 
10 20 28 20 47 FE 00 00  -> 44 44 7F 44 44 44 44 00 
[0;32mI (42325) idfzk: Hardcoded font_pang data:[0m
00 FE 22 22 FE 44 48 50 
40 FF 40 50 48 44 00 00 
80 7F 02 82 FF 04 04 04 
04 FF 04 04 04 06 04 00 
[0;32mI (42335) idfzk: Converted character data (first 16 bytes):[0m
40 40 42 CC 00 04 44 64 
5C 47 F4 44 44 44 04 00 
[0;32mI (42345) idfzk: Character data (first 16 bytes):[0m
40 40 42 CC 00 04 44 64 
5C 47 F4 44 44 44 04 00 
... (total 32 bytes)
[0;32mI (42435) idfzk: gt(c1=0xBD, c2=0xD3) = 2310, offset=0x000120C0, base=0x00114FDE, total=0x0012709E[0m
[0;32mI (42435) idfzk: Reading character at address: 0x0012709E, size: 32 bytes[0m
[0;32mI (42565) idfzk: Original vs Converted data:[0m
10 80 10 40 13 FC 10 00  -> 10 10 10 FF 10 50 44 54 
FD 08 10 90 17 FE 10 40  -> 65 C6 44 64 54 44 40 00 
18 40 37 FE D0 88 11 08  -> 04 44 82 7F 01 82 82 4A 
10 90 10 60 51 98 26 04  -> 56 23 22 52 4E 82 02 00 
[0;32mI (42575) idfzk: Hardcoded font_pang data:[0m
00 FE 22 22 FE 44 48 50 
40 FF 40 50 48 44 00 00 
80 7F 02 82 FF 04 04 04 
04 FF 04 04 04 06 04 00 
[0;32mI (42585) idfzk: Converted character data (first 16 bytes):[0m
10 10 10 FF 10 50 44 54 
65 C6 44 64 54 44 40 00 
[0;32mI (42605) idfzk: Character data (first 16 bytes):[0m
10 10 10 FF 10 50 44 54 
65 C6 44 64 54 44 40 00 
... (total 32 bytes)
[0;32mI (42695) idfzk: gt(c1=0xC7, c2=0xEB) = 3274, offset=0x00019940, base=0x00114FDE, total=0x0012E91E[0m
[0;32mI (42695) idfzk: Reading character at address: 0x0012E91E, size: 32 bytes[0m
[0;32mI (42815) idfzk: Original vs Converted data:[0m
00 40 40 40 27 FC 20 40  -> 40 42 CC 00 00 44 54 54 
03 F8 00 40 E7 FE 20 00  -> 54 7F 54 54 54 44 40 00 
23 F8 22 08 23 F8 22 08  -> 00 00 7F 20 10 00 FF 15 
2B F8 32 08 22 28 02 10  -> 15 15 55 95 7F 00 00 00 
[0;32mI (42835) idfzk: Hardcoded font_pang data:[0m
00 FE 22 22 FE 44 48 50 
40 FF 40 50 48 44 00 00 
80 7F 02 82 FF 04 04 04 
04 FF 04 04 04 06 04 00 
[0;32mI (42845) idfzk: Converted character data (first 16 bytes):[0m
40 42 CC 00 00 44 54 54 
54 7F 54 54 54 44 40 00 
[0;32mI (42855) idfzk: Character data (first 16 bytes):[0m
40 42 CC 00 00 44 54 54 
54 7F 54 54 54 44 40 00 
... (total 32 bytes)
[0;32mI (42945) idfzk: gt(c1=0xCA, c2=0xB9) = 3506, offset=0x0001B640, base=0x00114FDE, total=0x0013061E[0m
[0;32mI (42945) idfzk: Reading character at address: 0x0013061E, size: 32 bytes[0m
[0;32mI (43075) idfzk: Original vs Converted data:[0m
10 40 10 40 1F FE 20 40  -> 80 60 F8 07 04 E4 24 24 
20 40 67 FC 64 44 A4 44  -> 24 FF 24 24 24 E4 04 00 
27 FC 20 40 22 40 21 40  -> 00 00 FF 00 80 81 45 29 
20 80 21 40 22 30 2C 0E  -> 11 2F 41 41 81 81 80 00 
[0;32mI (43085) idfzk: Hardcoded font_pang data:[0m
00 FE 22 22 FE 44 48 50 
40 FF 40 50 48 44 00 00 
80 7F 02 82 FF 04 04 04 
04 FF 04 04 04 06 04 00 
[0;32mI (43105) idfzk: Converted character data (first 16 bytes):[0m
80 60 F8 07 04 E4 24 24 
24 FF 24 24 24 E4 04 00 
[0;32mI (43115) idfzk: Character data (first 16 bytes):[0m
80 60 F8 07 04 E4 24 24 
24 FF 24 24 24 E4 04 00 
... (total 32 bytes)
[0;32mI (43205) idfzk: gt(c1=0xD3, c2=0xC3) = 4362, offset=0x00022140, base=0x00114FDE, total=0x0013711E[0m
[0;32mI (43205) idfzk: Reading character at address: 0x0013711E, size: 32 bytes[0m
[0;32mI (43335) idfzk: Original vs Converted data:[0m
00 00 3F F8 21 08 21 08  -> 00 00 FE 22 22 22 22 FE 
21 08 3F F8 21 08 21 08  -> 22 22 22 22 FE 00 00 00 
21 08 3F F8 21 08 21 08  -> 80 60 1F 02 02 02 02 7F 
21 08 41 08 41 28 80 10  -> 02 02 42 82 7F 00 00 00 
[0;32mI (43345) idfzk: Hardcoded font_pang data:[0m
00 FE 22 22 FE 44 48 50 
40 FF 40 50 48 44 00 00 
80 7F 02 82 FF 04 04 04 
04 FF 04 04 04 06 04 00 
[0;32mI (43355) idfzk: Converted character data (first 16 bytes):[0m
00 00 FE 22 22 22 22 FE 
22 22 22 22 FE 00 00 00 
[0;32mI (43365) idfzk: Character data (first 16 bytes):[0m
00 00 FE 22 22 22 22 FE 
22 22 22 22 FE 00 00 00 
... (total 32 bytes)
[0;32mI (43385) idfzk: Waiting for WiFi connection...[0m
[0;33mW (44045) idfzk: WiFi disconnected[0m
[0;32mI (44045) idfzk: Attempting to reconnect...[0m
[0;32mI (44495) idfzk: gt(c1=0xCE, c2=0xB4) = 3877, offset=0x0001E4A0, base=0x00114FDE, total=0x0013347E[0m
[0;32mI (44495) idfzk: Reading character at address: 0x0013347E, size: 32 bytes[0m
[0;32mI (44625) idfzk: Original vs Converted data:[0m
01 00 01 00 01 00 3F F8  -> 80 80 88 88 88 88 88 FF 
01 00 01 00 01 00 FF FE  -> 88 88 88 88 88 80 80 00 
03 80 05 40 09 20 11 10  -> 20 20 10 08 04 02 01 FF 
21 08 C1 06 01 00 01 00  -> 01 02 04 08 10 20 20 00 
[0;32mI (44635) idfzk: Hardcoded font_pang data:[0m
00 FE 22 22 FE 44 48 50 
40 FF 40 50 48 44 00 00 
80 7F 02 82 FF 04 04 04 
04 FF 04 04 04 06 04 00 
[0;32mI (44645) idfzk: Converted character data (first 16 bytes):[0m
80 80 88 88 88 88 88 FF 
88 88 88 88 88 80 80 00 
[0;32mI (44655) idfzk: Character data (first 16 bytes):[0m
80 80 88 88 88 88 88 FF 
88 88 88 88 88 80 80 00 
... (total 32 bytes)
[0;32mI (44745) idfzk: gt(c1=0xC1, c2=0xAC) = 2647, offset=0x00014AE0, base=0x00114FDE, total=0x00129ABE[0m
[0;32mI (44745) idfzk: Reading character at address: 0x00129ABE, size: 32 bytes[0m
[0;32mI (44875) idfzk: Original vs Converted data:[0m
00 40 20 40 17 FE 10 80  -> 40 40 42 CC 00 04 44 64 
00 A0 01 20 F3 FC 10 20  -> 5C 47 F4 44 44 44 04 00 
10 20 10 20 17 FE 10 20  -> 00 40 20 1F 20 44 44 44 
10 20 28 20 47 FE 00 00  -> 44 44 7F 44 44 44 44 00 
[0;32mI (44895) idfzk: Hardcoded font_pang data:[0m
00 FE 22 22 FE 44 48 50 
40 FF 40 50 48 44 00 00 
80 7F 02 82 FF 04 04 04 
04 FF 04 04 04 06 04 00 
[0;32mI (44905) idfzk: Converted character data (first 16 bytes):[0m
40 40 42 CC 00 04 44 64 
5C 47 F4 44 44 44 04 00 
[0;32mI (44915) idfzk: Character data (first 16 bytes):[0m
40 40 42 CC 00 04 44 64 
5C 47 F4 44 44 44 04 00 
... (total 32 bytes)
[0;32mI (45005) idfzk: gt(c1=0xBD, c2=0xD3) = 2310, offset=0x000120C0, base=0x00114FDE, total=0x0012709E[0m
[0;32mI (45005) idfzk: Reading character at address: 0x0012709E, size: 32 bytes[0m
[0;32mI (45135) idfzk: Original vs Converted data:[0m
10 80 10 40 13 FC 10 00  -> 10 10 10 FF 10 50 44 54 
FD 08 10 90 17 FE 10 40  -> 65 C6 44 64 54 44 40 00 
18 40 37 FE D0 88 11 08  -> 04 44 82 7F 01 82 82 4A 
10 90 10 60 51 98 26 04  -> 56 23 22 52 4E 82 02 00 
[0;32mI (45145) idfzk: Hardcoded font_pang data:[0m
00 FE 22 22 FE 44 48 50 
40 FF 40 50 48 44 00 00 
80 7F 02 82 FF 04 04 04 
04 FF 04 04 04 06 04 00 
[0;32mI (45155) idfzk: Converted character data (first 16 bytes):[0m
10 10 10 FF 10 50 44 54 
65 C6 44 64 54 44 40 00 
[0;32mI (45175) idfzk: Character data (first 16 bytes):[0m
10 10 10 FF 10 50 44 54 
65 C6 44 64 54 44 40 00 
... (total 32 bytes)
[0;32mI (45265) idfzk: gt(c1=0xC7, c2=0xEB) = 3274, offset=0x00019940, base=0x00114FDE, total=0x0012E91E[0m
[0;32mI (45265) idfzk: Reading character at address: 0x0012E91E, size: 32 bytes[0m
[0;32mI (45395) idfzk: Original vs Converted data:[0m
00 40 40 40 27 FC 20 40  -> 40 42 CC 00 00 44 54 54 
03 F8 00 40 E7 FE 20 00  -> 54 7F 54 54 54 44 40 00 
23 F8 22 08 23 F8 22 08  -> 00 00 7F 20 10 00 FF 15 
2B F8 32 08 22 28 02 10  -> 15 15 55 95 7F 00 00 00 
[0;32mI (45405) idfzk: Hardcoded font_pang data:[0m
00 FE 22 22 FE 44 48 50 
40 FF 40 50 48 44 00 00 
80 7F 02 82 FF 04 04 04 
04 FF 04 04 04 06 04 00 
[0;32mI (45415) idfzk: Converted character data (first 16 bytes):[0m
40 42 CC 00 00 44 54 54 
54 7F 54 54 54 44 40 00 
[0;32mI (45425) idfzk: Character data (first 16 bytes):[0m
40 42 CC 00 00 44 54 54 
54 7F 54 54 54 44 40 00 
... (total 32 bytes)
[0;32mI (45515) idfzk: gt(c1=0xCA, c2=0xB9) = 3506, offset=0x0001B640, base=0x00114FDE, total=0x0013061E[0m
[0;32mI (45515) idfzk: Reading character at address: 0x0013061E, size: 32 bytes[0m
[0;32mI (45645) idfzk: Original vs Converted data:[0m
10 40 10 40 1F FE 20 40  -> 80 60 F8 07 04 E4 24 24 
20 40 67 FC 64 44 A4 44  -> 24 FF 24 24 24 E4 04 00 
27 FC 20 40 22 40 21 40  -> 00 00 FF 00 80 81 45 29 
20 80 21 40 22 30 2C 0E  -> 11 2F 41 41 81 81 80 00 
[0;32mI (45655) idfzk: Hardcoded font_pang data:[0m
00 FE 22 22 FE 44 48 50 
40 FF 40 50 48 44 00 00 
80 7F 02 82 FF 04 04 04 
04 FF 04 04 04 06 04 00 
[0;32mI (45675) idfzk: Converted character data (first 16 bytes):[0m
80 60 F8 07 04 E4 24 24 
24 FF 24 24 24 E4 04 00 
[0;32mI (45685) idfzk: Character data (first 16 bytes):[0m
80 60 F8 07 04 E4 24 24 
24 FF 24 24 24 E4 04 00 
... (total 32 bytes)
[0;32mI (45775) idfzk: gt(c1=0xD3, c2=0xC3) = 4362, offset=0x00022140, base=0x00114FDE, total=0x0013711E[0m
[0;32mI (45775) idfzk: Reading character at address: 0x0013711E, size: 32 bytes[0m
[0;32mI (45905) idfzk: Original vs Converted data:[0m
00 00 3F F8 21 08 21 08  -> 00 00 FE 22 22 22 22 FE 
21 08 3F F8 21 08 21 08  -> 22 22 22 22 FE 00 00 00 
21 08 3F F8 21 08 21 08  -> 80 60 1F 02 02 02 02 7F 
21 08 41 08 41 28 80 10  -> 02 02 42 82 7F 00 00 00 
